000	/home/xqian/toolkit-dev/wcp-porting-img/sbnd/sbnd_xin/xin-round3-samples/mc-nuecc/reco1/reco1-detsim-g4-filter-gen-0283-a121-ab33-c596_nuecc.root
001	/home/xqian/toolkit-dev/wcp-porting-img/sbnd/sbnd_xin/xin-round3-samples/mc-nuecc/reco1/reco1-detsim-g4-filter-gen-029d-ec38-866b-9bf4_nuecc.root
002	/home/xqian/toolkit-dev/wcp-porting-img/sbnd/sbnd_xin/xin-round3-samples/mc-nuecc/reco1/reco1-detsim-g4-filter-gen-06c6-b81a-2236-8bf4_nuecc.root
003	/home/xqian/toolkit-dev/wcp-porting-img/sbnd/sbnd_xin/xin-round3-samples/mc-nuecc/reco1/reco1-detsim-g4-filter-gen-0753-1ec2-9ea1-47c5_nuecc.root
004	/home/xqian/toolkit-dev/wcp-porting-img/sbnd/sbnd_xin/xin-round3-samples/mc-nuecc/reco1/reco1-detsim-g4-filter-gen-099c-0d1f-36c9-4a75_nuecc.root
005	/home/xqian/toolkit-dev/wcp-porting-img/sbnd/sbnd_xin/xin-round3-samples/mc-nuecc/reco1/reco1-detsim-g4-filter-gen-0cdc-e8e4-6f23-edd5_nuecc.root
006	/home/xqian/toolkit-dev/wcp-porting-img/sbnd/sbnd_xin/xin-round3-samples/mc-nuecc/reco1/reco1-detsim-g4-filter-gen-0d43-aa2e-b8c3-54e0_nuecc.root
007	/home/xqian/toolkit-dev/wcp-porting-img/sbnd/sbnd_xin/xin-round3-samples/mc-nuecc/reco1/reco1-detsim-g4-filter-gen-0d8e-6e1b-8d2a-d18d_nuecc.root
008	/home/xqian/toolkit-dev/wcp-porting-img/sbnd/sbnd_xin/xin-round3-samples/mc-nuecc/reco1/reco1-detsim-g4-filter-gen-0dc2-5db0-ca0e-a346_nuecc.root
009	/home/xqian/toolkit-dev/wcp-porting-img/sbnd/sbnd_xin/xin-round3-samples/mc-nuecc/reco1/reco1-detsim-g4-filter-gen-0de4-1917-6919-c2ad_nuecc.root
010	/home/xqian/toolkit-dev/wcp-porting-img/sbnd/sbnd_xin/xin-round3-samples/mc-nuecc/reco1/reco1-detsim-g4-filter-gen-0e5b-72ab-f199-c46e_nuecc.root
011	/home/xqian/toolkit-dev/wcp-porting-img/sbnd/sbnd_xin/xin-round3-samples/mc-nuecc/reco1/reco1-detsim-g4-filter-gen-0f0b-3271-af6a-9106_nuecc.root
012	/home/xqian/toolkit-dev/wcp-porting-img/sbnd/sbnd_xin/xin-round3-samples/mc-nuecc/reco1/reco1-detsim-g4-filter-gen-106b-b5ce-662c-2f7f_nuecc.root
013	/home/xqian/toolkit-dev/wcp-porting-img/sbnd/sbnd_xin/xin-round3-samples/mc-nuecc/reco1/reco1-detsim-g4-filter-gen-12cf-05ca-1978-b7e3_nuecc.root
014	/home/xqian/toolkit-dev/wcp-porting-img/sbnd/sbnd_xin/xin-round3-samples/mc-nuecc/reco1/reco1-detsim-g4-filter-gen-134d-73da-dfcc-60c3_nuecc.root
015	/home/xqian/toolkit-dev/wcp-porting-img/sbnd/sbnd_xin/xin-round3-samples/mc-nuecc/reco1/reco1-detsim-g4-filter-gen-1384-f5a5-c1ff-d4aa_nuecc.root
016	/home/xqian/toolkit-dev/wcp-porting-img/sbnd/sbnd_xin/xin-round3-samples/mc-nuecc/reco1/reco1-detsim-g4-filter-gen-1529-2e59-bae3-4ec3_nuecc.root
017	/home/xqian/toolkit-dev/wcp-porting-img/sbnd/sbnd_xin/xin-round3-samples/mc-nuecc/reco1/reco1-detsim-g4-filter-gen-19cd-3d0f-5f36-9762_nuecc.root
018	/home/xqian/toolkit-dev/wcp-porting-img/sbnd/sbnd_xin/xin-round3-samples/mc-nuecc/reco1/reco1-detsim-g4-filter-gen-1ac4-7328-e737-4662_nuecc.root
019	/home/xqian/toolkit-dev/wcp-porting-img/sbnd/sbnd_xin/xin-round3-samples/mc-nuecc/reco1/reco1-detsim-g4-filter-gen-1c1c-633a-bc66-a7dc_nuecc.root
020	/home/xqian/toolkit-dev/wcp-porting-img/sbnd/sbnd_xin/xin-round3-samples/mc-nuecc/reco1/reco1-detsim-g4-filter-gen-1e6c-9f56-6707-7d33_nuecc.root
021	/home/xqian/toolkit-dev/wcp-porting-img/sbnd/sbnd_xin/xin-round3-samples/mc-nuecc/reco1/reco1-detsim-g4-filter-gen-1ed3-e0a7-3061-db4f_nuecc.root
022	/home/xqian/toolkit-dev/wcp-porting-img/sbnd/sbnd_xin/xin-round3-samples/mc-nuecc/reco1/reco1-detsim-g4-filter-gen-21f5-8432-6192-00e8_nuecc.root
023	/home/xqian/toolkit-dev/wcp-porting-img/sbnd/sbnd_xin/xin-round3-samples/mc-nuecc/reco1/reco1-detsim-g4-filter-gen-2288-8a04-4afc-4d4e_nuecc.root
024	/home/xqian/toolkit-dev/wcp-porting-img/sbnd/sbnd_xin/xin-round3-samples/mc-nuecc/reco1/reco1-detsim-g4-filter-gen-2326-7354-00a7-50fa_nuecc.root
025	/home/xqian/toolkit-dev/wcp-porting-img/sbnd/sbnd_xin/xin-round3-samples/mc-nuecc/reco1/reco1-detsim-g4-filter-gen-235c-8220-750a-be38_nuecc.root
026	/home/xqian/toolkit-dev/wcp-porting-img/sbnd/sbnd_xin/xin-round3-samples/mc-nuecc/reco1/reco1-detsim-g4-filter-gen-244c-024d-5d0b-fe49_nuecc.root
027	/home/xqian/toolkit-dev/wcp-porting-img/sbnd/sbnd_xin/xin-round3-samples/mc-nuecc/reco1/reco1-detsim-g4-filter-gen-2798-e723-859a-80dd_nuecc.root
028	/home/xqian/toolkit-dev/wcp-porting-img/sbnd/sbnd_xin/xin-round3-samples/mc-nuecc/reco1/reco1-detsim-g4-filter-gen-2804-8bc0-7b56-6635_nuecc.root
029	/home/xqian/toolkit-dev/wcp-porting-img/sbnd/sbnd_xin/xin-round3-samples/mc-nuecc/reco1/reco1-detsim-g4-filter-gen-29e7-dc9e-fd81-b440_nuecc.root
030	/home/xqian/toolkit-dev/wcp-porting-img/sbnd/sbnd_xin/xin-round3-samples/mc-nuecc/reco1/reco1-detsim-g4-filter-gen-29ef-f471-c4dd-fcef_nuecc.root
031	/home/xqian/toolkit-dev/wcp-porting-img/sbnd/sbnd_xin/xin-round3-samples/mc-nuecc/reco1/reco1-detsim-g4-filter-gen-29f9-d155-044a-a870_nuecc.root
032	/home/xqian/toolkit-dev/wcp-porting-img/sbnd/sbnd_xin/xin-round3-samples/mc-nuecc/reco1/reco1-detsim-g4-filter-gen-2d66-6a85-3ade-f37f_nuecc.root
033	/home/xqian/toolkit-dev/wcp-porting-img/sbnd/sbnd_xin/xin-round3-samples/mc-nuecc/reco1/reco1-detsim-g4-filter-gen-2f24-af9f-3789-d201_nuecc.root
034	/home/xqian/toolkit-dev/wcp-porting-img/sbnd/sbnd_xin/xin-round3-samples/mc-nuecc/reco1/reco1-detsim-g4-filter-gen-3283-b655-7ec8-234a_nuecc.root
035	/home/xqian/toolkit-dev/wcp-porting-img/sbnd/sbnd_xin/xin-round3-samples/mc-nuecc/reco1/reco1-detsim-g4-filter-gen-32f6-d6b6-c688-b8d5_nuecc.root
036	/home/xqian/toolkit-dev/wcp-porting-img/sbnd/sbnd_xin/xin-round3-samples/mc-nuecc/reco1/reco1-detsim-g4-filter-gen-375e-895e-066e-20af_nuecc.root
037	/home/xqian/toolkit-dev/wcp-porting-img/sbnd/sbnd_xin/xin-round3-samples/mc-nuecc/reco1/reco1-detsim-g4-filter-gen-3a3b-fd4f-0673-3889_nuecc.root
038	/home/xqian/toolkit-dev/wcp-porting-img/sbnd/sbnd_xin/xin-round3-samples/mc-nuecc/reco1/reco1-detsim-g4-filter-gen-3bfe-dfb6-bbe6-b757_nuecc.root
039	/home/xqian/toolkit-dev/wcp-porting-img/sbnd/sbnd_xin/xin-round3-samples/mc-nuecc/reco1/reco1-detsim-g4-filter-gen-3c15-0fcd-e9a7-6c17_nuecc.root
040	/home/xqian/toolkit-dev/wcp-porting-img/sbnd/sbnd_xin/xin-round3-samples/mc-nuecc/reco1/reco1-detsim-g4-filter-gen-3ef2-f9f9-24cc-7dfb_nuecc.root
041	/home/xqian/toolkit-dev/wcp-porting-img/sbnd/sbnd_xin/xin-round3-samples/mc-nuecc/reco1/reco1-detsim-g4-filter-gen-3f55-94c8-1a19-f5a0_nuecc.root
042	/home/xqian/toolkit-dev/wcp-porting-img/sbnd/sbnd_xin/xin-round3-samples/mc-nuecc/reco1/reco1-detsim-g4-filter-gen-4008-1c8d-c886-4c68_nuecc.root
043	/home/xqian/toolkit-dev/wcp-porting-img/sbnd/sbnd_xin/xin-round3-samples/mc-nuecc/reco1/reco1-detsim-g4-filter-gen-42cf-4e47-0e8b-cfa8_nuecc.root
044	/home/xqian/toolkit-dev/wcp-porting-img/sbnd/sbnd_xin/xin-round3-samples/mc-nuecc/reco1/reco1-detsim-g4-filter-gen-432e-f1c2-2d0b-46f7_nuecc.root
045	/home/xqian/toolkit-dev/wcp-porting-img/sbnd/sbnd_xin/xin-round3-samples/mc-nuecc/reco1/reco1-detsim-g4-filter-gen-436f-1030-8e93-5b82_nuecc.root
046	/home/xqian/toolkit-dev/wcp-porting-img/sbnd/sbnd_xin/xin-round3-samples/mc-nuecc/reco1/reco1-detsim-g4-filter-gen-43b9-07e2-e3db-c1fa_nuecc.root
047	/home/xqian/toolkit-dev/wcp-porting-img/sbnd/sbnd_xin/xin-round3-samples/mc-nuecc/reco1/reco1-detsim-g4-filter-gen-44ff-a15f-585c-af0f_nuecc.root
048	/home/xqian/toolkit-dev/wcp-porting-img/sbnd/sbnd_xin/xin-round3-samples/mc-nuecc/reco1/reco1-detsim-g4-filter-gen-4509-7c13-1aa0-9877_nuecc.root
049	/home/xqian/toolkit-dev/wcp-porting-img/sbnd/sbnd_xin/xin-round3-samples/mc-nuecc/reco1/reco1-detsim-g4-filter-gen-4577-51ba-b363-72ca_nuecc.root
050	/home/xqian/toolkit-dev/wcp-porting-img/sbnd/sbnd_xin/xin-round3-samples/mc-nuecc/reco1/reco1-detsim-g4-filter-gen-460e-dc5f-d2e9-8a1f_nuecc.root
051	/home/xqian/toolkit-dev/wcp-porting-img/sbnd/sbnd_xin/xin-round3-samples/mc-nuecc/reco1/reco1-detsim-g4-filter-gen-4612-fd26-321c-ad37_nuecc.root
052	/home/xqian/toolkit-dev/wcp-porting-img/sbnd/sbnd_xin/xin-round3-samples/mc-nuecc/reco1/reco1-detsim-g4-filter-gen-4793-d8f1-8546-e8a7_nuecc.root
053	/home/xqian/toolkit-dev/wcp-porting-img/sbnd/sbnd_xin/xin-round3-samples/mc-nuecc/reco1/reco1-detsim-g4-filter-gen-48a0-f837-fc5d-ba47_nuecc.root
054	/home/xqian/toolkit-dev/wcp-porting-img/sbnd/sbnd_xin/xin-round3-samples/mc-nuecc/reco1/reco1-detsim-g4-filter-gen-49fb-7dc1-f8aa-5222_nuecc.root
055	/home/xqian/toolkit-dev/wcp-porting-img/sbnd/sbnd_xin/xin-round3-samples/mc-nuecc/reco1/reco1-detsim-g4-filter-gen-4abd-8b1a-7dc6-d8a8_nuecc.root
056	/home/xqian/toolkit-dev/wcp-porting-img/sbnd/sbnd_xin/xin-round3-samples/mc-nuecc/reco1/reco1-detsim-g4-filter-gen-4afc-5a4b-0ace-59ad_nuecc.root
057	/home/xqian/toolkit-dev/wcp-porting-img/sbnd/sbnd_xin/xin-round3-samples/mc-nuecc/reco1/reco1-detsim-g4-filter-gen-4bc0-0ffe-a29d-23e4_nuecc.root
058	/home/xqian/toolkit-dev/wcp-porting-img/sbnd/sbnd_xin/xin-round3-samples/mc-nuecc/reco1/reco1-detsim-g4-filter-gen-4d4f-ee79-e658-f9bb_nuecc.root
059	/home/xqian/toolkit-dev/wcp-porting-img/sbnd/sbnd_xin/xin-round3-samples/mc-nuecc/reco1/reco1-detsim-g4-filter-gen-4d72-ef8f-c3bc-ad04_nuecc.root
060	/home/xqian/toolkit-dev/wcp-porting-img/sbnd/sbnd_xin/xin-round3-samples/mc-nuecc/reco1/reco1-detsim-g4-filter-gen-4d81-93cc-b97b-343b_nuecc.root
061	/home/xqian/toolkit-dev/wcp-porting-img/sbnd/sbnd_xin/xin-round3-samples/mc-nuecc/reco1/reco1-detsim-g4-filter-gen-5030-de37-0ca2-75e7_nuecc.root
062	/home/xqian/toolkit-dev/wcp-porting-img/sbnd/sbnd_xin/xin-round3-samples/mc-nuecc/reco1/reco1-detsim-g4-filter-gen-5047-7cc2-8d0b-125f_nuecc.root
063	/home/xqian/toolkit-dev/wcp-porting-img/sbnd/sbnd_xin/xin-round3-samples/mc-nuecc/reco1/reco1-detsim-g4-filter-gen-5067-44cb-a98c-b270_nuecc.root
064	/home/xqian/toolkit-dev/wcp-porting-img/sbnd/sbnd_xin/xin-round3-samples/mc-nuecc/reco1/reco1-detsim-g4-filter-gen-5073-856a-56e3-08f9_nuecc.root
065	/home/xqian/toolkit-dev/wcp-porting-img/sbnd/sbnd_xin/xin-round3-samples/mc-nuecc/reco1/reco1-detsim-g4-filter-gen-50d1-5323-e594-6792_nuecc.root
066	/home/xqian/toolkit-dev/wcp-porting-img/sbnd/sbnd_xin/xin-round3-samples/mc-nuecc/reco1/reco1-detsim-g4-filter-gen-5113-b7d8-4f2a-5c7b_nuecc.root
067	/home/xqian/toolkit-dev/wcp-porting-img/sbnd/sbnd_xin/xin-round3-samples/mc-nuecc/reco1/reco1-detsim-g4-filter-gen-51ca-1af3-fdce-35c2_nuecc.root
068	/home/xqian/toolkit-dev/wcp-porting-img/sbnd/sbnd_xin/xin-round3-samples/mc-nuecc/reco1/reco1-detsim-g4-filter-gen-5249-3a95-d6c3-69c5_nuecc.root
069	/home/xqian/toolkit-dev/wcp-porting-img/sbnd/sbnd_xin/xin-round3-samples/mc-nuecc/reco1/reco1-detsim-g4-filter-gen-525d-02cd-00b7-bcc0_nuecc.root
070	/home/xqian/toolkit-dev/wcp-porting-img/sbnd/sbnd_xin/xin-round3-samples/mc-nuecc/reco1/reco1-detsim-g4-filter-gen-5310-6380-8827-3456_nuecc.root
071	/home/xqian/toolkit-dev/wcp-porting-img/sbnd/sbnd_xin/xin-round3-samples/mc-nuecc/reco1/reco1-detsim-g4-filter-gen-5387-7569-c61d-d32b_nuecc.root
072	/home/xqian/toolkit-dev/wcp-porting-img/sbnd/sbnd_xin/xin-round3-samples/mc-nuecc/reco1/reco1-detsim-g4-filter-gen-5426-30eb-08c9-4779_nuecc.root
073	/home/xqian/toolkit-dev/wcp-porting-img/sbnd/sbnd_xin/xin-round3-samples/mc-nuecc/reco1/reco1-detsim-g4-filter-gen-5701-d50f-98a6-4b19_nuecc.root
074	/home/xqian/toolkit-dev/wcp-porting-img/sbnd/sbnd_xin/xin-round3-samples/mc-nuecc/reco1/reco1-detsim-g4-filter-gen-58a3-dc9f-543b-9038_nuecc.root
075	/home/xqian/toolkit-dev/wcp-porting-img/sbnd/sbnd_xin/xin-round3-samples/mc-nuecc/reco1/reco1-detsim-g4-filter-gen-5a49-7f6f-22fd-5894_nuecc.root
076	/home/xqian/toolkit-dev/wcp-porting-img/sbnd/sbnd_xin/xin-round3-samples/mc-nuecc/reco1/reco1-detsim-g4-filter-gen-5b8f-0a57-d14f-b77f_nuecc.root
077	/home/xqian/toolkit-dev/wcp-porting-img/sbnd/sbnd_xin/xin-round3-samples/mc-nuecc/reco1/reco1-detsim-g4-filter-gen-5c7a-13b9-2128-cdd5_nuecc.root
078	/home/xqian/toolkit-dev/wcp-porting-img/sbnd/sbnd_xin/xin-round3-samples/mc-nuecc/reco1/reco1-detsim-g4-filter-gen-5d9c-b4b8-0ae8-b839_nuecc.root
079	/home/xqian/toolkit-dev/wcp-porting-img/sbnd/sbnd_xin/xin-round3-samples/mc-nuecc/reco1/reco1-detsim-g4-filter-gen-5dc3-3e11-de11-c22d_nuecc.root
080	/home/xqian/toolkit-dev/wcp-porting-img/sbnd/sbnd_xin/xin-round3-samples/mc-nuecc/reco1/reco1-detsim-g4-filter-gen-5fde-aef2-16e3-908e_nuecc.root
081	/home/xqian/toolkit-dev/wcp-porting-img/sbnd/sbnd_xin/xin-round3-samples/mc-nuecc/reco1/reco1-detsim-g4-filter-gen-610b-2643-2492-5211_nuecc.root
082	/home/xqian/toolkit-dev/wcp-porting-img/sbnd/sbnd_xin/xin-round3-samples/mc-nuecc/reco1/reco1-detsim-g4-filter-gen-6135-0d7f-2916-65b2_nuecc.root
083	/home/xqian/toolkit-dev/wcp-porting-img/sbnd/sbnd_xin/xin-round3-samples/mc-nuecc/reco1/reco1-detsim-g4-filter-gen-619e-44b4-8e91-eeef_nuecc.root
084	/home/xqian/toolkit-dev/wcp-porting-img/sbnd/sbnd_xin/xin-round3-samples/mc-nuecc/reco1/reco1-detsim-g4-filter-gen-64f1-9e66-07b2-12a7_nuecc.root
085	/home/xqian/toolkit-dev/wcp-porting-img/sbnd/sbnd_xin/xin-round3-samples/mc-nuecc/reco1/reco1-detsim-g4-filter-gen-665c-41b9-b761-9765_nuecc.root
086	/home/xqian/toolkit-dev/wcp-porting-img/sbnd/sbnd_xin/xin-round3-samples/mc-nuecc/reco1/reco1-detsim-g4-filter-gen-6957-4a62-c8b8-9c80_nuecc.root
087	/home/xqian/toolkit-dev/wcp-porting-img/sbnd/sbnd_xin/xin-round3-samples/mc-nuecc/reco1/reco1-detsim-g4-filter-gen-6a18-f6bf-6c03-a7a6_nuecc.root
088	/home/xqian/toolkit-dev/wcp-porting-img/sbnd/sbnd_xin/xin-round3-samples/mc-nuecc/reco1/reco1-detsim-g4-filter-gen-6b5e-98d1-3ab6-dce6_nuecc.root
089	/home/xqian/toolkit-dev/wcp-porting-img/sbnd/sbnd_xin/xin-round3-samples/mc-nuecc/reco1/reco1-detsim-g4-filter-gen-6b76-03f7-162c-1784_nuecc.root
090	/home/xqian/toolkit-dev/wcp-porting-img/sbnd/sbnd_xin/xin-round3-samples/mc-nuecc/reco1/reco1-detsim-g4-filter-gen-6c40-04db-681c-fe20_nuecc.root
091	/home/xqian/toolkit-dev/wcp-porting-img/sbnd/sbnd_xin/xin-round3-samples/mc-nuecc/reco1/reco1-detsim-g4-filter-gen-6cfc-24c8-4c4a-31a9_nuecc.root
092	/home/xqian/toolkit-dev/wcp-porting-img/sbnd/sbnd_xin/xin-round3-samples/mc-nuecc/reco1/reco1-detsim-g4-filter-gen-6df9-bde2-672f-8f5d_nuecc.root
093	/home/xqian/toolkit-dev/wcp-porting-img/sbnd/sbnd_xin/xin-round3-samples/mc-nuecc/reco1/reco1-detsim-g4-filter-gen-6e6d-c5f8-9efa-74ff_nuecc.root
094	/home/xqian/toolkit-dev/wcp-porting-img/sbnd/sbnd_xin/xin-round3-samples/mc-nuecc/reco1/reco1-detsim-g4-filter-gen-6e80-b76e-8c43-77e0_nuecc.root
095	/home/xqian/toolkit-dev/wcp-porting-img/sbnd/sbnd_xin/xin-round3-samples/mc-nuecc/reco1/reco1-detsim-g4-filter-gen-6eaa-2e79-1f1e-c303_nuecc.root
096	/home/xqian/toolkit-dev/wcp-porting-img/sbnd/sbnd_xin/xin-round3-samples/mc-nuecc/reco1/reco1-detsim-g4-filter-gen-6ed8-f57f-e0bc-567d_nuecc.root
097	/home/xqian/toolkit-dev/wcp-porting-img/sbnd/sbnd_xin/xin-round3-samples/mc-nuecc/reco1/reco1-detsim-g4-filter-gen-6f88-2cec-b7cb-7fc5_nuecc.root
098	/home/xqian/toolkit-dev/wcp-porting-img/sbnd/sbnd_xin/xin-round3-samples/mc-nuecc/reco1/reco1-detsim-g4-filter-gen-7007-cc79-6e4c-4db0_nuecc.root
099	/home/xqian/toolkit-dev/wcp-porting-img/sbnd/sbnd_xin/xin-round3-samples/mc-nuecc/reco1/reco1-detsim-g4-filter-gen-7078-43e8-7356-5a64_nuecc.root
100	/home/xqian/toolkit-dev/wcp-porting-img/sbnd/sbnd_xin/xin-round3-samples/mc-nuecc/reco1/reco1-detsim-g4-filter-gen-7363-947f-390e-88d6_nuecc.root
101	/home/xqian/toolkit-dev/wcp-porting-img/sbnd/sbnd_xin/xin-round3-samples/mc-nuecc/reco1/reco1-detsim-g4-filter-gen-747c-39b3-a497-d53b_nuecc.root
102	/home/xqian/toolkit-dev/wcp-porting-img/sbnd/sbnd_xin/xin-round3-samples/mc-nuecc/reco1/reco1-detsim-g4-filter-gen-7760-eb2e-7208-e413_nuecc.root
103	/home/xqian/toolkit-dev/wcp-porting-img/sbnd/sbnd_xin/xin-round3-samples/mc-nuecc/reco1/reco1-detsim-g4-filter-gen-78ba-9502-9e60-b2f7_nuecc.root
104	/home/xqian/toolkit-dev/wcp-porting-img/sbnd/sbnd_xin/xin-round3-samples/mc-nuecc/reco1/reco1-detsim-g4-filter-gen-7b85-6065-0cd2-cc21_nuecc.root
105	/home/xqian/toolkit-dev/wcp-porting-img/sbnd/sbnd_xin/xin-round3-samples/mc-nuecc/reco1/reco1-detsim-g4-filter-gen-7d1f-efce-d5bb-0a7b_nuecc.root
106	/home/xqian/toolkit-dev/wcp-porting-img/sbnd/sbnd_xin/xin-round3-samples/mc-nuecc/reco1/reco1-detsim-g4-filter-gen-7db0-66b3-09c6-7ee6_nuecc.root
107	/home/xqian/toolkit-dev/wcp-porting-img/sbnd/sbnd_xin/xin-round3-samples/mc-nuecc/reco1/reco1-detsim-g4-filter-gen-7de0-4621-55db-6b5b_nuecc.root
108	/home/xqian/toolkit-dev/wcp-porting-img/sbnd/sbnd_xin/xin-round3-samples/mc-nuecc/reco1/reco1-detsim-g4-filter-gen-7f02-3280-95ba-7443_nuecc.root
109	/home/xqian/toolkit-dev/wcp-porting-img/sbnd/sbnd_xin/xin-round3-samples/mc-nuecc/reco1/reco1-detsim-g4-filter-gen-7f28-7e86-3e14-3dd8_nuecc.root
110	/home/xqian/toolkit-dev/wcp-porting-img/sbnd/sbnd_xin/xin-round3-samples/mc-nuecc/reco1/reco1-detsim-g4-filter-gen-7fe4-4337-d8ef-c119_nuecc.root
111	/home/xqian/toolkit-dev/wcp-porting-img/sbnd/sbnd_xin/xin-round3-samples/mc-nuecc/reco1/reco1-detsim-g4-filter-gen-8472-c8e5-139f-1843_nuecc.root
112	/home/xqian/toolkit-dev/wcp-porting-img/sbnd/sbnd_xin/xin-round3-samples/mc-nuecc/reco1/reco1-detsim-g4-filter-gen-84e0-c0de-a43d-84a1_nuecc.root
113	/home/xqian/toolkit-dev/wcp-porting-img/sbnd/sbnd_xin/xin-round3-samples/mc-nuecc/reco1/reco1-detsim-g4-filter-gen-86e4-db18-f201-d962_nuecc.root
114	/home/xqian/toolkit-dev/wcp-porting-img/sbnd/sbnd_xin/xin-round3-samples/mc-nuecc/reco1/reco1-detsim-g4-filter-gen-86ee-4602-0593-9a38_nuecc.root
115	/home/xqian/toolkit-dev/wcp-porting-img/sbnd/sbnd_xin/xin-round3-samples/mc-nuecc/reco1/reco1-detsim-g4-filter-gen-8a6a-5ef8-28d3-3fdf_nuecc.root
116	/home/xqian/toolkit-dev/wcp-porting-img/sbnd/sbnd_xin/xin-round3-samples/mc-nuecc/reco1/reco1-detsim-g4-filter-gen-8ba8-2725-b5f6-355a_nuecc.root
117	/home/xqian/toolkit-dev/wcp-porting-img/sbnd/sbnd_xin/xin-round3-samples/mc-nuecc/reco1/reco1-detsim-g4-filter-gen-8cdd-8724-690d-08fd_nuecc.root
118	/home/xqian/toolkit-dev/wcp-porting-img/sbnd/sbnd_xin/xin-round3-samples/mc-nuecc/reco1/reco1-detsim-g4-filter-gen-8dd2-360f-798c-4bef_nuecc.root
119	/home/xqian/toolkit-dev/wcp-porting-img/sbnd/sbnd_xin/xin-round3-samples/mc-nuecc/reco1/reco1-detsim-g4-filter-gen-9036-37dd-0f73-6eb1_nuecc.root
120	/home/xqian/toolkit-dev/wcp-porting-img/sbnd/sbnd_xin/xin-round3-samples/mc-nuecc/reco1/reco1-detsim-g4-filter-gen-9131-2db3-96f5-d5ce_nuecc.root
121	/home/xqian/toolkit-dev/wcp-porting-img/sbnd/sbnd_xin/xin-round3-samples/mc-nuecc/reco1/reco1-detsim-g4-filter-gen-923b-46ed-2abe-bc1a_nuecc.root
122	/home/xqian/toolkit-dev/wcp-porting-img/sbnd/sbnd_xin/xin-round3-samples/mc-nuecc/reco1/reco1-detsim-g4-filter-gen-9312-dc8f-0606-f8a9_nuecc.root
123	/home/xqian/toolkit-dev/wcp-porting-img/sbnd/sbnd_xin/xin-round3-samples/mc-nuecc/reco1/reco1-detsim-g4-filter-gen-935a-4ef3-28f9-4fc4_nuecc.root
124	/home/xqian/toolkit-dev/wcp-porting-img/sbnd/sbnd_xin/xin-round3-samples/mc-nuecc/reco1/reco1-detsim-g4-filter-gen-93a5-4def-f64e-e2a7_nuecc.root
125	/home/xqian/toolkit-dev/wcp-porting-img/sbnd/sbnd_xin/xin-round3-samples/mc-nuecc/reco1/reco1-detsim-g4-filter-gen-966a-30a2-49d0-ce53_nuecc.root
126	/home/xqian/toolkit-dev/wcp-porting-img/sbnd/sbnd_xin/xin-round3-samples/mc-nuecc/reco1/reco1-detsim-g4-filter-gen-97ac-7848-59e7-b025_nuecc.root
127	/home/xqian/toolkit-dev/wcp-porting-img/sbnd/sbnd_xin/xin-round3-samples/mc-nuecc/reco1/reco1-detsim-g4-filter-gen-98d5-98f6-2a10-eb7e_nuecc.root
128	/home/xqian/toolkit-dev/wcp-porting-img/sbnd/sbnd_xin/xin-round3-samples/mc-nuecc/reco1/reco1-detsim-g4-filter-gen-990b-b2f9-e56e-3ecd_nuecc.root
129	/home/xqian/toolkit-dev/wcp-porting-img/sbnd/sbnd_xin/xin-round3-samples/mc-nuecc/reco1/reco1-detsim-g4-filter-gen-9971-0602-0dc3-9566_nuecc.root
130	/home/xqian/toolkit-dev/wcp-porting-img/sbnd/sbnd_xin/xin-round3-samples/mc-nuecc/reco1/reco1-detsim-g4-filter-gen-99e1-40b1-d5e4-1f48_nuecc.root
131	/home/xqian/toolkit-dev/wcp-porting-img/sbnd/sbnd_xin/xin-round3-samples/mc-nuecc/reco1/reco1-detsim-g4-filter-gen-99e6-cef0-b7b6-cbe5_nuecc.root
132	/home/xqian/toolkit-dev/wcp-porting-img/sbnd/sbnd_xin/xin-round3-samples/mc-nuecc/reco1/reco1-detsim-g4-filter-gen-9c50-b2b8-8b9a-15ac_nuecc.root
133	/home/xqian/toolkit-dev/wcp-porting-img/sbnd/sbnd_xin/xin-round3-samples/mc-nuecc/reco1/reco1-detsim-g4-filter-gen-9c7a-2f0e-7cb3-a07d_nuecc.root
134	/home/xqian/toolkit-dev/wcp-porting-img/sbnd/sbnd_xin/xin-round3-samples/mc-nuecc/reco1/reco1-detsim-g4-filter-gen-9e6c-b237-de21-2c96_nuecc.root
135	/home/xqian/toolkit-dev/wcp-porting-img/sbnd/sbnd_xin/xin-round3-samples/mc-nuecc/reco1/reco1-detsim-g4-filter-gen-9e89-ca15-b24b-f2c2_nuecc.root
136	/home/xqian/toolkit-dev/wcp-porting-img/sbnd/sbnd_xin/xin-round3-samples/mc-nuecc/reco1/reco1-detsim-g4-filter-gen-9efb-f060-7a75-f8a1_nuecc.root
137	/home/xqian/toolkit-dev/wcp-porting-img/sbnd/sbnd_xin/xin-round3-samples/mc-nuecc/reco1/reco1-detsim-g4-filter-gen-9f18-4816-ddea-56c8_nuecc.root
138	/home/xqian/toolkit-dev/wcp-porting-img/sbnd/sbnd_xin/xin-round3-samples/mc-nuecc/reco1/reco1-detsim-g4-filter-gen-a13d-b412-fac5-234f_nuecc.root
139	/home/xqian/toolkit-dev/wcp-porting-img/sbnd/sbnd_xin/xin-round3-samples/mc-nuecc/reco1/reco1-detsim-g4-filter-gen-a217-44ac-8452-5acb_nuecc.root
140	/home/xqian/toolkit-dev/wcp-porting-img/sbnd/sbnd_xin/xin-round3-samples/mc-nuecc/reco1/reco1-detsim-g4-filter-gen-a3d3-9402-e110-660a_nuecc.root
141	/home/xqian/toolkit-dev/wcp-porting-img/sbnd/sbnd_xin/xin-round3-samples/mc-nuecc/reco1/reco1-detsim-g4-filter-gen-a426-611d-ab52-936e_nuecc.root
142	/home/xqian/toolkit-dev/wcp-porting-img/sbnd/sbnd_xin/xin-round3-samples/mc-nuecc/reco1/reco1-detsim-g4-filter-gen-a45d-dd07-8b8f-afaa_nuecc.root
143	/home/xqian/toolkit-dev/wcp-porting-img/sbnd/sbnd_xin/xin-round3-samples/mc-nuecc/reco1/reco1-detsim-g4-filter-gen-a4e6-a7f0-8f5f-d271_nuecc.root
144	/home/xqian/toolkit-dev/wcp-porting-img/sbnd/sbnd_xin/xin-round3-samples/mc-nuecc/reco1/reco1-detsim-g4-filter-gen-a4ee-e656-e2c3-6616_nuecc.root
145	/home/xqian/toolkit-dev/wcp-porting-img/sbnd/sbnd_xin/xin-round3-samples/mc-nuecc/reco1/reco1-detsim-g4-filter-gen-a52b-a811-b361-3656_nuecc.root
146	/home/xqian/toolkit-dev/wcp-porting-img/sbnd/sbnd_xin/xin-round3-samples/mc-nuecc/reco1/reco1-detsim-g4-filter-gen-a562-9531-58f3-9d1d_nuecc.root
147	/home/xqian/toolkit-dev/wcp-porting-img/sbnd/sbnd_xin/xin-round3-samples/mc-nuecc/reco1/reco1-detsim-g4-filter-gen-a57b-d7ec-d187-2b5e_nuecc.root
148	/home/xqian/toolkit-dev/wcp-porting-img/sbnd/sbnd_xin/xin-round3-samples/mc-nuecc/reco1/reco1-detsim-g4-filter-gen-a5e1-61b1-36c6-6ced_nuecc.root
149	/home/xqian/toolkit-dev/wcp-porting-img/sbnd/sbnd_xin/xin-round3-samples/mc-nuecc/reco1/reco1-detsim-g4-filter-gen-a680-d202-3ab3-461b_nuecc.root
150	/home/xqian/toolkit-dev/wcp-porting-img/sbnd/sbnd_xin/xin-round3-samples/mc-nuecc/reco1/reco1-detsim-g4-filter-gen-a6a1-4d1a-37a5-6853_nuecc.root
151	/home/xqian/toolkit-dev/wcp-porting-img/sbnd/sbnd_xin/xin-round3-samples/mc-nuecc/reco1/reco1-detsim-g4-filter-gen-a782-2aa8-efdc-3731_nuecc.root
152	/home/xqian/toolkit-dev/wcp-porting-img/sbnd/sbnd_xin/xin-round3-samples/mc-nuecc/reco1/reco1-detsim-g4-filter-gen-a936-afc6-c0d6-dcc7_nuecc.root
153	/home/xqian/toolkit-dev/wcp-porting-img/sbnd/sbnd_xin/xin-round3-samples/mc-nuecc/reco1/reco1-detsim-g4-filter-gen-a95a-982d-91bc-6417_nuecc.root
154	/home/xqian/toolkit-dev/wcp-porting-img/sbnd/sbnd_xin/xin-round3-samples/mc-nuecc/reco1/reco1-detsim-g4-filter-gen-a9f5-5ba5-9944-69a9_nuecc.root
155	/home/xqian/toolkit-dev/wcp-porting-img/sbnd/sbnd_xin/xin-round3-samples/mc-nuecc/reco1/reco1-detsim-g4-filter-gen-aac2-13e8-0831-e533_nuecc.root
156	/home/xqian/toolkit-dev/wcp-porting-img/sbnd/sbnd_xin/xin-round3-samples/mc-nuecc/reco1/reco1-detsim-g4-filter-gen-aacc-6cad-0f34-fb3b_nuecc.root
157	/home/xqian/toolkit-dev/wcp-porting-img/sbnd/sbnd_xin/xin-round3-samples/mc-nuecc/reco1/reco1-detsim-g4-filter-gen-ac17-fedd-f8a5-bf71_nuecc.root
158	/home/xqian/toolkit-dev/wcp-porting-img/sbnd/sbnd_xin/xin-round3-samples/mc-nuecc/reco1/reco1-detsim-g4-filter-gen-ac7e-f2aa-0a02-3dfd_nuecc.root
159	/home/xqian/toolkit-dev/wcp-porting-img/sbnd/sbnd_xin/xin-round3-samples/mc-nuecc/reco1/reco1-detsim-g4-filter-gen-ade3-6073-4dcc-8ccc_nuecc.root
160	/home/xqian/toolkit-dev/wcp-porting-img/sbnd/sbnd_xin/xin-round3-samples/mc-nuecc/reco1/reco1-detsim-g4-filter-gen-afd6-fc47-c95e-57e1_nuecc.root
161	/home/xqian/toolkit-dev/wcp-porting-img/sbnd/sbnd_xin/xin-round3-samples/mc-nuecc/reco1/reco1-detsim-g4-filter-gen-affa-a7a4-0c96-1ecd_nuecc.root
162	/home/xqian/toolkit-dev/wcp-porting-img/sbnd/sbnd_xin/xin-round3-samples/mc-nuecc/reco1/reco1-detsim-g4-filter-gen-b267-b3f3-ed20-a95e_nuecc.root
163	/home/xqian/toolkit-dev/wcp-porting-img/sbnd/sbnd_xin/xin-round3-samples/mc-nuecc/reco1/reco1-detsim-g4-filter-gen-b27e-8a61-491a-6f9b_nuecc.root
164	/home/xqian/toolkit-dev/wcp-porting-img/sbnd/sbnd_xin/xin-round3-samples/mc-nuecc/reco1/reco1-detsim-g4-filter-gen-b288-5669-dcdd-6b4c_nuecc.root
165	/home/xqian/toolkit-dev/wcp-porting-img/sbnd/sbnd_xin/xin-round3-samples/mc-nuecc/reco1/reco1-detsim-g4-filter-gen-b2ad-c1c6-2b01-09f4_nuecc.root
166	/home/xqian/toolkit-dev/wcp-porting-img/sbnd/sbnd_xin/xin-round3-samples/mc-nuecc/reco1/reco1-detsim-g4-filter-gen-b36e-59de-a571-646e_nuecc.root
167	/home/xqian/toolkit-dev/wcp-porting-img/sbnd/sbnd_xin/xin-round3-samples/mc-nuecc/reco1/reco1-detsim-g4-filter-gen-b3e5-e8ee-7437-160c_nuecc.root
168	/home/xqian/toolkit-dev/wcp-porting-img/sbnd/sbnd_xin/xin-round3-samples/mc-nuecc/reco1/reco1-detsim-g4-filter-gen-b4fb-9f48-e69f-b244_nuecc.root
169	/home/xqian/toolkit-dev/wcp-porting-img/sbnd/sbnd_xin/xin-round3-samples/mc-nuecc/reco1/reco1-detsim-g4-filter-gen-b535-844d-4927-104b_nuecc.root
170	/home/xqian/toolkit-dev/wcp-porting-img/sbnd/sbnd_xin/xin-round3-samples/mc-nuecc/reco1/reco1-detsim-g4-filter-gen-b7be-9534-121c-ebca_nuecc.root
171	/home/xqian/toolkit-dev/wcp-porting-img/sbnd/sbnd_xin/xin-round3-samples/mc-nuecc/reco1/reco1-detsim-g4-filter-gen-b93e-c3a3-56e4-d056_nuecc.root
172	/home/xqian/toolkit-dev/wcp-porting-img/sbnd/sbnd_xin/xin-round3-samples/mc-nuecc/reco1/reco1-detsim-g4-filter-gen-ba1c-0e4e-ec73-d9fc_nuecc.root
173	/home/xqian/toolkit-dev/wcp-porting-img/sbnd/sbnd_xin/xin-round3-samples/mc-nuecc/reco1/reco1-detsim-g4-filter-gen-ba30-2313-7ad6-9674_nuecc.root
174	/home/xqian/toolkit-dev/wcp-porting-img/sbnd/sbnd_xin/xin-round3-samples/mc-nuecc/reco1/reco1-detsim-g4-filter-gen-ba60-e7ad-955a-4402_nuecc.root
175	/home/xqian/toolkit-dev/wcp-porting-img/sbnd/sbnd_xin/xin-round3-samples/mc-nuecc/reco1/reco1-detsim-g4-filter-gen-bbfe-6e1d-1cd1-eaf3_nuecc.root
176	/home/xqian/toolkit-dev/wcp-porting-img/sbnd/sbnd_xin/xin-round3-samples/mc-nuecc/reco1/reco1-detsim-g4-filter-gen-bc52-d45f-b778-2dff_nuecc.root
177	/home/xqian/toolkit-dev/wcp-porting-img/sbnd/sbnd_xin/xin-round3-samples/mc-nuecc/reco1/reco1-detsim-g4-filter-gen-bde4-2c20-8859-3a3e_nuecc.root
178	/home/xqian/toolkit-dev/wcp-porting-img/sbnd/sbnd_xin/xin-round3-samples/mc-nuecc/reco1/reco1-detsim-g4-filter-gen-bdfe-c0be-e3e4-f8d1_nuecc.root
179	/home/xqian/toolkit-dev/wcp-porting-img/sbnd/sbnd_xin/xin-round3-samples/mc-nuecc/reco1/reco1-detsim-g4-filter-gen-c06d-dee2-de47-8c5b_nuecc.root
180	/home/xqian/toolkit-dev/wcp-porting-img/sbnd/sbnd_xin/xin-round3-samples/mc-nuecc/reco1/reco1-detsim-g4-filter-gen-c0c0-a376-ae3b-b250_nuecc.root
181	/home/xqian/toolkit-dev/wcp-porting-img/sbnd/sbnd_xin/xin-round3-samples/mc-nuecc/reco1/reco1-detsim-g4-filter-gen-c10a-7359-6ea3-edaf_nuecc.root
182	/home/xqian/toolkit-dev/wcp-porting-img/sbnd/sbnd_xin/xin-round3-samples/mc-nuecc/reco1/reco1-detsim-g4-filter-gen-c2ba-0ae0-cb4a-396e_nuecc.root
183	/home/xqian/toolkit-dev/wcp-porting-img/sbnd/sbnd_xin/xin-round3-samples/mc-nuecc/reco1/reco1-detsim-g4-filter-gen-c8ec-3f4c-0ce7-7070_nuecc.root
184	/home/xqian/toolkit-dev/wcp-porting-img/sbnd/sbnd_xin/xin-round3-samples/mc-nuecc/reco1/reco1-detsim-g4-filter-gen-c8fe-9453-70bc-4981_nuecc.root
185	/home/xqian/toolkit-dev/wcp-porting-img/sbnd/sbnd_xin/xin-round3-samples/mc-nuecc/reco1/reco1-detsim-g4-filter-gen-cc94-c336-bbef-23e0_nuecc.root
186	/home/xqian/toolkit-dev/wcp-porting-img/sbnd/sbnd_xin/xin-round3-samples/mc-nuecc/reco1/reco1-detsim-g4-filter-gen-cdf3-a060-5af1-c434_nuecc.root
187	/home/xqian/toolkit-dev/wcp-porting-img/sbnd/sbnd_xin/xin-round3-samples/mc-nuecc/reco1/reco1-detsim-g4-filter-gen-cf54-323c-2fc5-eedf_nuecc.root
188	/home/xqian/toolkit-dev/wcp-porting-img/sbnd/sbnd_xin/xin-round3-samples/mc-nuecc/reco1/reco1-detsim-g4-filter-gen-d003-8834-26ef-ca76_nuecc.root
189	/home/xqian/toolkit-dev/wcp-porting-img/sbnd/sbnd_xin/xin-round3-samples/mc-nuecc/reco1/reco1-detsim-g4-filter-gen-d0f8-57b8-d6e3-a02e_nuecc.root
190	/home/xqian/toolkit-dev/wcp-porting-img/sbnd/sbnd_xin/xin-round3-samples/mc-nuecc/reco1/reco1-detsim-g4-filter-gen-d283-d55d-850d-005a_nuecc.root
191	/home/xqian/toolkit-dev/wcp-porting-img/sbnd/sbnd_xin/xin-round3-samples/mc-nuecc/reco1/reco1-detsim-g4-filter-gen-d301-3bf4-6378-2df1_nuecc.root
192	/home/xqian/toolkit-dev/wcp-porting-img/sbnd/sbnd_xin/xin-round3-samples/mc-nuecc/reco1/reco1-detsim-g4-filter-gen-d770-3f97-bea1-e2c2_nuecc.root
193	/home/xqian/toolkit-dev/wcp-porting-img/sbnd/sbnd_xin/xin-round3-samples/mc-nuecc/reco1/reco1-detsim-g4-filter-gen-d78d-18f2-5cf4-fab9_nuecc.root
194	/home/xqian/toolkit-dev/wcp-porting-img/sbnd/sbnd_xin/xin-round3-samples/mc-nuecc/reco1/reco1-detsim-g4-filter-gen-d7c5-8f93-3e2c-effa_nuecc.root
195	/home/xqian/toolkit-dev/wcp-porting-img/sbnd/sbnd_xin/xin-round3-samples/mc-nuecc/reco1/reco1-detsim-g4-filter-gen-d83f-8039-6fbd-0279_nuecc.root
196	/home/xqian/toolkit-dev/wcp-porting-img/sbnd/sbnd_xin/xin-round3-samples/mc-nuecc/reco1/reco1-detsim-g4-filter-gen-d8da-eec1-34ce-b21e_nuecc.root
197	/home/xqian/toolkit-dev/wcp-porting-img/sbnd/sbnd_xin/xin-round3-samples/mc-nuecc/reco1/reco1-detsim-g4-filter-gen-dd1b-bd51-aa7e-100f_nuecc.root
198	/home/xqian/toolkit-dev/wcp-porting-img/sbnd/sbnd_xin/xin-round3-samples/mc-nuecc/reco1/reco1-detsim-g4-filter-gen-dd90-c657-5765-c255_nuecc.root
199	/home/xqian/toolkit-dev/wcp-porting-img/sbnd/sbnd_xin/xin-round3-samples/mc-nuecc/reco1/reco1-detsim-g4-filter-gen-de79-ea6e-9aea-c46d_nuecc.root
200	/home/xqian/toolkit-dev/wcp-porting-img/sbnd/sbnd_xin/xin-round3-samples/mc-nuecc/reco1/reco1-detsim-g4-filter-gen-e01e-16fa-ff59-9fcf_nuecc.root
201	/home/xqian/toolkit-dev/wcp-porting-img/sbnd/sbnd_xin/xin-round3-samples/mc-nuecc/reco1/reco1-detsim-g4-filter-gen-e06b-d2c7-b1e1-bc09_nuecc.root
202	/home/xqian/toolkit-dev/wcp-porting-img/sbnd/sbnd_xin/xin-round3-samples/mc-nuecc/reco1/reco1-detsim-g4-filter-gen-e265-6e32-bf4b-2cfe_nuecc.root
203	/home/xqian/toolkit-dev/wcp-porting-img/sbnd/sbnd_xin/xin-round3-samples/mc-nuecc/reco1/reco1-detsim-g4-filter-gen-e2fb-dc86-9139-bc8c_nuecc.root
204	/home/xqian/toolkit-dev/wcp-porting-img/sbnd/sbnd_xin/xin-round3-samples/mc-nuecc/reco1/reco1-detsim-g4-filter-gen-e3ea-0f6a-d383-3da9_nuecc.root
205	/home/xqian/toolkit-dev/wcp-porting-img/sbnd/sbnd_xin/xin-round3-samples/mc-nuecc/reco1/reco1-detsim-g4-filter-gen-e8b1-5d73-5187-131c_nuecc.root
206	/home/xqian/toolkit-dev/wcp-porting-img/sbnd/sbnd_xin/xin-round3-samples/mc-nuecc/reco1/reco1-detsim-g4-filter-gen-e9de-2cd6-38c0-8d6e_nuecc.root
207	/home/xqian/toolkit-dev/wcp-porting-img/sbnd/sbnd_xin/xin-round3-samples/mc-nuecc/reco1/reco1-detsim-g4-filter-gen-ebf0-bff9-09d8-c9db_nuecc.root
208	/home/xqian/toolkit-dev/wcp-porting-img/sbnd/sbnd_xin/xin-round3-samples/mc-nuecc/reco1/reco1-detsim-g4-filter-gen-ec5e-0628-c123-b23a_nuecc.root
209	/home/xqian/toolkit-dev/wcp-porting-img/sbnd/sbnd_xin/xin-round3-samples/mc-nuecc/reco1/reco1-detsim-g4-filter-gen-eea6-8f68-0406-a609_nuecc.root
210	/home/xqian/toolkit-dev/wcp-porting-img/sbnd/sbnd_xin/xin-round3-samples/mc-nuecc/reco1/reco1-detsim-g4-filter-gen-ef70-d0a6-5466-df1e_nuecc.root
211	/home/xqian/toolkit-dev/wcp-porting-img/sbnd/sbnd_xin/xin-round3-samples/mc-nuecc/reco1/reco1-detsim-g4-filter-gen-f043-d906-e3b0-cd19_nuecc.root
212	/home/xqian/toolkit-dev/wcp-porting-img/sbnd/sbnd_xin/xin-round3-samples/mc-nuecc/reco1/reco1-detsim-g4-filter-gen-f07c-efce-a3ea-32c6_nuecc.root
213	/home/xqian/toolkit-dev/wcp-porting-img/sbnd/sbnd_xin/xin-round3-samples/mc-nuecc/reco1/reco1-detsim-g4-filter-gen-f0bf-c2c3-fd08-5e71_nuecc.root
214	/home/xqian/toolkit-dev/wcp-porting-img/sbnd/sbnd_xin/xin-round3-samples/mc-nuecc/reco1/reco1-detsim-g4-filter-gen-f1d7-08fe-c63b-32de_nuecc.root
215	/home/xqian/toolkit-dev/wcp-porting-img/sbnd/sbnd_xin/xin-round3-samples/mc-nuecc/reco1/reco1-detsim-g4-filter-gen-f2df-e44f-53cd-3a39_nuecc.root
216	/home/xqian/toolkit-dev/wcp-porting-img/sbnd/sbnd_xin/xin-round3-samples/mc-nuecc/reco1/reco1-detsim-g4-filter-gen-f52c-bf2f-39c3-3af8_nuecc.root
217	/home/xqian/toolkit-dev/wcp-porting-img/sbnd/sbnd_xin/xin-round3-samples/mc-nuecc/reco1/reco1-detsim-g4-filter-gen-f587-b622-c1ef-d8f2_nuecc.root
218	/home/xqian/toolkit-dev/wcp-porting-img/sbnd/sbnd_xin/xin-round3-samples/mc-nuecc/reco1/reco1-detsim-g4-filter-gen-f660-dbef-809c-ec1f_nuecc.root
219	/home/xqian/toolkit-dev/wcp-porting-img/sbnd/sbnd_xin/xin-round3-samples/mc-nuecc/reco1/reco1-detsim-g4-filter-gen-faa7-c4e9-0bb2-d0d6_nuecc.root
220	/home/xqian/toolkit-dev/wcp-porting-img/sbnd/sbnd_xin/xin-round3-samples/mc-nuecc/reco1/reco1-detsim-g4-filter-gen-fac9-0c92-113f-7285_nuecc.root
221	/home/xqian/toolkit-dev/wcp-porting-img/sbnd/sbnd_xin/xin-round3-samples/mc-nuecc/reco1/reco1-detsim-g4-filter-gen-fd5a-a754-f378-2afd_nuecc.root
222	/home/xqian/toolkit-dev/wcp-porting-img/sbnd/sbnd_xin/xin-round3-samples/mc-nuecc/reco1/reco1-detsim-g4-filter-gen-fe82-6490-bbf5-a99c_nuecc.root
223	/home/xqian/toolkit-dev/wcp-porting-img/sbnd/sbnd_xin/xin-round3-samples/mc-nuecc/reco1/reco1-detsim-g4-filter-gen-ff29-7818-61ca-81f7_nuecc.root
224	/home/xqian/toolkit-dev/wcp-porting-img/sbnd/sbnd_xin/xin-round3-samples/mc-nuecc/reco1/reco1-detsim-g4-filter-gen-fff3-53e7-4fd9-0ffb_nuecc.root
