/pnfs/sbn/data_add/sbn_nd/poms_production/data/MCP2025C/v10_14_02/Fall25-Run1_BNB_Dev_bnblight/reco1/bnblight/00/data_filtered_decoded_reco1-003690a7-7bca-70fe-2bcd-bfecc0721f31.root
/pnfs/sbn/data_add/sbn_nd/poms_production/data/MCP2025C/v10_14_02/Fall25-Run1_BNB_Dev_bnblight/reco1/bnblight/05/data_filtered_decoded_reco1-05efc800-f607-cff1-dacb-a6d4019525c1.root
/pnfs/sbn/data_add/sbn_nd/poms_production/data/MCP2025C/v10_14_02/Fall25-Run1_BNB_Dev_bnblight/reco1/bnblight/08/data_filtered_decoded_reco1-08503f7e-061e-67e4-968f-e0da3201e37b.root
/pnfs/sbn/data_add/sbn_nd/poms_production/data/MCP2025C/v10_14_02/Fall25-Run1_BNB_Dev_bnblight/reco1/bnblight/0c/data_filtered_decoded_reco1-0c441d78-3ebe-f4d2-afce-79c37447cf41.root
/pnfs/sbn/data_add/sbn_nd/poms_production/data/MCP2025C/v10_14_02/Fall25-Run1_BNB_Dev_bnblight/reco1/bnblight/0c/data_filtered_decoded_reco1-0cb5a685-b548-0f83-a8fe-f1bebd915b92.root
/pnfs/sbn/data_add/sbn_nd/poms_production/data/MCP2025C/v10_14_02/Fall25-Run1_BNB_Dev_bnblight/reco1/bnblight/14/data_filtered_decoded_reco1-148e0cfc-dce1-3239-6b36-3a92c26db66f.root
/pnfs/sbn/data_add/sbn_nd/poms_production/data/MCP2025C/v10_14_02/Fall25-Run1_BNB_Dev_bnblight/reco1/bnblight/32/data_filtered_decoded_reco1-32963b2e-a187-a908-0c0b-7b9f51ecfe8d.root
/pnfs/sbn/data_add/sbn_nd/poms_production/data/MCP2025C/v10_14_02/Fall25-Run1_BNB_Dev_bnblight/reco1/bnblight/36/data_filtered_decoded_reco1-365c8a91-0649-8ff5-3da2-d915fdb544b8.root
/pnfs/sbn/data_add/sbn_nd/poms_production/data/MCP2025C/v10_14_02/Fall25-Run1_BNB_Dev_bnblight/reco1/bnblight/3e/data_filtered_decoded_reco1-3ef598b1-2d67-350f-4e73-d25516f83e9d.root
/pnfs/sbn/data_add/sbn_nd/poms_production/data/MCP2025C/v10_14_02/Fall25-Run1_BNB_Dev_bnblight/reco1/bnblight/47/data_filtered_decoded_reco1-47484ef1-aebd-038c-60db-cd44b0509b30.root
/pnfs/sbn/data_add/sbn_nd/poms_production/data/MCP2025C/v10_14_02/Fall25-Run1_BNB_Dev_bnblight/reco1/bnblight/47/data_filtered_decoded_reco1-47e1055d-010e-21b1-a274-31d399b4ddc1.root
/pnfs/sbn/data_add/sbn_nd/poms_production/data/MCP2025C/v10_14_02/Fall25-Run1_BNB_Dev_bnblight/reco1/bnblight/49/data_filtered_decoded_reco1-49a202c6-9856-962f-e766-dedffebd03cd.root
/pnfs/sbn/data_add/sbn_nd/poms_production/data/MCP2025C/v10_14_02/Fall25-Run1_BNB_Dev_bnblight/reco1/bnblight/49/data_filtered_decoded_reco1-49bbe50c-9676-dbc2-7741-06799bc51c5f.root
/pnfs/sbn/data_add/sbn_nd/poms_production/data/MCP2025C/v10_14_02/Fall25-Run1_BNB_Dev_bnblight/reco1/bnblight/53/data_filtered_decoded_reco1-53a362ce-5214-80fc-9221-e749cf8f5e57.root
/pnfs/sbn/data_add/sbn_nd/poms_production/data/MCP2025C/v10_14_02/Fall25-Run1_BNB_Dev_bnblight/reco1/bnblight/55/data_filtered_decoded_reco1-558f5787-ecf5-4f5f-9720-26c83cf10587.root
/pnfs/sbn/data_add/sbn_nd/poms_production/data/MCP2025C/v10_14_02/Fall25-Run1_BNB_Dev_bnblight/reco1/bnblight/57/data_filtered_decoded_reco1-574df8c6-f2d1-1104-c37e-2b468519e9ae.root
/pnfs/sbn/data_add/sbn_nd/poms_production/data/MCP2025C/v10_14_02/Fall25-Run1_BNB_Dev_bnblight/reco1/bnblight/5a/data_filtered_decoded_reco1-5ab74be9-f9eb-6fad-c674-445edf1d306d.root
/pnfs/sbn/data_add/sbn_nd/poms_production/data/MCP2025C/v10_14_02/Fall25-Run1_BNB_Dev_bnblight/reco1/bnblight/5f/data_filtered_decoded_reco1-5f35f90d-15b9-a759-1b91-a96ba3ca76ca.root
/pnfs/sbn/data_add/sbn_nd/poms_production/data/MCP2025C/v10_14_02/Fall25-Run1_BNB_Dev_bnblight/reco1/bnblight/68/data_filtered_decoded_reco1-68915752-f6c9-1939-f623-3c05002761f4.root
/pnfs/sbn/data_add/sbn_nd/poms_production/data/MCP2025C/v10_14_02/Fall25-Run1_BNB_Dev_bnblight/reco1/bnblight/6f/data_filtered_decoded_reco1-6f4db1c4-5118-be03-0ce0-72b64823e69d.root
/pnfs/sbn/data_add/sbn_nd/poms_production/data/MCP2025C/v10_14_02/Fall25-Run1_BNB_Dev_bnblight/reco1/bnblight/71/data_filtered_decoded_reco1-712e2622-631e-0d7b-f23b-ef2bc2899692.root
/pnfs/sbn/data_add/sbn_nd/poms_production/data/MCP2025C/v10_14_02/Fall25-Run1_BNB_Dev_bnblight/reco1/bnblight/78/data_filtered_decoded_reco1-780152a0-1785-cfcd-8805-d682d2aa2aef.root
/pnfs/sbn/data_add/sbn_nd/poms_production/data/MCP2025C/v10_14_02/Fall25-Run1_BNB_Dev_bnblight/reco1/bnblight/78/data_filtered_decoded_reco1-78a97cde-4aab-841f-1ad3-8de9a765f345.root
/pnfs/sbn/data_add/sbn_nd/poms_production/data/MCP2025C/v10_14_02/Fall25-Run1_BNB_Dev_bnblight/reco1/bnblight/79/data_filtered_decoded_reco1-79d1a24d-d013-16d0-a26c-d259b2623323.root
/pnfs/sbn/data_add/sbn_nd/poms_production/data/MCP2025C/v10_14_02/Fall25-Run1_BNB_Dev_bnblight/reco1/bnblight/7b/data_filtered_decoded_reco1-7b90c2f4-8fde-e259-0f3e-58648d43df05.root
/pnfs/sbn/data_add/sbn_nd/poms_production/data/MCP2025C/v10_14_02/Fall25-Run1_BNB_Dev_bnblight/reco1/bnblight/80/data_filtered_decoded_reco1-80ff8863-97c2-8a9b-b2b6-aef8d1ab3465.root
/pnfs/sbn/data_add/sbn_nd/poms_production/data/MCP2025C/v10_14_02/Fall25-Run1_BNB_Dev_bnblight/reco1/bnblight/88/data_filtered_decoded_reco1-889743cd-f5b5-a171-541c-2744a67aaf8a.root
/pnfs/sbn/data_add/sbn_nd/poms_production/data/MCP2025C/v10_14_02/Fall25-Run1_BNB_Dev_bnblight/reco1/bnblight/8f/data_filtered_decoded_reco1-8f6380d9-303e-a989-c3cb-38df08475695.root
/pnfs/sbn/data_add/sbn_nd/poms_production/data/MCP2025C/v10_14_02/Fall25-Run1_BNB_Dev_bnblight/reco1/bnblight/90/data_filtered_decoded_reco1-90d92979-6a51-65cc-16a5-fad352973417.root
/pnfs/sbn/data_add/sbn_nd/poms_production/data/MCP2025C/v10_14_02/Fall25-Run1_BNB_Dev_bnblight/reco1/bnblight/95/data_filtered_decoded_reco1-9501c07d-d539-d06c-2434-3ea6174fd0fd.root
/pnfs/sbn/data_add/sbn_nd/poms_production/data/MCP2025C/v10_14_02/Fall25-Run1_BNB_Dev_bnblight/reco1/bnblight/98/data_filtered_decoded_reco1-9842cd1c-9243-2226-989a-ccc44ddaf938.root
/pnfs/sbn/data_add/sbn_nd/poms_production/data/MCP2025C/v10_14_02/Fall25-Run1_BNB_Dev_bnblight/reco1/bnblight/a3/data_filtered_decoded_reco1-a3c3bccb-1122-da51-b8b0-6449946195f6.root
/pnfs/sbn/data_add/sbn_nd/poms_production/data/MCP2025C/v10_14_02/Fall25-Run1_BNB_Dev_bnblight/reco1/bnblight/a4/data_filtered_decoded_reco1-a4a66228-938a-0187-8d1a-70df04c5964f.root
/pnfs/sbn/data_add/sbn_nd/poms_production/data/MCP2025C/v10_14_02/Fall25-Run1_BNB_Dev_bnblight/reco1/bnblight/a7/data_filtered_decoded_reco1-a724541d-fcd1-59a4-ad4c-9ce77c0bf7e6.root
/pnfs/sbn/data_add/sbn_nd/poms_production/data/MCP2025C/v10_14_02/Fall25-Run1_BNB_Dev_bnblight/reco1/bnblight/b4/data_filtered_decoded_reco1-b49bdea1-9ef5-67c9-b022-59d3f74d8768.root
/pnfs/sbn/data_add/sbn_nd/poms_production/data/MCP2025C/v10_14_02/Fall25-Run1_BNB_Dev_bnblight/reco1/bnblight/c5/data_filtered_decoded_reco1-c5802df1-ea89-b111-1cff-d2e1aa399ffc.root
/pnfs/sbn/data_add/sbn_nd/poms_production/data/MCP2025C/v10_14_02/Fall25-Run1_BNB_Dev_bnblight/reco1/bnblight/cb/data_filtered_decoded_reco1-cb1d4c58-b725-5e4a-d9ec-7fb984eea944.root
/pnfs/sbn/data_add/sbn_nd/poms_production/data/MCP2025C/v10_14_02/Fall25-Run1_BNB_Dev_bnblight/reco1/bnblight/d0/data_filtered_decoded_reco1-d02223df-69fb-9e49-2957-9d8a3905b04f.root
/pnfs/sbn/data_add/sbn_nd/poms_production/data/MCP2025C/v10_14_02/Fall25-Run1_BNB_Dev_bnblight/reco1/bnblight/d1/data_filtered_decoded_reco1-d15d29cc-f63a-007b-d394-915cb9be6a6b.root
/pnfs/sbn/data_add/sbn_nd/poms_production/data/MCP2025C/v10_14_02/Fall25-Run1_BNB_Dev_bnblight/reco1/bnblight/d9/data_filtered_decoded_reco1-d9e614ec-14e7-f82a-6bc2-2d2255312c8b.root
/pnfs/sbn/data_add/sbn_nd/poms_production/data/MCP2025C/v10_14_02/Fall25-Run1_BNB_Dev_bnblight/reco1/bnblight/da/data_filtered_decoded_reco1-da3d92bd-d5fb-a2a7-55a0-780187306b46.root
/pnfs/sbn/data_add/sbn_nd/poms_production/data/MCP2025C/v10_14_02/Fall25-Run1_BNB_Dev_bnblight/reco1/bnblight/db/data_filtered_decoded_reco1-db7bdccd-03ab-ce7b-d86d-b57e09cdd566.root
/pnfs/sbn/data_add/sbn_nd/poms_production/data/MCP2025C/v10_14_02/Fall25-Run1_BNB_Dev_bnblight/reco1/bnblight/df/data_filtered_decoded_reco1-df6bc63e-c2f4-5aee-f96c-b9facde53025.root
/pnfs/sbn/data_add/sbn_nd/poms_production/data/MCP2025C/v10_14_02/Fall25-Run1_BNB_Dev_bnblight/reco1/bnblight/f8/data_filtered_decoded_reco1-f825a957-4585-39bc-4d6f-6ce66a0e3da4.root
/pnfs/sbn/data_add/sbn_nd/poms_production/data/MCP2025C/v10_14_02/Fall25-Run1_BNB_Dev_bnblight/reco1/bnblight/fc/data_filtered_decoded_reco1-fcbe952d-1882-ea40-d56e-9e769a67e0be.root
/pnfs/sbn/data_add/sbn_nd/poms_production/data/MCP2025C/v10_14_02/Fall25-Run1_BNB_Dev_bnblight/reco1/bnblight/fe/data_filtered_decoded_reco1-fe31b7d0-21de-0b9d-0d90-a08acbd55d68.root
/pnfs/sbn/data_add/sbn_nd/poms_production/data/MCP2025C/v10_14_02/Fall25-Run1_BNB_Dev_bnblight/reco1/bnblight/fe/data_filtered_decoded_reco1-fe6033f3-07a0-4971-cea5-16ce59269fba.root
