/exp/sbnd/data/users/lynnt/xsection/filtered_evds/data/nuecc_candidates/decoded-raw_filtered_data_EventBuilder1_art2_run18255_63_strmBNBLight_20250218T112540-e55a3142-6b1a-6f26-4b03-40b5179b313d_eventidfiltered.root
/exp/sbnd/data/users/lynnt/xsection/filtered_evds/data/nuecc_candidates/decoded-raw_filtered_data_EventBuilder1_art2_run18255_7_strmBNBLight_20250216T233304-b86607f7-4de0-e695-4d99-90a6d0d0e098_eventidfiltered.root
/exp/sbnd/data/users/lynnt/xsection/filtered_evds/data/nuecc_candidates/decoded-raw_filtered_data_EventBuilder2_p2_art1_run18255_31_strmBNBLight_20250217T152112-473a3b24-53c0-508d-86e6-42bac29bf94e_eventidfiltered.root
/exp/sbnd/data/users/lynnt/xsection/filtered_evds/data/nuecc_candidates/decoded-raw_filtered_data_EventBuilder2_p2_art1_run18255_42_strmBNBLight_20250217T225430-791d592f-946e-206b-bb36-45da0174e165_eventidfiltered.root
/exp/sbnd/data/users/lynnt/xsection/filtered_evds/data/nuecc_candidates/decoded-raw_filtered_data_EventBuilder3_p2_art1_run18364_25_strmBNBLight_20250330T140141-c5456da7-6b6a-d742-4900-3eec1f57bc25_eventidfiltered.root
/exp/sbnd/data/users/lynnt/xsection/filtered_evds/data/nuecc_candidates/decoded-raw_filtered_data_EventBuilder3_p2_art2_run18255_18_strmBNBLight_20250217T060415-cc8828e2-2d5f-e598-9f65-c1d523cb9394_eventidfiltered.root
/exp/sbnd/data/users/lynnt/xsection/filtered_evds/data/nuecc_candidates/decoded-raw_filtered_data_EventBuilder5_art1_run18259_2_strmBNBLight_20250218T235404-25a80455-d8a5-40ee-6ad5-b6314333fb9d_eventidfiltered.root
/exp/sbnd/data/users/lynnt/xsection/filtered_evds/data/nuecc_candidates/decoded-raw_filtered_data_EventBuilder5_art3_run18255_1_strmBNBLight_20250217T022958-43da3bb9-bd95-88f4-ab8d-5764754f12fb_eventidfiltered.root
/exp/sbnd/data/users/lynnt/xsection/filtered_evds/data/nuecc_candidates/decoded-raw_filtered_data_EventBuilder5_p2_art2_run18265_8_strmBNBLight_20250224T072413-7e5b7cc3-ebea-a388-2822-c9545893b86f_eventidfiltered.root
/exp/sbnd/data/users/lynnt/xsection/filtered_evds/data/nuecc_candidates/decoded-raw_filtered_data_EventBuilder5_p2_art2_run18327_45_strmBNBLight_20250315T210805-7353ef57-5f8e-d1d1-8ef7-6635442eee89_eventidfiltered.root
/exp/sbnd/data/users/lynnt/xsection/filtered_evds/data/nuecc_candidates/decoded-raw_filtered_data_EventBuilder5_p2_art2_run18355_26_strmBNBLight_20250327T180154-6b42a130-7324-8f23-c1d3-fbaefd60b1e0_eventidfiltered.root
/exp/sbnd/data/users/lynnt/xsection/filtered_evds/data/nuecc_candidates/decoded-raw_filtered_data_EventBuilder6_p2_art2_run18255_17_strmBNBLight_20250217T062309-b7972617-c66c-40a7-1182-a166fd3c85a4_eventidfiltered.root
/exp/sbnd/data/users/lynnt/xsection/filtered_evds/data/nuecc_candidates/decoded-raw_filtered_data_EventBuilder6_p2_art2_run18255_7_strmBNBLight_20250216T234350-b421436a-03ed-7052-ea9a-aa4cbfe7a2f6_eventidfiltered.root
/exp/sbnd/data/users/lynnt/xsection/filtered_evds/data/nuecc_candidates/decoded-raw_filtered_data_EventBuilder6_p2_art2_run18259_29_strmBNBLight_20250219T180115-6666dc96-5403-72ad-ef21-87e76697791d_eventidfiltered.root
/exp/sbnd/data/users/lynnt/xsection/filtered_evds/data/nuecc_candidates/decoded-raw_filtered_data_EventBuilder7_art1_run18255_31_strmBNBLight_20250217T153043-73c0061d-74ec-9372-e136-3a8fed179e1b_eventidfiltered.root
/exp/sbnd/data/users/lynnt/xsection/filtered_evds/data/nuecc_candidates/decoded-raw_filtered_data_EventBuilder7_art1_run18259_16_strmBNBLight_20250219T091529-24ac3c46-82c0-da36-b091-6bc304069cbc_eventidfiltered.root
/exp/sbnd/data/users/lynnt/xsection/filtered_evds/data/nuecc_candidates/decoded-raw_filtered_data_EventBuilder7_art1_run18271_57_strmBNBLight_20250303T225507-6caf66a0-f063-1513-cab1-636e4b1eae5a_eventidfiltered.root
/exp/sbnd/data/users/lynnt/xsection/filtered_evds/data/nuecc_candidates/decoded-raw_filtered_data_EventBuilder7_art1_run18306_11_strmBNBLight_20250309T003136-71544841-3511-e11e-4d08-4288bd03d128_eventidfiltered.root
/exp/sbnd/data/users/lynnt/xsection/filtered_evds/data/nuecc_candidates/decoded-raw_filtered_data_EventBuilder7_art2_run18255_16_strmBNBLight_20250217T051226-8ce76cce-5ff0-1008-6a01-c7376e3633c6_eventidfiltered.root
/exp/sbnd/data/users/lynnt/xsection/filtered_evds/data/nuecc_candidates/decoded-raw_filtered_data_EventBuilder7_art2_run18255_29_strmBNBLight_20250217T134400-e8e64b35-5537-ba90-8af8-accac80743b8_eventidfiltered.root
/exp/sbnd/data/users/lynnt/xsection/filtered_evds/data/nuecc_candidates/decoded-raw_filtered_data_EventBuilder7_art2_run18255_63_strmBNBLight_20250218T114024-4a9b1e59-bc0d-7b15-5815-c0aeda1731c9_eventidfiltered.root
/exp/sbnd/data/users/lynnt/xsection/filtered_evds/data/nuecc_candidates/decoded-raw_filtered_data_EventBuilder7_p2_art1_run18255_29_strmBNBLight_20250217T132407-09b9c9fd-525a-9c6b-5fde-a3ab3fc8a8a6_eventidfiltered.root
/exp/sbnd/data/users/lynnt/xsection/filtered_evds/data/nuecc_candidates/decoded-raw_filtered_data_EventBuilder7_p2_art1_run18255_33_strmBNBLight_20250217T160001-c89e37b8-a7a3-5976-e201-a8f818b253e1_eventidfiltered.root
/exp/sbnd/data/users/lynnt/xsection/filtered_evds/data/nuecc_candidates/decoded-raw_filtered_data_EventBuilder7_p2_art1_run18259_29_strmBNBLight_20250219T174448-91d0813a-ab89-215b-9a59-ee43402344ef_eventidfiltered.root
/exp/sbnd/data/users/lynnt/xsection/filtered_evds/data/nuecc_candidates/decoded-raw_filtered_data_EventBuilder7_p2_art2_run18255_47_strmBNBLight_20250218T014556-de2edfb3-09a1-adcd-9644-454f506b7dbb_eventidfiltered.root
