      1/515  work-mcp1k-d111snew                      files     93 (kept 54, dropped 39) links     0  0.12 MiB
      2/515  work-mcp1k-d111sold                      files     93 (kept 54, dropped 39) links     0  0.12 MiB
      3/515  work-mcp2k-d111snew                      files     93 (kept 54, dropped 39) links     0  0.10 MiB
      4/515  work-mcp2k-d111sold                      files     93 (kept 54, dropped 39) links     0  0.10 MiB
      5/515  028084_0_d111hoff                        files      7 (kept 3, dropped 4) links     2  0.04 MiB
      6/515  028084_0_d111hsr10                       files      7 (kept 3, dropped 4) links     2  0.02 MiB
      7/515  028084_0_d111hsr15                       files      7 (kept 3, dropped 4) links     2  0.04 MiB
      8/515  028084_0_d111hsr6                        files      7 (kept 3, dropped 4) links     2  0.04 MiB
      9/515  028084_0_d111htr                         files      7 (kept 3, dropped 4) links     2  0.04 MiB
     10/515  028084_0_d113hbase2                      files      7 (kept 3, dropped 4) links     2  0.04 MiB
     11/515  028084_0_d113hfoot                       files      7 (kept 3, dropped 4) links     2  0.06 MiB
     12/515  028084_0_d113hnopaint                    files      7 (kept 3, dropped 4) links     2  0.06 MiB
     13/515  028084_10_d111hoff                       files      7 (kept 3, dropped 4) links     2  0.02 MiB
     14/515  028084_10_d111hsr10                      files      7 (kept 3, dropped 4) links     2  0.03 MiB
     15/515  028084_10_d111hsr15                      files      7 (kept 3, dropped 4) links     2  0.04 MiB
     16/515  028084_10_d111hsr6                       files      7 (kept 3, dropped 4) links     2  0.03 MiB
     17/515  028084_10_d111htr                        files      7 (kept 3, dropped 4) links     2  0.02 MiB
     18/515  028084_10_d113hbase2                     files      7 (kept 3, dropped 4) links     2  0.02 MiB
     19/515  028084_10_d113hfoot                      files      7 (kept 3, dropped 4) links     2  0.04 MiB
     20/515  028084_10_d113hnopaint                   files      7 (kept 3, dropped 4) links     2  0.05 MiB
     21/515  028084_11_d111hoff                       files      7 (kept 3, dropped 4) links     2  0.11 MiB
     22/515  028084_11_d111hsr10                      files      7 (kept 3, dropped 4) links     2  0.15 MiB
     23/515  028084_11_d111hsr15                      files      7 (kept 3, dropped 4) links     2  0.16 MiB
     24/515  028084_11_d111hsr6                       files      7 (kept 3, dropped 4) links     2  0.14 MiB
     25/515  028084_11_d111htr                        files      7 (kept 3, dropped 4) links     2  0.11 MiB
     26/515  028084_11_d113hbase2                     files      7 (kept 3, dropped 4) links     2  0.11 MiB
     27/515  028084_11_d113hfoot                      files      7 (kept 3, dropped 4) links     2  0.15 MiB
     28/515  028084_11_d113hnopaint                   files      7 (kept 3, dropped 4) links     2  0.16 MiB
     29/515  028084_12_d111hoff                       files      7 (kept 3, dropped 4) links     2  0.08 MiB
     30/515  028084_12_d111hoff5                      files      7 (kept 3, dropped 4) links     2  0.08 MiB
     31/515  028084_12_d111hsr10                      files      7 (kept 3, dropped 4) links     2  0.10 MiB
     32/515  028084_12_d111hsr15                      files      7 (kept 3, dropped 4) links     2  0.08 MiB
     33/515  028084_12_d111hsr6                       files      7 (kept 3, dropped 4) links     2  0.12 MiB
     34/515  028084_12_d111htr                        files      7 (kept 3, dropped 4) links     2  0.08 MiB
     35/515  028084_12_d111shoff5                     files      7 (kept 3, dropped 4) links     2  0.08 MiB
     36/515  028084_12_d111shoff5b                    files      7 (kept 3, dropped 4) links     2  0.08 MiB
     37/515  028084_12_d113hbase2                     files      7 (kept 3, dropped 4) links     2  0.08 MiB
     38/515  028084_12_d113hfoot                      files      7 (kept 3, dropped 4) links     2  0.10 MiB
     39/515  028084_12_d113hnopaint                   files      7 (kept 3, dropped 4) links     2  0.12 MiB
     40/515  028084_13_d111hoff                       files      7 (kept 3, dropped 4) links     2  0.02 MiB
     41/515  028084_13_d111hsr10                      files      7 (kept 3, dropped 4) links     2  0.03 MiB
     42/515  028084_13_d111hsr15                      files      7 (kept 3, dropped 4) links     2  0.03 MiB
     43/515  028084_13_d111hsr6                       files      7 (kept 3, dropped 4) links     2  0.03 MiB
     44/515  028084_13_d111htr                        files      7 (kept 3, dropped 4) links     2  0.02 MiB
     45/515  028084_13_d113hbase2                     files      7 (kept 3, dropped 4) links     2  0.02 MiB
     46/515  028084_13_d113hfoot                      files      7 (kept 3, dropped 4) links     2  0.04 MiB
     47/515  028084_13_d113hnopaint                   files      7 (kept 3, dropped 4) links     2  0.05 MiB
     48/515  028084_14_d111hoff                       files      7 (kept 3, dropped 4) links     2  0.03 MiB
     49/515  028084_14_d111hsr10                      files      7 (kept 3, dropped 4) links     2  0.03 MiB
     50/515  028084_14_d111hsr15                      files      7 (kept 3, dropped 4) links     2  0.03 MiB
     51/515  028084_14_d111hsr6                       files      7 (kept 3, dropped 4) links     2  0.04 MiB
     52/515  028084_14_d111htr                        files      7 (kept 3, dropped 4) links     2  0.03 MiB
     53/515  028084_14_d113hbase2                     files      7 (kept 3, dropped 4) links     2  0.03 MiB
     54/515  028084_14_d113hfoot                      files      6 (kept 3, dropped 3) links     2  0.03 MiB
     55/515  028084_14_d113hnopaint                   files      6 (kept 3, dropped 3) links     2  0.03 MiB
     56/515  028084_15_d111hoff                       files      7 (kept 3, dropped 4) links     2  0.06 MiB
     57/515  028084_15_d111hsr10                      files      7 (kept 3, dropped 4) links     2  0.07 MiB
     58/515  028084_15_d111hsr15                      files      7 (kept 3, dropped 4) links     2  0.08 MiB
     59/515  028084_15_d111hsr6                       files      7 (kept 3, dropped 4) links     2  0.07 MiB
     60/515  028084_15_d111htr                        files      7 (kept 3, dropped 4) links     2  0.06 MiB
     61/515  028084_15_d113hbase2                     files      7 (kept 3, dropped 4) links     2  0.06 MiB
     62/515  028084_15_d113hfoot                      files      7 (kept 3, dropped 4) links     2  0.09 MiB
     63/515  028084_15_d113hnopaint                   files      7 (kept 3, dropped 4) links     2  0.07 MiB
     64/515  028084_16_d111hoff                       files      7 (kept 3, dropped 4) links     2  0.03 MiB
     65/515  028084_16_d111hsr10                      files      7 (kept 3, dropped 4) links     2  0.02 MiB
     66/515  028084_16_d111hsr15                      files      7 (kept 3, dropped 4) links     2  0.03 MiB
     67/515  028084_16_d111hsr6                       files      7 (kept 3, dropped 4) links     2  0.03 MiB
     68/515  028084_16_d111htr                        files      7 (kept 3, dropped 4) links     2  0.03 MiB
     69/515  028084_16_d113hbase2                     files      7 (kept 3, dropped 4) links     2  0.03 MiB
     70/515  028084_16_d113hfoot                      files      7 (kept 3, dropped 4) links     2  0.04 MiB
     71/515  028084_16_d113hnopaint                   files      7 (kept 3, dropped 4) links     2  0.04 MiB
     72/515  028084_17_d111hoff                       files      7 (kept 3, dropped 4) links     2  0.15 MiB
     73/515  028084_17_d111hsr10                      files      7 (kept 3, dropped 4) links     2  0.17 MiB
     74/515  028084_17_d111hsr15                      files      7 (kept 3, dropped 4) links     2  0.13 MiB
     75/515  028084_17_d111hsr6                       files      7 (kept 3, dropped 4) links     2  0.12 MiB
     76/515  028084_17_d111htr                        files      7 (kept 3, dropped 4) links     2  0.15 MiB
     77/515  028084_17_d113hbase2                     files      7 (kept 3, dropped 4) links     2  0.15 MiB
     78/515  028084_17_d113hfoot                      files      7 (kept 3, dropped 4) links     2  0.06 MiB
     79/515  028084_17_d113hnopaint                   files      7 (kept 3, dropped 4) links     2  0.08 MiB
     80/515  028084_18_d111hoff                       files      7 (kept 3, dropped 4) links     2  0.07 MiB
     81/515  028084_18_d111hsr10                      files      7 (kept 3, dropped 4) links     2  0.13 MiB
     82/515  028084_18_d111hsr15                      files      7 (kept 3, dropped 4) links     2  0.05 MiB
     83/515  028084_18_d111hsr6                       files      7 (kept 3, dropped 4) links     2  0.09 MiB
     84/515  028084_18_d111htr                        files      7 (kept 3, dropped 4) links     2  0.07 MiB
     85/515  028084_18_d113hbase2                     files      7 (kept 3, dropped 4) links     2  0.07 MiB
     86/515  028084_18_d113hfoot                      files      7 (kept 3, dropped 4) links     2  0.07 MiB
     87/515  028084_18_d113hnopaint                   files      7 (kept 3, dropped 4) links     2  0.08 MiB
     88/515  028084_19_d111hoff                       files      7 (kept 3, dropped 4) links     2  0.02 MiB
     89/515  028084_19_d111hsr10                      files      7 (kept 3, dropped 4) links     2  0.03 MiB
     90/515  028084_19_d111hsr15                      files      7 (kept 3, dropped 4) links     2  0.03 MiB
     91/515  028084_19_d111hsr6                       files      7 (kept 3, dropped 4) links     2  0.03 MiB
     92/515  028084_19_d111htr                        files      7 (kept 3, dropped 4) links     2  0.02 MiB
     93/515  028084_19_d113hbase2                     files      7 (kept 3, dropped 4) links     2  0.02 MiB
     94/515  028084_19_d113hfoot                      files      7 (kept 3, dropped 4) links     2  0.05 MiB
     95/515  028084_19_d113hnopaint                   files      7 (kept 3, dropped 4) links     2  0.04 MiB
     96/515  028084_1_d111hoff                        files      7 (kept 3, dropped 4) links     2  0.17 MiB
     97/515  028084_1_d111hsr10                       files      7 (kept 3, dropped 4) links     2  0.33 MiB
     98/515  028084_1_d111hsr15                       files      7 (kept 3, dropped 4) links     2  0.17 MiB
     99/515  028084_1_d111hsr6                        files      7 (kept 3, dropped 4) links     2  0.22 MiB
    100/515  028084_1_d111htr                         files      7 (kept 3, dropped 4) links     2  0.17 MiB
    101/515  028084_1_d113hbase2                      files      7 (kept 3, dropped 4) links     2  0.17 MiB
    102/515  028084_1_d113hfoot                       files      7 (kept 3, dropped 4) links     2  0.19 MiB
    103/515  028084_1_d113hnopaint                    files      7 (kept 3, dropped 4) links     2  0.19 MiB
    104/515  028084_20_d111hoff                       files      7 (kept 3, dropped 4) links     2  0.08 MiB
    105/515  028084_20_d111hsr10                      files      7 (kept 3, dropped 4) links     2  0.08 MiB
    106/515  028084_20_d111hsr15                      files      7 (kept 3, dropped 4) links     2  0.07 MiB
    107/515  028084_20_d111hsr6                       files      7 (kept 3, dropped 4) links     2  0.09 MiB
    108/515  028084_20_d111htr                        files      7 (kept 3, dropped 4) links     2  0.08 MiB
    109/515  028084_20_d113hbase2                     files      7 (kept 3, dropped 4) links     2  0.08 MiB
    110/515  028084_20_d113hfoot                      files      7 (kept 3, dropped 4) links     2  0.06 MiB
    111/515  028084_20_d113hnopaint                   files      7 (kept 3, dropped 4) links     2  0.06 MiB
    112/515  028084_21_d111hoff                       files      7 (kept 3, dropped 4) links     2  0.08 MiB
    113/515  028084_21_d111hsr10                      files      7 (kept 3, dropped 4) links     2  0.08 MiB
    114/515  028084_21_d111hsr15                      files      7 (kept 3, dropped 4) links     2  0.09 MiB
    115/515  028084_21_d111hsr6                       files      7 (kept 3, dropped 4) links     2  0.08 MiB
    116/515  028084_21_d111htr                        files      7 (kept 3, dropped 4) links     2  0.08 MiB
    117/515  028084_21_d113hbase2                     files      7 (kept 3, dropped 4) links     2  0.08 MiB
    118/515  028084_21_d113hfoot                      files      7 (kept 3, dropped 4) links     2  0.13 MiB
    119/515  028084_21_d113hnopaint                   files      7 (kept 3, dropped 4) links     2  0.10 MiB
    120/515  028084_22_d111hoff                       files      7 (kept 3, dropped 4) links     2  0.02 MiB
    121/515  028084_22_d111hsr10                      files      7 (kept 3, dropped 4) links     2  0.02 MiB
    122/515  028084_22_d111hsr15                      files      7 (kept 3, dropped 4) links     2  0.02 MiB
    123/515  028084_22_d111hsr6                       files      7 (kept 3, dropped 4) links     2  0.02 MiB
    124/515  028084_22_d111htr                        files      7 (kept 3, dropped 4) links     2  0.02 MiB
    125/515  028084_22_d113hbase2                     files      7 (kept 3, dropped 4) links     2  0.02 MiB
    126/515  028084_22_d113hfoot                      files      7 (kept 3, dropped 4) links     2  0.04 MiB
    127/515  028084_22_d113hnopaint                   files      7 (kept 3, dropped 4) links     2  0.04 MiB
    128/515  028084_23_d111hoff                       files      7 (kept 3, dropped 4) links     2  0.09 MiB
    129/515  028084_23_d111hsr10                      files      7 (kept 3, dropped 4) links     2  0.08 MiB
    130/515  028084_23_d111hsr15                      files      7 (kept 3, dropped 4) links     2  0.08 MiB
    131/515  028084_23_d111hsr6                       files      7 (kept 3, dropped 4) links     2  0.05 MiB
    132/515  028084_23_d111htr                        files      7 (kept 3, dropped 4) links     2  0.09 MiB
    133/515  028084_23_d113hbase2                     files      7 (kept 3, dropped 4) links     2  0.09 MiB
    134/515  028084_23_d113hfoot                      files      7 (kept 3, dropped 4) links     2  0.06 MiB
    135/515  028084_23_d113hnopaint                   files      7 (kept 3, dropped 4) links     2  0.08 MiB
    136/515  028084_24_d111hoff                       files      7 (kept 3, dropped 4) links     2  0.06 MiB
    137/515  028084_24_d111hsr10                      files      7 (kept 3, dropped 4) links     2  0.03 MiB
    138/515  028084_24_d111hsr15                      files      7 (kept 3, dropped 4) links     2  0.04 MiB
    139/515  028084_24_d111hsr6                       files      7 (kept 3, dropped 4) links     2  0.03 MiB
    140/515  028084_24_d111htr                        files      7 (kept 3, dropped 4) links     2  0.06 MiB
    141/515  028084_24_d113hbase2                     files      7 (kept 3, dropped 4) links     2  0.06 MiB
    142/515  028084_24_d113hfoot                      files      7 (kept 3, dropped 4) links     2  0.06 MiB
    143/515  028084_24_d113hnopaint                   files      7 (kept 3, dropped 4) links     2  0.06 MiB
    144/515  028084_25_d111hoff                       files      7 (kept 3, dropped 4) links     2  0.02 MiB
    145/515  028084_25_d111hsr10                      files      7 (kept 3, dropped 4) links     2  0.02 MiB
    146/515  028084_25_d111hsr15                      files      7 (kept 3, dropped 4) links     2  0.02 MiB
    147/515  028084_25_d111hsr6                       files      7 (kept 3, dropped 4) links     2  0.02 MiB
    148/515  028084_25_d111htr                        files      7 (kept 3, dropped 4) links     2  0.02 MiB
    149/515  028084_25_d113hbase2                     files      7 (kept 3, dropped 4) links     2  0.02 MiB
    150/515  028084_25_d113hfoot                      files      7 (kept 3, dropped 4) links     2  0.08 MiB
    151/515  028084_25_d113hnopaint                   files      7 (kept 3, dropped 4) links     2  0.08 MiB
    152/515  028084_26_d111hoff                       files      7 (kept 3, dropped 4) links     2  0.03 MiB
    153/515  028084_26_d111hsr10                      files      7 (kept 3, dropped 4) links     2  0.06 MiB
    154/515  028084_26_d111hsr15                      files      7 (kept 3, dropped 4) links     2  0.03 MiB
    155/515  028084_26_d111hsr6                       files      7 (kept 3, dropped 4) links     2  0.02 MiB
    156/515  028084_26_d111htr                        files      7 (kept 3, dropped 4) links     2  0.03 MiB
    157/515  028084_26_d113hbase2                     files      7 (kept 3, dropped 4) links     2  0.03 MiB
    158/515  028084_26_d113hfoot                      files      7 (kept 3, dropped 4) links     2  0.05 MiB
    159/515  028084_26_d113hnopaint                   files      7 (kept 3, dropped 4) links     2  0.05 MiB
    160/515  028084_27_d111hoff                       files      7 (kept 3, dropped 4) links     2  0.05 MiB
    161/515  028084_27_d111hsr10                      files      7 (kept 3, dropped 4) links     2  0.05 MiB
    162/515  028084_27_d111hsr15                      files      7 (kept 3, dropped 4) links     2  0.04 MiB
    163/515  028084_27_d111hsr6                       files      7 (kept 3, dropped 4) links     2  0.05 MiB
    164/515  028084_27_d111htr                        files      7 (kept 3, dropped 4) links     2  0.05 MiB
    165/515  028084_27_d113hbase2                     files      7 (kept 3, dropped 4) links     2  0.05 MiB
    166/515  028084_27_d113hfoot                      files      7 (kept 3, dropped 4) links     2  0.06 MiB
    167/515  028084_27_d113hnopaint                   files      7 (kept 3, dropped 4) links     2  0.06 MiB
    168/515  028084_28_d111hoff                       files      7 (kept 3, dropped 4) links     2  0.03 MiB
    169/515  028084_28_d111hsr10                      files      7 (kept 3, dropped 4) links     2  0.02 MiB
    170/515  028084_28_d111hsr15                      files      7 (kept 3, dropped 4) links     2  0.02 MiB
    171/515  028084_28_d111hsr6                       files      6 (kept 3, dropped 3) links     2  0.02 MiB
    172/515  028084_28_d111htr                        files      7 (kept 3, dropped 4) links     2  0.03 MiB
    173/515  028084_28_d113hbase2                     files      7 (kept 3, dropped 4) links     2  0.03 MiB
    174/515  028084_28_d113hfoot                      files      7 (kept 3, dropped 4) links     2  0.07 MiB
    175/515  028084_28_d113hnopaint                   files      7 (kept 3, dropped 4) links     2  0.08 MiB
    176/515  028084_29_d111hoff                       files      7 (kept 3, dropped 4) links     2  0.02 MiB
    177/515  028084_29_d111hsr10                      files      7 (kept 3, dropped 4) links     2  0.03 MiB
    178/515  028084_29_d111hsr15                      files      7 (kept 3, dropped 4) links     2  0.02 MiB
    179/515  028084_29_d111hsr6                       files      7 (kept 3, dropped 4) links     2  0.02 MiB
    180/515  028084_29_d111htr                        files      7 (kept 3, dropped 4) links     2  0.02 MiB
    181/515  028084_29_d113hbase2                     files      7 (kept 3, dropped 4) links     2  0.02 MiB
    182/515  028084_29_d113hfoot                      files      7 (kept 3, dropped 4) links     2  0.04 MiB
    183/515  028084_29_d113hnopaint                   files      7 (kept 3, dropped 4) links     2  0.04 MiB
    184/515  028084_2_d111hoff                        files      7 (kept 3, dropped 4) links     2  0.07 MiB
    185/515  028084_2_d111hsr10                       files      7 (kept 3, dropped 4) links     2  0.04 MiB
    186/515  028084_2_d111hsr15                       files      7 (kept 3, dropped 4) links     2  0.05 MiB
    187/515  028084_2_d111hsr6                        files      7 (kept 3, dropped 4) links     2  0.05 MiB
    188/515  028084_2_d111htr                         files      7 (kept 3, dropped 4) links     2  0.07 MiB
    189/515  028084_2_d113hbase2                      files      7 (kept 3, dropped 4) links     2  0.07 MiB
    190/515  028084_2_d113hfoot                       files      7 (kept 3, dropped 4) links     2  0.07 MiB
    191/515  028084_2_d113hnopaint                    files      7 (kept 3, dropped 4) links     2  0.09 MiB
    192/515  028084_30_d111hoff                       files      7 (kept 3, dropped 4) links     2  0.03 MiB
    193/515  028084_30_d111hsr10                      files      7 (kept 3, dropped 4) links     2  0.02 MiB
    194/515  028084_30_d111hsr15                      files      7 (kept 3, dropped 4) links     2  0.02 MiB
    195/515  028084_30_d111hsr6                       files      7 (kept 3, dropped 4) links     2  0.03 MiB
    196/515  028084_30_d111htr                        files      7 (kept 3, dropped 4) links     2  0.03 MiB
    197/515  028084_30_d113hbase2                     files      7 (kept 3, dropped 4) links     2  0.03 MiB
    198/515  028084_30_d113hfoot                      files      7 (kept 3, dropped 4) links     2  0.05 MiB
    199/515  028084_30_d113hnopaint                   files      7 (kept 3, dropped 4) links     2  0.06 MiB
    200/515  028084_3_d111hoff                        files      7 (kept 3, dropped 4) links     2  0.09 MiB
    201/515  028084_3_d111hoff5                       files      7 (kept 3, dropped 4) links     2  0.09 MiB
    202/515  028084_3_d111hsr10                       files      7 (kept 3, dropped 4) links     2  0.10 MiB
    203/515  028084_3_d111hsr15                       files      7 (kept 3, dropped 4) links     2  0.09 MiB
    204/515  028084_3_d111hsr6                        files      7 (kept 3, dropped 4) links     2  0.08 MiB
    205/515  028084_3_d111htr                         files      7 (kept 3, dropped 4) links     2  0.09 MiB
    206/515  028084_3_d111shoff5                      files      7 (kept 3, dropped 4) links     2  0.09 MiB
    207/515  028084_3_d111shoff5b                     files      7 (kept 3, dropped 4) links     2  0.09 MiB
    208/515  028084_3_d113hbase2                      files      7 (kept 3, dropped 4) links     2  0.09 MiB
    209/515  028084_3_d113hfoot                       files      7 (kept 3, dropped 4) links     2  0.08 MiB
    210/515  028084_3_d113hnopaint                    files      7 (kept 3, dropped 4) links     2  0.10 MiB
    211/515  028084_4_d111hoff                        files      7 (kept 3, dropped 4) links     2  0.07 MiB
    212/515  028084_4_d111hsr10                       files      7 (kept 3, dropped 4) links     2  0.08 MiB
    213/515  028084_4_d111hsr15                       files      7 (kept 3, dropped 4) links     2  0.08 MiB
    214/515  028084_4_d111hsr6                        files      7 (kept 3, dropped 4) links     2  0.11 MiB
    215/515  028084_4_d111htr                         files      7 (kept 3, dropped 4) links     2  0.07 MiB
    216/515  028084_4_d113hbase2                      files      7 (kept 3, dropped 4) links     2  0.07 MiB
    217/515  028084_4_d113hfoot                       files      7 (kept 3, dropped 4) links     2  0.05 MiB
    218/515  028084_4_d113hnopaint                    files      7 (kept 3, dropped 4) links     2  0.10 MiB
    219/515  028084_5_d111hoff                        files      7 (kept 3, dropped 4) links     2  0.02 MiB
    220/515  028084_5_d111hsr10                       files      7 (kept 3, dropped 4) links     2  0.02 MiB
    221/515  028084_5_d111hsr15                       files      7 (kept 3, dropped 4) links     2  0.03 MiB
    222/515  028084_5_d111hsr6                        files      7 (kept 3, dropped 4) links     2  0.03 MiB
    223/515  028084_5_d111htr                         files      7 (kept 3, dropped 4) links     2  0.02 MiB
    224/515  028084_5_d113hbase2                      files      7 (kept 3, dropped 4) links     2  0.02 MiB
    225/515  028084_5_d113hfoot                       files      7 (kept 3, dropped 4) links     2  0.05 MiB
    226/515  028084_5_d113hnopaint                    files      7 (kept 3, dropped 4) links     2  0.05 MiB
    227/515  028084_6_d111hoff                        files      7 (kept 3, dropped 4) links     2  0.02 MiB
    228/515  028084_6_d111hsr10                       files      7 (kept 3, dropped 4) links     2  0.04 MiB
    229/515  028084_6_d111hsr15                       files      7 (kept 3, dropped 4) links     2  0.03 MiB
    230/515  028084_6_d111hsr6                        files      7 (kept 3, dropped 4) links     2  0.06 MiB
    231/515  028084_6_d111htr                         files      7 (kept 3, dropped 4) links     2  0.02 MiB
    232/515  028084_6_d113hbase2                      files      7 (kept 3, dropped 4) links     2  0.03 MiB
    233/515  028084_6_d113hfoot                       files      7 (kept 3, dropped 4) links     2  0.06 MiB
    234/515  028084_6_d113hnopaint                    files      7 (kept 3, dropped 4) links     2  0.06 MiB
    235/515  028084_7_d111hoff                        files      7 (kept 3, dropped 4) links     2  0.06 MiB
    236/515  028084_7_d111hsr10                       files      7 (kept 3, dropped 4) links     2  0.13 MiB
    237/515  028084_7_d111hsr15                       files      7 (kept 3, dropped 4) links     2  0.12 MiB
    238/515  028084_7_d111hsr6                        files      7 (kept 3, dropped 4) links     2  0.07 MiB
    239/515  028084_7_d111htr                         files      7 (kept 3, dropped 4) links     2  0.06 MiB
    240/515  028084_7_d113hbase2                      files      7 (kept 3, dropped 4) links     2  0.06 MiB
    241/515  028084_7_d113hfoot                       files      7 (kept 3, dropped 4) links     2  0.12 MiB
    242/515  028084_7_d113hnopaint                    files      7 (kept 3, dropped 4) links     2  0.10 MiB
    243/515  028084_8_d111hoff                        files      7 (kept 3, dropped 4) links     2  0.11 MiB
    244/515  028084_8_d111hsr10                       files      7 (kept 3, dropped 4) links     2  0.12 MiB
    245/515  028084_8_d111hsr15                       files      7 (kept 3, dropped 4) links     2  0.10 MiB
    246/515  028084_8_d111hsr6                        files      7 (kept 3, dropped 4) links     2  0.02 MiB
    247/515  028084_8_d111htr                         files      7 (kept 3, dropped 4) links     2  0.11 MiB
    248/515  028084_8_d113hbase2                      files      7 (kept 3, dropped 4) links     2  0.11 MiB
    249/515  028084_8_d113hfoot                       files      7 (kept 3, dropped 4) links     2  0.13 MiB
    250/515  028084_8_d113hnopaint                    files      7 (kept 3, dropped 4) links     2  0.12 MiB
    251/515  028084_9_d111hoff                        files      7 (kept 3, dropped 4) links     2  0.09 MiB
    252/515  028084_9_d111hsr10                       files      7 (kept 3, dropped 4) links     2  0.09 MiB
    253/515  028084_9_d111hsr15                       files      7 (kept 3, dropped 4) links     2  0.09 MiB
    254/515  028084_9_d111hsr6                        files      7 (kept 3, dropped 4) links     2  0.10 MiB
    255/515  028084_9_d111htr                         files      7 (kept 3, dropped 4) links     2  0.09 MiB
    256/515  028084_9_d113hbase2                      files      7 (kept 3, dropped 4) links     2  0.09 MiB
    257/515  028084_9_d113hfoot                       files      7 (kept 3, dropped 4) links     2  0.08 MiB
    258/515  028084_9_d113hnopaint                    files      7 (kept 3, dropped 4) links     2  0.08 MiB
    259/515  029107_0_d111hoff                        files      7 (kept 3, dropped 4) links     2  0.03 MiB
    260/515  029107_0_d111hsr10                       files      7 (kept 3, dropped 4) links     2  0.04 MiB
    261/515  029107_0_d111hsr15                       files      7 (kept 3, dropped 4) links     2  0.04 MiB
    262/515  029107_0_d111hsr6                        files      7 (kept 3, dropped 4) links     2  0.05 MiB
    263/515  029107_0_d111htr                         files      7 (kept 3, dropped 4) links     2  0.03 MiB
    264/515  029107_0_d113hbase2                      files      7 (kept 3, dropped 4) links     2  0.03 MiB
    265/515  029107_0_d113hfoot                       files      7 (kept 3, dropped 4) links     2  0.06 MiB
    266/515  029107_0_d113hnopaint                    files      7 (kept 3, dropped 4) links     2  0.06 MiB
    267/515  029107_10_d111hoff                       files      7 (kept 3, dropped 4) links     2  0.08 MiB
    268/515  029107_10_d111hsr10                      files      7 (kept 3, dropped 4) links     2  0.09 MiB
    269/515  029107_10_d111hsr15                      files      7 (kept 3, dropped 4) links     2  0.07 MiB
    270/515  029107_10_d111hsr6                       files      7 (kept 3, dropped 4) links     2  0.10 MiB
    271/515  029107_10_d111htr                        files      7 (kept 3, dropped 4) links     2  0.08 MiB
    272/515  029107_10_d113hbase2                     files      7 (kept 3, dropped 4) links     2  0.08 MiB
    273/515  029107_10_d113hfoot                      files      7 (kept 3, dropped 4) links     2  0.12 MiB
    274/515  029107_10_d113hnopaint                   files      7 (kept 3, dropped 4) links     2  0.10 MiB
    275/515  029107_11_d111hoff                       files      7 (kept 3, dropped 4) links     2  0.04 MiB
    276/515  029107_11_d111hsr10                      files      7 (kept 3, dropped 4) links     2  0.03 MiB
    277/515  029107_11_d111hsr15                      files      7 (kept 3, dropped 4) links     2  0.04 MiB
    278/515  029107_11_d111hsr6                       files      7 (kept 3, dropped 4) links     2  0.04 MiB
    279/515  029107_11_d111htr                        files      7 (kept 3, dropped 4) links     2  0.04 MiB
    280/515  029107_11_d113hbase2                     files      7 (kept 3, dropped 4) links     2  0.04 MiB
    281/515  029107_11_d113hfoot                      files      7 (kept 3, dropped 4) links     2  0.05 MiB
    282/515  029107_11_d113hnopaint                   files      7 (kept 3, dropped 4) links     2  0.05 MiB
    283/515  029107_12_d111hoff                       files      7 (kept 3, dropped 4) links     2  0.15 MiB
    284/515  029107_12_d111hsr10                      files      7 (kept 3, dropped 4) links     2  0.12 MiB
    285/515  029107_12_d111hsr15                      files      7 (kept 3, dropped 4) links     2  0.05 MiB
    286/515  029107_12_d111hsr6                       files      7 (kept 3, dropped 4) links     2  0.12 MiB
    287/515  029107_12_d111htr                        files      7 (kept 3, dropped 4) links     2  0.15 MiB
    288/515  029107_12_d113hbase2                     files      7 (kept 3, dropped 4) links     2  0.15 MiB
    289/515  029107_12_d113hfoot                      files      7 (kept 3, dropped 4) links     2  0.10 MiB
    290/515  029107_12_d113hnopaint                   files      7 (kept 3, dropped 4) links     2  0.18 MiB
    291/515  029107_13_d111hoff                       files      7 (kept 3, dropped 4) links     2  0.02 MiB
    292/515  029107_13_d111hsr10                      files      7 (kept 3, dropped 4) links     2  0.02 MiB
    293/515  029107_13_d111hsr15                      files      7 (kept 3, dropped 4) links     2  0.02 MiB
    294/515  029107_13_d111hsr6                       files      7 (kept 3, dropped 4) links     2  0.02 MiB
    295/515  029107_13_d111htr                        files      7 (kept 3, dropped 4) links     2  0.02 MiB
    296/515  029107_13_d113hbase2                     files      7 (kept 3, dropped 4) links     2  0.02 MiB
    297/515  029107_13_d113hfoot                      files      7 (kept 3, dropped 4) links     2  0.04 MiB
    298/515  029107_13_d113hnopaint                   files      7 (kept 3, dropped 4) links     2  0.04 MiB
    299/515  029107_14_d111hoff                       files      7 (kept 3, dropped 4) links     2  0.06 MiB
    300/515  029107_14_d111hsr10                      files      7 (kept 3, dropped 4) links     2  0.07 MiB
    301/515  029107_14_d111hsr15                      files      7 (kept 3, dropped 4) links     2  0.05 MiB
    302/515  029107_14_d111hsr6                       files      7 (kept 3, dropped 4) links     2  0.06 MiB
    303/515  029107_14_d111htr                        files      7 (kept 3, dropped 4) links     2  0.06 MiB
    304/515  029107_14_d113hbase2                     files      7 (kept 3, dropped 4) links     2  0.06 MiB
    305/515  029107_14_d113hfoot                      files      7 (kept 3, dropped 4) links     2  0.06 MiB
    306/515  029107_14_d113hnopaint                   files      7 (kept 3, dropped 4) links     2  0.05 MiB
    307/515  029107_15_d111hoff                       files      7 (kept 3, dropped 4) links     2  0.12 MiB
    308/515  029107_15_d111hsr10                      files      7 (kept 3, dropped 4) links     2  0.12 MiB
    309/515  029107_15_d111hsr15                      files      7 (kept 3, dropped 4) links     2  0.12 MiB
    310/515  029107_15_d111hsr6                       files      7 (kept 3, dropped 4) links     2  0.12 MiB
    311/515  029107_15_d111htr                        files      7 (kept 3, dropped 4) links     2  0.12 MiB
    312/515  029107_15_d113hbase2                     files      7 (kept 3, dropped 4) links     2  0.12 MiB
    313/515  029107_15_d113hfoot                      files      7 (kept 3, dropped 4) links     2  0.15 MiB
    314/515  029107_15_d113hnopaint                   files      7 (kept 3, dropped 4) links     2  0.14 MiB
    315/515  029107_16_d111hA0                        files      7 (kept 3, dropped 4) links     2  0.18 MiB
    316/515  029107_16_d111hA1                        files      7 (kept 3, dropped 4) links     2  0.17 MiB
    317/515  029107_16_d111hK                         files      7 (kept 3, dropped 4) links     2  0.16 MiB
    318/515  029107_16_d111hS                         files      7 (kept 3, dropped 4) links     2  0.14 MiB
    319/515  029107_16_d111hoff                       files      7 (kept 3, dropped 4) links     2  0.17 MiB
    320/515  029107_16_d111hoff5                      files      7 (kept 3, dropped 4) links     2  0.17 MiB
    321/515  029107_16_d111hsr10                      files      7 (kept 3, dropped 4) links     2  0.03 MiB
    322/515  029107_16_d111hsr10tr                    files      7 (kept 3, dropped 4) links     2  0.03 MiB
    323/515  029107_16_d111hsr15                      files      7 (kept 3, dropped 4) links     2  0.15 MiB
    324/515  029107_16_d111hsr6                       files      7 (kept 3, dropped 4) links     2  0.10 MiB
    325/515  029107_16_d111hstsmk                     files      7 (kept 3, dropped 4) links     2  0.17 MiB
    326/515  029107_16_d111htr                        files      7 (kept 3, dropped 4) links     2  0.17 MiB
    327/515  029107_16_d111shoff1                     files      7 (kept 3, dropped 4) links     2  0.17 MiB
    328/515  029107_16_d111shoff5                     files      7 (kept 3, dropped 4) links     2  0.17 MiB
    329/515  029107_16_d111shoff5b                    files      7 (kept 3, dropped 4) links     2  0.17 MiB
    330/515  029107_16_d113hbase2                     files      7 (kept 3, dropped 4) links     2  0.17 MiB
    331/515  029107_16_d113hfoot                      files      7 (kept 3, dropped 4) links     2  0.08 MiB
    332/515  029107_16_d113hnopaint                   files      7 (kept 3, dropped 4) links     2  0.08 MiB
    333/515  029107_16_d113hstep1                     files      7 (kept 3, dropped 4) links     2  0.18 MiB
    334/515  029107_17_d111hoff                       files      7 (kept 3, dropped 4) links     2  0.02 MiB
    335/515  029107_17_d111hsr10                      files      7 (kept 3, dropped 4) links     2  0.02 MiB
    336/515  029107_17_d111hsr15                      files      7 (kept 3, dropped 4) links     2  0.02 MiB
    337/515  029107_17_d111hsr6                       files      7 (kept 3, dropped 4) links     2  0.03 MiB
    338/515  029107_17_d111htr                        files      7 (kept 3, dropped 4) links     2  0.02 MiB
    339/515  029107_17_d113hbase2                     files      7 (kept 3, dropped 4) links     2  0.02 MiB
    340/515  029107_17_d113hfoot                      files      7 (kept 3, dropped 4) links     2  0.04 MiB
    341/515  029107_17_d113hnopaint                   files      7 (kept 3, dropped 4) links     2  0.04 MiB
    342/515  029107_18_d111hoff                       files      7 (kept 3, dropped 4) links     2  0.41 MiB
    343/515  029107_18_d111hoff5                      files      7 (kept 3, dropped 4) links     2  0.42 MiB
    344/515  029107_18_d111hsr10                      files      7 (kept 3, dropped 4) links     2  0.29 MiB
    345/515  029107_18_d111hsr15                      files      7 (kept 3, dropped 4) links     2  0.50 MiB
    346/515  029107_18_d111hsr6                       files      7 (kept 3, dropped 4) links     2  0.47 MiB
    347/515  029107_18_d111htr                        files      7 (kept 3, dropped 4) links     2  0.42 MiB
    348/515  029107_18_d111shoff5                     files      7 (kept 3, dropped 4) links     2  0.41 MiB
    349/515  029107_18_d111shoff5b                    files      7 (kept 3, dropped 4) links     2  0.42 MiB
    350/515  029107_18_d113hbase2                     files      7 (kept 3, dropped 4) links     2  0.41 MiB
    351/515  029107_18_d113hfoot                      files      7 (kept 3, dropped 4) links     2  0.34 MiB
    352/515  029107_18_d113hnopaint                   files      7 (kept 3, dropped 4) links     2  0.39 MiB
    353/515  029107_19_d111hoff                       files      7 (kept 3, dropped 4) links     2  0.10 MiB
    354/515  029107_19_d111hsr10                      files      7 (kept 3, dropped 4) links     2  0.11 MiB
    355/515  029107_19_d111hsr15                      files      7 (kept 3, dropped 4) links     2  0.06 MiB
    356/515  029107_19_d111hsr6                       files      7 (kept 3, dropped 4) links     2  0.16 MiB
    357/515  029107_19_d111htr                        files      7 (kept 3, dropped 4) links     2  0.10 MiB
    358/515  029107_19_d113hbase2                     files      7 (kept 3, dropped 4) links     2  0.10 MiB
    359/515  029107_19_d113hfoot                      files      7 (kept 3, dropped 4) links     2  0.14 MiB
    360/515  029107_19_d113hnopaint                   files      7 (kept 3, dropped 4) links     2  0.11 MiB
    361/515  029107_1_d111hoff                        files      7 (kept 3, dropped 4) links     2  0.07 MiB
    362/515  029107_1_d111hsr10                       files      7 (kept 3, dropped 4) links     2  0.09 MiB
    363/515  029107_1_d111hsr15                       files      7 (kept 3, dropped 4) links     2  0.09 MiB
    364/515  029107_1_d111hsr6                        files      7 (kept 3, dropped 4) links     2  0.08 MiB
    365/515  029107_1_d111htr                         files      7 (kept 3, dropped 4) links     2  0.07 MiB
    366/515  029107_1_d113hbase2                      files      7 (kept 3, dropped 4) links     2  0.07 MiB
    367/515  029107_1_d113hfoot                       files      7 (kept 3, dropped 4) links     2  0.05 MiB
    368/515  029107_1_d113hnopaint                    files      7 (kept 3, dropped 4) links     2  0.05 MiB
    369/515  029107_20_d111hoff                       files      7 (kept 3, dropped 4) links     2  0.06 MiB
    370/515  029107_20_d111hsr10                      files      7 (kept 3, dropped 4) links     2  0.10 MiB
    371/515  029107_20_d111hsr15                      files      7 (kept 3, dropped 4) links     2  0.08 MiB
    372/515  029107_20_d111hsr6                       files      7 (kept 3, dropped 4) links     2  0.10 MiB
    373/515  029107_20_d111htr                        files      7 (kept 3, dropped 4) links     2  0.06 MiB
    374/515  029107_20_d113hbase2                     files      7 (kept 3, dropped 4) links     2  0.06 MiB
    375/515  029107_20_d113hfoot                      files      7 (kept 3, dropped 4) links     2  0.13 MiB
    376/515  029107_20_d113hnopaint                   files      7 (kept 3, dropped 4) links     2  0.14 MiB
    377/515  029107_21_d111hoff                       files      7 (kept 3, dropped 4) links     2  0.05 MiB
    378/515  029107_21_d111hsr10                      files      7 (kept 3, dropped 4) links     2  0.05 MiB
    379/515  029107_21_d111hsr15                      files      7 (kept 3, dropped 4) links     2  0.07 MiB
    380/515  029107_21_d111hsr6                       files      7 (kept 3, dropped 4) links     2  0.05 MiB
    381/515  029107_21_d111htr                        files      7 (kept 3, dropped 4) links     2  0.05 MiB
    382/515  029107_21_d113hbase2                     files      7 (kept 3, dropped 4) links     2  0.05 MiB
    383/515  029107_21_d113hfoot                      files      7 (kept 3, dropped 4) links     2  0.06 MiB
    384/515  029107_21_d113hnopaint                   files      7 (kept 3, dropped 4) links     2  0.07 MiB
    385/515  029107_22_d111hoff                       files      7 (kept 3, dropped 4) links     2  0.02 MiB
    386/515  029107_22_d111hsr10                      files      7 (kept 3, dropped 4) links     2  0.02 MiB
    387/515  029107_22_d111hsr15                      files      7 (kept 3, dropped 4) links     2  0.02 MiB
    388/515  029107_22_d111hsr6                       files      7 (kept 3, dropped 4) links     2  0.02 MiB
    389/515  029107_22_d111htr                        files      7 (kept 3, dropped 4) links     2  0.02 MiB
    390/515  029107_22_d113hbase2                     files      7 (kept 3, dropped 4) links     2  0.02 MiB
    391/515  029107_22_d113hfoot                      files      7 (kept 3, dropped 4) links     2  0.04 MiB
    392/515  029107_22_d113hnopaint                   files      7 (kept 3, dropped 4) links     2  0.04 MiB
    393/515  029107_23_d111hoff                       files      7 (kept 3, dropped 4) links     2  0.03 MiB
    394/515  029107_23_d111hsr10                      files      7 (kept 3, dropped 4) links     2  0.03 MiB
    395/515  029107_23_d111hsr15                      files      7 (kept 3, dropped 4) links     2  0.07 MiB
    396/515  029107_23_d111hsr6                       files      7 (kept 3, dropped 4) links     2  0.06 MiB
    397/515  029107_23_d111htr                        files      7 (kept 3, dropped 4) links     2  0.03 MiB
    398/515  029107_23_d113hbase2                     files      7 (kept 3, dropped 4) links     2  0.03 MiB
    399/515  029107_23_d113hfoot                      files      7 (kept 3, dropped 4) links     2  0.06 MiB
    400/515  029107_23_d113hnopaint                   files      7 (kept 3, dropped 4) links     2  0.05 MiB
    401/515  029107_24_d111hoff                       files      7 (kept 3, dropped 4) links     2  0.13 MiB
    402/515  029107_24_d111hsr10                      files      7 (kept 3, dropped 4) links     2  0.04 MiB
    403/515  029107_24_d111hsr15                      files      7 (kept 3, dropped 4) links     2  0.04 MiB
    404/515  029107_24_d111hsr6                       files      7 (kept 3, dropped 4) links     2  0.03 MiB
    405/515  029107_24_d111htr                        files      7 (kept 3, dropped 4) links     2  0.13 MiB
    406/515  029107_24_d113hbase2                     files      7 (kept 3, dropped 4) links     2  0.13 MiB
    407/515  029107_24_d113hfoot                      files      7 (kept 3, dropped 4) links     2  0.08 MiB
    408/515  029107_24_d113hnopaint                   files      7 (kept 3, dropped 4) links     2  0.16 MiB
    409/515  029107_25_d111hoff                       files      7 (kept 3, dropped 4) links     2  0.07 MiB
    410/515  029107_25_d111hsr10                      files      7 (kept 3, dropped 4) links     2  0.07 MiB
    411/515  029107_25_d111hsr15                      files      7 (kept 3, dropped 4) links     2  0.07 MiB
    412/515  029107_25_d111hsr6                       files      7 (kept 3, dropped 4) links     2  0.08 MiB
    413/515  029107_25_d111htr                        files      7 (kept 3, dropped 4) links     2  0.07 MiB
    414/515  029107_25_d113hbase2                     files      7 (kept 3, dropped 4) links     2  0.07 MiB
    415/515  029107_25_d113hfoot                      files      7 (kept 3, dropped 4) links     2  0.07 MiB
    416/515  029107_25_d113hnopaint                   files      7 (kept 3, dropped 4) links     2  0.08 MiB
    417/515  029107_26_d111hoff                       files      7 (kept 3, dropped 4) links     2  0.08 MiB
    418/515  029107_26_d111hsr10                      files      7 (kept 3, dropped 4) links     2  0.14 MiB
    419/515  029107_26_d111hsr15                      files      7 (kept 3, dropped 4) links     2  0.10 MiB
    420/515  029107_26_d111hsr6                       files      7 (kept 3, dropped 4) links     2  0.09 MiB
    421/515  029107_26_d111htr                        files      7 (kept 3, dropped 4) links     2  0.08 MiB
    422/515  029107_26_d113hbase2                     files      7 (kept 3, dropped 4) links     2  0.08 MiB
    423/515  029107_26_d113hfoot                      files      7 (kept 3, dropped 4) links     2  0.12 MiB
    424/515  029107_26_d113hnopaint                   files      7 (kept 3, dropped 4) links     2  0.11 MiB
    425/515  029107_27_d111hoff                       files      7 (kept 3, dropped 4) links     2  0.02 MiB
    426/515  029107_27_d111hsr10                      files      7 (kept 3, dropped 4) links     2  0.02 MiB
    427/515  029107_27_d111hsr15                      files      7 (kept 3, dropped 4) links     2  0.02 MiB
    428/515  029107_27_d111hsr6                       files      7 (kept 3, dropped 4) links     2  0.02 MiB
    429/515  029107_27_d111htr                        files      7 (kept 3, dropped 4) links     2  0.02 MiB
    430/515  029107_27_d113hbase2                     files      7 (kept 3, dropped 4) links     2  0.02 MiB
    431/515  029107_27_d113hfoot                      files      7 (kept 3, dropped 4) links     2  0.04 MiB
    432/515  029107_27_d113hnopaint                   files      7 (kept 3, dropped 4) links     2  0.04 MiB
    433/515  029107_28_d111hoff                       files      7 (kept 3, dropped 4) links     2  0.04 MiB
    434/515  029107_28_d111hsr10                      files      7 (kept 3, dropped 4) links     2  0.03 MiB
    435/515  029107_28_d111hsr15                      files      7 (kept 3, dropped 4) links     2  0.05 MiB
    436/515  029107_28_d111hsr6                       files      7 (kept 3, dropped 4) links     2  0.02 MiB
    437/515  029107_28_d111htr                        files      7 (kept 3, dropped 4) links     2  0.04 MiB
    438/515  029107_28_d113hbase2                     files      7 (kept 3, dropped 4) links     2  0.04 MiB
    439/515  029107_28_d113hfoot                      files      7 (kept 3, dropped 4) links     2  0.06 MiB
    440/515  029107_28_d113hnopaint                   files      7 (kept 3, dropped 4) links     2  0.06 MiB
    441/515  029107_29_d111hoff                       files      7 (kept 3, dropped 4) links     2  0.04 MiB
    442/515  029107_29_d111hsr10                      files      7 (kept 3, dropped 4) links     2  0.14 MiB
    443/515  029107_29_d111hsr15                      files      7 (kept 3, dropped 4) links     2  0.17 MiB
    444/515  029107_29_d111hsr6                       files      7 (kept 3, dropped 4) links     2  0.15 MiB
    445/515  029107_29_d111htr                        files      7 (kept 3, dropped 4) links     2  0.04 MiB
    446/515  029107_29_d113hbase2                     files      7 (kept 3, dropped 4) links     2  0.04 MiB
    447/515  029107_29_d113hfoot                      files      7 (kept 3, dropped 4) links     2  0.10 MiB
    448/515  029107_29_d113hnopaint                   files      7 (kept 3, dropped 4) links     2  0.10 MiB
    449/515  029107_2_d111hoff                        files      7 (kept 3, dropped 4) links     2  0.11 MiB
    450/515  029107_2_d111hsr10                       files      7 (kept 3, dropped 4) links     2  0.11 MiB
    451/515  029107_2_d111hsr15                       files      7 (kept 3, dropped 4) links     2  0.11 MiB
    452/515  029107_2_d111hsr6                        files      7 (kept 3, dropped 4) links     2  0.10 MiB
    453/515  029107_2_d111htr                         files      7 (kept 3, dropped 4) links     2  0.11 MiB
    454/515  029107_2_d113hbase2                      files      7 (kept 3, dropped 4) links     2  0.11 MiB
    455/515  029107_2_d113hfoot                       files      7 (kept 3, dropped 4) links     2  0.09 MiB
    456/515  029107_2_d113hnopaint                    files      7 (kept 3, dropped 4) links     2  0.09 MiB
    457/515  029107_3_d111hoff                        files      7 (kept 3, dropped 4) links     2  0.13 MiB
    458/515  029107_3_d111hsr10                       files      7 (kept 3, dropped 4) links     2  0.06 MiB
    459/515  029107_3_d111hsr15                       files      7 (kept 3, dropped 4) links     2  0.08 MiB
    460/515  029107_3_d111hsr6                        files      7 (kept 3, dropped 4) links     2  0.05 MiB
    461/515  029107_3_d111htr                         files      7 (kept 3, dropped 4) links     2  0.13 MiB
    462/515  029107_3_d113hbase2                      files      7 (kept 3, dropped 4) links     2  0.13 MiB
    463/515  029107_3_d113hfoot                       files      7 (kept 3, dropped 4) links     2  0.10 MiB
    464/515  029107_3_d113hnopaint                    files      7 (kept 3, dropped 4) links     2  0.11 MiB
    465/515  029107_4_d111hoff                        files      7 (kept 3, dropped 4) links     2  0.03 MiB
    466/515  029107_4_d111hsr10                       files      7 (kept 3, dropped 4) links     2  0.11 MiB
    467/515  029107_4_d111hsr15                       files      7 (kept 3, dropped 4) links     2  0.08 MiB
    468/515  029107_4_d111hsr6                        files      7 (kept 3, dropped 4) links     2  0.11 MiB
    469/515  029107_4_d111htr                         files      7 (kept 3, dropped 4) links     2  0.03 MiB
    470/515  029107_4_d113hbase2                      files      7 (kept 3, dropped 4) links     2  0.03 MiB
    471/515  029107_4_d113hfoot                       files      7 (kept 3, dropped 4) links     2  0.06 MiB
    472/515  029107_4_d113hnopaint                    files      7 (kept 3, dropped 4) links     2  0.08 MiB
    473/515  029107_5_d111hoff                        files      7 (kept 3, dropped 4) links     2  0.10 MiB
    474/515  029107_5_d111hoff5                       files      7 (kept 3, dropped 4) links     2  0.10 MiB
    475/515  029107_5_d111hsr10                       files      7 (kept 3, dropped 4) links     2  0.11 MiB
    476/515  029107_5_d111hsr15                       files      7 (kept 3, dropped 4) links     2  0.12 MiB
    477/515  029107_5_d111hsr6                        files      7 (kept 3, dropped 4) links     2  0.12 MiB
    478/515  029107_5_d111htr                         files      7 (kept 3, dropped 4) links     2  0.10 MiB
    479/515  029107_5_d111shoff5                      files      7 (kept 3, dropped 4) links     2  0.09 MiB
    480/515  029107_5_d111shoff5b                     files      7 (kept 3, dropped 4) links     2  0.10 MiB
    481/515  029107_5_d113hbase2                      files      7 (kept 3, dropped 4) links     2  0.10 MiB
    482/515  029107_5_d113hfoot                       files      7 (kept 3, dropped 4) links     2  0.11 MiB
    483/515  029107_5_d113hnopaint                    files      7 (kept 3, dropped 4) links     2  0.14 MiB
    484/515  029107_6_d111hoff                        files      7 (kept 3, dropped 4) links     2  0.02 MiB
    485/515  029107_6_d111hsr10                       files      7 (kept 3, dropped 4) links     2  0.02 MiB
    486/515  029107_6_d111hsr15                       files      7 (kept 3, dropped 4) links     2  0.03 MiB
    487/515  029107_6_d111hsr6                        files      7 (kept 3, dropped 4) links     2  0.02 MiB
    488/515  029107_6_d111htr                         files      7 (kept 3, dropped 4) links     2  0.02 MiB
    489/515  029107_6_d113hbase2                      files      7 (kept 3, dropped 4) links     2  0.02 MiB
    490/515  029107_6_d113hfoot                       files      7 (kept 3, dropped 4) links     2  0.04 MiB
    491/515  029107_6_d113hnopaint                    files      7 (kept 3, dropped 4) links     2  0.04 MiB
    492/515  029107_7_d111hoff                        files      7 (kept 3, dropped 4) links     2  0.05 MiB
    493/515  029107_7_d111hsr10                       files      7 (kept 3, dropped 4) links     2  0.04 MiB
    494/515  029107_7_d111hsr15                       files      7 (kept 3, dropped 4) links     2  0.04 MiB
    495/515  029107_7_d111hsr6                        files      7 (kept 3, dropped 4) links     2  0.05 MiB
    496/515  029107_7_d111htr                         files      7 (kept 3, dropped 4) links     2  0.05 MiB
    497/515  029107_7_d113hbase2                      files      7 (kept 3, dropped 4) links     2  0.05 MiB
    498/515  029107_7_d113hfoot                       files      7 (kept 3, dropped 4) links     2  0.04 MiB
    499/515  029107_7_d113hnopaint                    files      7 (kept 3, dropped 4) links     2  0.04 MiB
    500/515  029107_8_d111hoff                        files      7 (kept 3, dropped 4) links     2  0.03 MiB
    501/515  029107_8_d111hsr10                       files      7 (kept 3, dropped 4) links     2  0.04 MiB
    502/515  029107_8_d111hsr15                       files      7 (kept 3, dropped 4) links     2  0.03 MiB
    503/515  029107_8_d111hsr6                        files      7 (kept 3, dropped 4) links     2  0.03 MiB
    504/515  029107_8_d111htr                         files      7 (kept 3, dropped 4) links     2  0.03 MiB
    505/515  029107_8_d113hbase2                      files      7 (kept 3, dropped 4) links     2  0.03 MiB
    506/515  029107_8_d113hfoot                       files      7 (kept 3, dropped 4) links     2  0.05 MiB
    507/515  029107_8_d113hnopaint                    files      7 (kept 3, dropped 4) links     2  0.04 MiB
    508/515  029107_9_d111hoff                        files      7 (kept 3, dropped 4) links     2  0.03 MiB
    509/515  029107_9_d111hsr10                       files      7 (kept 3, dropped 4) links     2  0.04 MiB
    510/515  029107_9_d111hsr15                       files      7 (kept 3, dropped 4) links     2  0.04 MiB
    511/515  029107_9_d111hsr6                        files      7 (kept 3, dropped 4) links     2  0.04 MiB
    512/515  029107_9_d111htr                         files      7 (kept 3, dropped 4) links     2  0.03 MiB
    513/515  029107_9_d113hbase2                      files      7 (kept 3, dropped 4) links     2  0.04 MiB
    514/515  029107_9_d113hfoot                       files      7 (kept 3, dropped 4) links     2  0.04 MiB
    515/515  029107_9_d113hnopaint                    files      7 (kept 3, dropped 4) links     2  0.04 MiB

archived 515/515 arms into /home/xqian/toolkit-dev/wcp-porting-img/sbnd/sbnd_xin/archive/records/cleanup-20260916e
integrity: every released dir has a .manifest.tsv with a SHA-256 per file, a .links.txt, and a .tar.zst of the non-heavy record layer.
