cold pins 53 | 285435 files, 656032 symlinks, 272620 inodes
FREED (every link inside the cold set) 33.04 GiB | shared with a kept name 2.29 GiB
   COLD d08_libpin/new
   COLD d08_libpin/new2
   COLD d08_libpin/ref
   COLD d09_libpin/pin
   COLD d101/libpin
   COLD d101/libpin_k
   COLD d101/libpin_new
   COLD d102m-libsnap
   COLD d109-libsnap/base
   COLD d109-libsnap/new2
   COLD d109r3-libsnap/base
   COLD d109r3-libsnap/new
   COLD d109r3-libsnap/new2
   COLD d109r4-libsnap/head
   COLD d109r4-libsnap/new3
   COLD d110-libsnap/new
   COLD d111/libpin_d111
   COLD d111/libpin_d111b
   COLD d111/libpin_d111s
   COLD d111/libpin_d111s2
   COLD d113/libpin_d113
   COLD d115-libsnap
   COLD d115/libpin_d115
   COLD d146_libpin
   COLD d146_libpin2
   COLD d146_libpin_pre
   COLD d41_libpin/new6
   COLD d53/libpin
   COLD d61/libpin_item1_before
   COLD d64/libpin
   COLD d66/libpin
   COLD d71/libpin_base
   COLD d71/libpin_p1
   COLD d97b-libsnap
   COLD h28/libpin_h28
   COLD p100/libpin_p100b
   COLD p32/libpin_q32
   COLD p33/libpin_q33
   COLD p33/libpin_q33b
   COLD p34/libpin_q34
   COLD p4/libpin_p4
   COLD p65/libpin_p65
   COLD p72/libpin_p72
   COLD p82/libpin_p82
   COLD p83/libpin_p83
   COLD p84/libpin_p84
   COLD p85/libpin_p85
   COLD p87/libpin_p87
   COLD p88/libpin_p88
   COLD p92/libpin_p92
   COLD p96/libpin_p96
   COLD pr150/libpin
   COLD prod0923-libpin
DRY RUN -- nothing archived or removed.  Re-run with CONFIRM=yes.
