      1/747  work-r3cv-d116cs                         files  21897 (kept 12876, dropped 9021) links     0  11.72 MiB
      2/747  work-r3cv-d116csp3bw                     files  21896 (kept 12876, dropped 9020) links     0  11.59 MiB
      3/747  work-r3cv-d116p3bw                       files  21894 (kept 12876, dropped 9018) links     0  11.28 MiB
      4/747  work-r3cv-d117c1e                        files  21898 (kept 12876, dropped 9022) links     0  9.71 MiB
      5/747  work-r3cv-d117c1x                        files  21898 (kept 12876, dropped 9022) links     0  9.35 MiB
      6/747  work-r3cv-d117t1e                        files  21895 (kept 12876, dropped 9019) links     0  10.11 MiB
      7/747  work-r3cv-d117t1x                        files  21895 (kept 12876, dropped 9019) links     0  9.41 MiB
      8/747  work-r3nue-d116cs                        files  23009 (kept 13135, dropped 9874) links     0  41.57 MiB
      9/747  work-r3nue-d116csp3bw                    files  23008 (kept 13135, dropped 9873) links     0  40.16 MiB
     10/747  work-r3nue-d116p3bw                      files  23010 (kept 13135, dropped 9875) links     0  37.64 MiB
     11/747  work-r3nue-d117c1e                       files  23008 (kept 13135, dropped 9873) links     0  25.70 MiB
     12/747  work-r3nue-d117c1x                       files  23008 (kept 13135, dropped 9873) links     0  24.20 MiB
     13/747  work-r3nue-d117t1e                       files  23007 (kept 13135, dropped 9872) links     0  27.19 MiB
     14/747  work-r3nue-d117t1x                       files  23007 (kept 13135, dropped 9872) links     0  25.47 MiB
     15/747  work-r3nue-d117t1xrep                    files    116 (kept 67, dropped 49) links     0  0.15 MiB
     16/747  work-r3off-d116cs                        files  10094 (kept 6007, dropped 4087) links     0  3.13 MiB
     17/747  work-r3off-d116csp3bw                    files  10093 (kept 6007, dropped 4086) links     0  3.14 MiB
     18/747  work-r3off-d116p3bw                      files  10092 (kept 6007, dropped 4085) links     0  3.14 MiB
     19/747  work-r3off-d117c1e                       files  10093 (kept 6007, dropped 4086) links     0  3.05 MiB
     20/747  work-r3off-d117c1x                       files  10093 (kept 6007, dropped 4086) links     0  3.06 MiB
     21/747  work-r3off-d117t1e                       files  10091 (kept 6007, dropped 4084) links     0  3.05 MiB
     22/747  work-r3off-d117t1x                       files  10091 (kept 6007, dropped 4084) links     0  3.06 MiB
     23/747  039252_0_d116vr1                         files      7 (kept 3, dropped 4) links     2  0.03 MiB
     24/747  039252_0_d116vr3                         files      7 (kept 3, dropped 4) links     2  0.03 MiB
     25/747  039252_0_mg18vbase                       files      7 (kept 3, dropped 4) links     2  0.03 MiB
     26/747  039252_0_mg18vfix                        files      7 (kept 3, dropped 4) links     2  0.03 MiB
     27/747  039252_10_d116vr1                        files      7 (kept 3, dropped 4) links     2  0.03 MiB
     28/747  039252_10_d116vr3                        files      7 (kept 3, dropped 4) links     2  0.03 MiB
     29/747  039252_10_mg18vbase                      files      7 (kept 3, dropped 4) links     2  0.02 MiB
     30/747  039252_10_mg18vfix                       files      7 (kept 3, dropped 4) links     2  0.02 MiB
     31/747  039252_11_d116vr1                        files      7 (kept 3, dropped 4) links     2  0.02 MiB
     32/747  039252_11_d116vr3                        files      7 (kept 3, dropped 4) links     2  0.02 MiB
     33/747  039252_11_mg18vbase                      files      7 (kept 3, dropped 4) links     2  0.02 MiB
     34/747  039252_11_mg18vfix                       files      7 (kept 3, dropped 4) links     2  0.02 MiB
     35/747  039252_12_d116vr1                        files      7 (kept 3, dropped 4) links     2  0.24 MiB
     36/747  039252_12_d116vr3                        files      7 (kept 3, dropped 4) links     2  0.24 MiB
     37/747  039252_12_mg18vbase                      files      7 (kept 3, dropped 4) links     2  0.03 MiB
     38/747  039252_12_mg18vfix                       files      7 (kept 3, dropped 4) links     2  0.03 MiB
     39/747  039252_13_d116vr1                        files      7 (kept 3, dropped 4) links     2  0.02 MiB
     40/747  039252_13_d116vr3                        files      7 (kept 3, dropped 4) links     2  0.02 MiB
     41/747  039252_13_mg18vbase                      files      7 (kept 3, dropped 4) links     2  0.02 MiB
     42/747  039252_13_mg18vfix                       files      7 (kept 3, dropped 4) links     2  0.02 MiB
     43/747  039252_14_d116vr1                        files      7 (kept 3, dropped 4) links     2  0.04 MiB
     44/747  039252_14_d116vr3                        files      7 (kept 3, dropped 4) links     2  0.04 MiB
     45/747  039252_14_mg18vbase                      files      7 (kept 3, dropped 4) links     2  0.04 MiB
     46/747  039252_14_mg18vfix                       files      7 (kept 3, dropped 4) links     2  0.04 MiB
     47/747  039252_15_d116vr1                        files      7 (kept 3, dropped 4) links     2  0.03 MiB
     48/747  039252_15_d116vr3                        files      7 (kept 3, dropped 4) links     2  0.03 MiB
     49/747  039252_15_mg18vbase                      files      7 (kept 3, dropped 4) links     2  0.02 MiB
     50/747  039252_15_mg18vfix                       files      7 (kept 3, dropped 4) links     2  0.02 MiB
     51/747  039252_16_d116vr1                        files      7 (kept 3, dropped 4) links     2  0.19 MiB
     52/747  039252_16_d116vr3                        files      7 (kept 3, dropped 4) links     2  0.19 MiB
     53/747  039252_16_mg18vbase                      files      7 (kept 3, dropped 4) links     2  0.23 MiB
     54/747  039252_16_mg18vfix                       files      7 (kept 3, dropped 4) links     2  0.23 MiB
     55/747  039252_17_d116vr1                        files      6 (kept 3, dropped 3) links     2  0.02 MiB
     56/747  039252_17_d116vr3                        files      6 (kept 3, dropped 3) links     2  0.02 MiB
     57/747  039252_17_mg18vbase                      files      7 (kept 3, dropped 4) links     2  0.04 MiB
     58/747  039252_17_mg18vfix                       files      7 (kept 3, dropped 4) links     2  0.04 MiB
     59/747  039252_1_d116vr1                         files      7 (kept 3, dropped 4) links     2  0.03 MiB
     60/747  039252_1_d116vr3                         files      7 (kept 3, dropped 4) links     2  0.03 MiB
     61/747  039252_1_mg18vbase                       files      7 (kept 3, dropped 4) links     2  0.03 MiB
     62/747  039252_1_mg18vfix                        files      7 (kept 3, dropped 4) links     2  0.03 MiB
     63/747  039252_2_d116vr1                         files      7 (kept 3, dropped 4) links     2  0.03 MiB
     64/747  039252_2_d116vr3                         files      7 (kept 3, dropped 4) links     2  0.03 MiB
     65/747  039252_2_mg18vbase                       files      7 (kept 3, dropped 4) links     2  0.02 MiB
     66/747  039252_2_mg18vfix                        files      7 (kept 3, dropped 4) links     2  0.02 MiB
     67/747  039252_3_d116vr1                         files      7 (kept 3, dropped 4) links     2  0.08 MiB
     68/747  039252_3_d116vr3                         files      7 (kept 3, dropped 4) links     2  0.08 MiB
     69/747  039252_3_mg18vbase                       files      7 (kept 3, dropped 4) links     2  0.05 MiB
     70/747  039252_3_mg18vfix                        files      7 (kept 3, dropped 4) links     2  0.05 MiB
     71/747  039252_4_d116vr1                         files      7 (kept 3, dropped 4) links     2  0.06 MiB
     72/747  039252_4_d116vr3                         files      7 (kept 3, dropped 4) links     2  0.06 MiB
     73/747  039252_4_mg18vbase                       files      7 (kept 3, dropped 4) links     2  0.08 MiB
     74/747  039252_4_mg18vfix                        files      7 (kept 3, dropped 4) links     2  0.08 MiB
     75/747  039252_5_d116vr1                         files      7 (kept 3, dropped 4) links     2  0.31 MiB
     76/747  039252_5_d116vr3                         files      7 (kept 3, dropped 4) links     2  0.31 MiB
     77/747  039252_5_mg18vbase                       files      7 (kept 3, dropped 4) links     2  0.14 MiB
     78/747  039252_5_mg18vfix                        files      7 (kept 3, dropped 4) links     2  0.14 MiB
     79/747  039252_6_d116vr1                         files      7 (kept 3, dropped 4) links     2  0.04 MiB
     80/747  039252_6_d116vr3                         files      7 (kept 3, dropped 4) links     2  0.04 MiB
     81/747  039252_6_mg18vbase                       files      7 (kept 3, dropped 4) links     2  0.03 MiB
     82/747  039252_6_mg18vfix                        files      7 (kept 3, dropped 4) links     2  0.03 MiB
     83/747  039252_7_d116vr1                         files      7 (kept 3, dropped 4) links     2  0.03 MiB
     84/747  039252_7_d116vr3                         files      7 (kept 3, dropped 4) links     2  0.03 MiB
     85/747  039252_7_mg18vbase                       files      7 (kept 3, dropped 4) links     2  0.03 MiB
     86/747  039252_7_mg18vfix                        files      7 (kept 3, dropped 4) links     2  0.03 MiB
     87/747  039252_8_d116vr1                         files      7 (kept 3, dropped 4) links     2  0.09 MiB
     88/747  039252_8_d116vr3                         files      7 (kept 3, dropped 4) links     2  0.09 MiB
     89/747  039252_8_heappr_039252_8                 files      7 (kept 3, dropped 4) links     3  0.13 MiB
     90/747  039252_8_mg18vbase                       files      7 (kept 3, dropped 4) links     2  0.06 MiB
     91/747  039252_8_mg18vfix                        files      7 (kept 3, dropped 4) links     2  0.06 MiB
     92/747  039252_9_d116vr1                         files      7 (kept 3, dropped 4) links     2  0.07 MiB
     93/747  039252_9_d116vr3                         files      7 (kept 3, dropped 4) links     2  0.07 MiB
     94/747  039252_9_mg18vbase                       files      7 (kept 3, dropped 4) links     2  0.02 MiB
     95/747  039252_9_mg18vfix                        files      7 (kept 3, dropped 4) links     2  0.02 MiB
     96/747  039253_0_d116vr1                         files      7 (kept 3, dropped 4) links     2  0.03 MiB
     97/747  039253_0_d116vr3                         files      7 (kept 3, dropped 4) links     2  0.03 MiB
     98/747  039253_0_mg18vbase                       files      7 (kept 3, dropped 4) links     2  0.03 MiB
     99/747  039253_0_mg18vfix                        files      7 (kept 3, dropped 4) links     2  0.03 MiB
    100/747  039253_10_d116vr1                        files      7 (kept 3, dropped 4) links     2  0.02 MiB
    101/747  039253_10_d116vr3                        files      7 (kept 3, dropped 4) links     2  0.02 MiB
    102/747  039253_10_mg18vbase                      files      7 (kept 3, dropped 4) links     2  0.02 MiB
    103/747  039253_10_mg18vfix                       files      7 (kept 3, dropped 4) links     2  0.02 MiB
    104/747  039253_11_d116vr1                        files      7 (kept 3, dropped 4) links     2  0.03 MiB
    105/747  039253_11_d116vr3                        files      7 (kept 3, dropped 4) links     2  0.03 MiB
    106/747  039253_11_mg18vbase                      files      7 (kept 3, dropped 4) links     2  0.03 MiB
    107/747  039253_11_mg18vfix                       files      7 (kept 3, dropped 4) links     2  0.03 MiB
    108/747  039253_12_d116vr1                        files      7 (kept 3, dropped 4) links     2  0.03 MiB
    109/747  039253_12_d116vr3                        files      7 (kept 3, dropped 4) links     2  0.03 MiB
    110/747  039253_12_mg18vbase                      files      7 (kept 3, dropped 4) links     2  0.02 MiB
    111/747  039253_12_mg18vfix                       files      7 (kept 3, dropped 4) links     2  0.02 MiB
    112/747  039253_13_d116vr1                        files      7 (kept 3, dropped 4) links     2  0.07 MiB
    113/747  039253_13_d116vr3                        files      7 (kept 3, dropped 4) links     2  0.07 MiB
    114/747  039253_13_mg18vbase                      files      7 (kept 3, dropped 4) links     2  0.06 MiB
    115/747  039253_13_mg18vfix                       files      7 (kept 3, dropped 4) links     2  0.06 MiB
    116/747  039253_14_d116vr1                        files      7 (kept 3, dropped 4) links     2  0.14 MiB
    117/747  039253_14_d116vr3                        files      7 (kept 3, dropped 4) links     2  0.14 MiB
    118/747  039253_14_mg18vbase                      files      7 (kept 3, dropped 4) links     2  0.12 MiB
    119/747  039253_14_mg18vfix                       files      7 (kept 3, dropped 4) links     2  0.12 MiB
    120/747  039253_15_d116vr1                        files      7 (kept 3, dropped 4) links     2  0.03 MiB
    121/747  039253_15_d116vr3                        files      7 (kept 3, dropped 4) links     2  0.03 MiB
    122/747  039253_15_mg18vbase                      files      7 (kept 3, dropped 4) links     2  0.02 MiB
    123/747  039253_15_mg18vfix                       files      7 (kept 3, dropped 4) links     2  0.02 MiB
    124/747  039253_16_d116vr1                        files      7 (kept 3, dropped 4) links     2  0.03 MiB
    125/747  039253_16_d116vr3                        files      7 (kept 3, dropped 4) links     2  0.03 MiB
    126/747  039253_16_mg18vbase                      files      7 (kept 3, dropped 4) links     2  0.02 MiB
    127/747  039253_16_mg18vfix                       files      7 (kept 3, dropped 4) links     2  0.02 MiB
    128/747  039253_17_d116vr1                        files      7 (kept 3, dropped 4) links     2  0.06 MiB
    129/747  039253_17_d116vr3                        files      7 (kept 3, dropped 4) links     2  0.06 MiB
    130/747  039253_17_mg18vbase                      files      7 (kept 3, dropped 4) links     2  0.05 MiB
    131/747  039253_17_mg18vfix                       files      7 (kept 3, dropped 4) links     2  0.05 MiB
    132/747  039253_1_d116vr1                         files      7 (kept 3, dropped 4) links     2  0.03 MiB
    133/747  039253_1_d116vr3                         files      7 (kept 3, dropped 4) links     2  0.03 MiB
    134/747  039253_1_mg18vbase                       files      7 (kept 3, dropped 4) links     2  0.03 MiB
    135/747  039253_1_mg18vfix                        files      7 (kept 3, dropped 4) links     2  0.03 MiB
    136/747  039253_2_d116vr1                         files      7 (kept 3, dropped 4) links     2  0.33 MiB
    137/747  039253_2_d116vr3                         files      7 (kept 3, dropped 4) links     2  0.33 MiB
    138/747  039253_2_mg18vbase                       files      7 (kept 3, dropped 4) links     2  0.29 MiB
    139/747  039253_2_mg18vfix                        files      7 (kept 3, dropped 4) links     2  0.29 MiB
    140/747  039253_3_d116vr1                         files      7 (kept 3, dropped 4) links     2  0.02 MiB
    141/747  039253_3_d116vr3                         files      7 (kept 3, dropped 4) links     2  0.02 MiB
    142/747  039253_3_mg18vbase                       files      7 (kept 3, dropped 4) links     2  0.02 MiB
    143/747  039253_3_mg18vfix                        files      7 (kept 3, dropped 4) links     2  0.02 MiB
    144/747  039253_4_d116vr1                         files      7 (kept 3, dropped 4) links     2  0.05 MiB
    145/747  039253_4_d116vr3                         files      7 (kept 3, dropped 4) links     2  0.05 MiB
    146/747  039253_4_mg18vbase                       files      7 (kept 3, dropped 4) links     2  0.05 MiB
    147/747  039253_4_mg18vfix                        files      7 (kept 3, dropped 4) links     2  0.05 MiB
    148/747  039253_5_d116vr1                         files      7 (kept 3, dropped 4) links     2  0.05 MiB
    149/747  039253_5_d116vr3                         files      7 (kept 3, dropped 4) links     2  0.05 MiB
    150/747  039253_5_mg18vbase                       files      7 (kept 3, dropped 4) links     2  0.04 MiB
    151/747  039253_5_mg18vfix                        files      7 (kept 3, dropped 4) links     2  0.04 MiB
    152/747  039253_6_d116vr1                         files      7 (kept 3, dropped 4) links     2  0.05 MiB
    153/747  039253_6_d116vr3                         files      7 (kept 3, dropped 4) links     2  0.05 MiB
    154/747  039253_6_mg18vbase                       files      7 (kept 3, dropped 4) links     2  0.04 MiB
    155/747  039253_6_mg18vfix                        files      7 (kept 3, dropped 4) links     2  0.04 MiB
    156/747  039253_7_d116vr1                         files      7 (kept 3, dropped 4) links     2  0.02 MiB
    157/747  039253_7_d116vr3                         files      7 (kept 3, dropped 4) links     2  0.02 MiB
    158/747  039253_7_mg18vbase                       files      7 (kept 3, dropped 4) links     2  0.02 MiB
    159/747  039253_7_mg18vfix                        files      7 (kept 3, dropped 4) links     2  0.02 MiB
    160/747  039253_8_d116vr1                         files      7 (kept 3, dropped 4) links     2  0.04 MiB
    161/747  039253_8_d116vr3                         files      7 (kept 3, dropped 4) links     2  0.04 MiB
    162/747  039253_8_mg18vbase                       files      7 (kept 3, dropped 4) links     2  0.06 MiB
    163/747  039253_8_mg18vfix                        files      7 (kept 3, dropped 4) links     2  0.06 MiB
    164/747  039253_9_d116vr1                         files      7 (kept 3, dropped 4) links     2  0.03 MiB
    165/747  039253_9_d116vr3                         files      7 (kept 3, dropped 4) links     2  0.03 MiB
    166/747  039253_9_mg18vbase                       files      7 (kept 3, dropped 4) links     2  0.03 MiB
    167/747  039253_9_mg18vfix                        files      7 (kept 3, dropped 4) links     2  0.03 MiB
    168/747  039349_0_d116vr1                         files      7 (kept 3, dropped 4) links     2  0.02 MiB
    169/747  039349_0_d116vr3                         files      7 (kept 3, dropped 4) links     2  0.02 MiB
    170/747  039349_0_mg18vbase                       files      7 (kept 3, dropped 4) links     2  0.10 MiB
    171/747  039349_0_mg18vfix                        files      7 (kept 3, dropped 4) links     2  0.10 MiB
    172/747  039349_10_d116vr1                        files      7 (kept 3, dropped 4) links     2  0.02 MiB
    173/747  039349_10_d116vr3                        files      7 (kept 3, dropped 4) links     2  0.02 MiB
    174/747  039349_10_mg18vbase                      files      7 (kept 3, dropped 4) links     2  0.01 MiB
    175/747  039349_10_mg18vfix                       files      7 (kept 3, dropped 4) links     2  0.01 MiB
    176/747  039349_11_d116vr1                        files      7 (kept 3, dropped 4) links     2  0.02 MiB
    177/747  039349_11_d116vr3                        files      7 (kept 3, dropped 4) links     2  0.02 MiB
    178/747  039349_11_mg18vbase                      files      7 (kept 3, dropped 4) links     2  0.02 MiB
    179/747  039349_11_mg18vfix                       files      7 (kept 3, dropped 4) links     2  0.02 MiB
    180/747  039349_12_d116vr1                        files      7 (kept 3, dropped 4) links     2  0.03 MiB
    181/747  039349_12_d116vr3                        files      7 (kept 3, dropped 4) links     2  0.03 MiB
    182/747  039349_12_mg18vbase                      files      7 (kept 3, dropped 4) links     2  0.03 MiB
    183/747  039349_12_mg18vfix                       files      7 (kept 3, dropped 4) links     2  0.03 MiB
    184/747  039349_13_d116vr1                        files      7 (kept 3, dropped 4) links     2  0.02 MiB
    185/747  039349_13_d116vr3                        files      7 (kept 3, dropped 4) links     2  0.02 MiB
    186/747  039349_13_mg18vbase                      files      7 (kept 3, dropped 4) links     2  0.02 MiB
    187/747  039349_13_mg18vfix                       files      7 (kept 3, dropped 4) links     2  0.02 MiB
    188/747  039349_14_d116vr1                        files      7 (kept 3, dropped 4) links     2  0.02 MiB
    189/747  039349_14_d116vr3                        files      7 (kept 3, dropped 4) links     2  0.02 MiB
    190/747  039349_14_mg18vbase                      files      7 (kept 3, dropped 4) links     2  0.02 MiB
    191/747  039349_14_mg18vfix                       files      7 (kept 3, dropped 4) links     2  0.02 MiB
    192/747  039349_15_d116vr1                        files      7 (kept 3, dropped 4) links     2  0.02 MiB
    193/747  039349_15_d116vr3                        files      7 (kept 3, dropped 4) links     2  0.02 MiB
    194/747  039349_15_mg18vbase                      files      7 (kept 3, dropped 4) links     2  0.01 MiB
    195/747  039349_15_mg18vfix                       files      7 (kept 3, dropped 4) links     2  0.01 MiB
    196/747  039349_16_d116vr1                        files      7 (kept 3, dropped 4) links     2  0.12 MiB
    197/747  039349_16_d116vr3                        files      7 (kept 3, dropped 4) links     2  0.12 MiB
    198/747  039349_16_mg18vbase                      files      7 (kept 3, dropped 4) links     2  0.16 MiB
    199/747  039349_16_mg18vfix                       files      7 (kept 3, dropped 4) links     2  0.16 MiB
    200/747  039349_17_d116vr1                        files      7 (kept 3, dropped 4) links     2  0.02 MiB
    201/747  039349_17_d116vr3                        files      7 (kept 3, dropped 4) links     2  0.02 MiB
    202/747  039349_17_mg18vbase                      files      7 (kept 3, dropped 4) links     2  0.01 MiB
    203/747  039349_17_mg18vfix                       files      7 (kept 3, dropped 4) links     2  0.01 MiB
    204/747  039349_18_d116vr1                        files      7 (kept 3, dropped 4) links     2  0.04 MiB
    205/747  039349_18_d116vr3                        files      7 (kept 3, dropped 4) links     2  0.04 MiB
    206/747  039349_18_mg18vbase                      files      7 (kept 3, dropped 4) links     2  0.05 MiB
    207/747  039349_18_mg18vfix                       files      7 (kept 3, dropped 4) links     2  0.05 MiB
    208/747  039349_19_d116vr1                        files      7 (kept 3, dropped 4) links     2  0.02 MiB
    209/747  039349_19_d116vr3                        files      7 (kept 3, dropped 4) links     2  0.02 MiB
    210/747  039349_19_mg18vbase                      files      7 (kept 3, dropped 4) links     2  0.01 MiB
    211/747  039349_19_mg18vfix                       files      7 (kept 3, dropped 4) links     2  0.01 MiB
    212/747  039349_1_d116vr1                         files      7 (kept 3, dropped 4) links     2  0.02 MiB
    213/747  039349_1_d116vr3                         files      7 (kept 3, dropped 4) links     2  0.02 MiB
    214/747  039349_1_mg18vbase                       files      7 (kept 3, dropped 4) links     2  0.01 MiB
    215/747  039349_1_mg18vfix                        files      7 (kept 3, dropped 4) links     2  0.01 MiB
    216/747  039349_20_d116vr1                        files      7 (kept 3, dropped 4) links     2  0.02 MiB
    217/747  039349_20_d116vr3                        files      7 (kept 3, dropped 4) links     2  0.02 MiB
    218/747  039349_20_mg18vbase                      files      7 (kept 3, dropped 4) links     2  0.02 MiB
    219/747  039349_20_mg18vfix                       files      7 (kept 3, dropped 4) links     2  0.02 MiB
    220/747  039349_21_d116vr1                        files      7 (kept 3, dropped 4) links     2  0.03 MiB
    221/747  039349_21_d116vr3                        files      7 (kept 3, dropped 4) links     2  0.03 MiB
    222/747  039349_21_mg18vbase                      files      7 (kept 3, dropped 4) links     2  0.02 MiB
    223/747  039349_21_mg18vfix                       files      7 (kept 3, dropped 4) links     2  0.02 MiB
    224/747  039349_22_d116vr1                        files      7 (kept 3, dropped 4) links     2  0.03 MiB
    225/747  039349_22_d116vr3                        files      7 (kept 3, dropped 4) links     2  0.03 MiB
    226/747  039349_22_mg18vbase                      files      7 (kept 3, dropped 4) links     2  0.03 MiB
    227/747  039349_22_mg18vfix                       files      7 (kept 3, dropped 4) links     2  0.03 MiB
    228/747  039349_23_d116vr1                        files      7 (kept 3, dropped 4) links     2  0.03 MiB
    229/747  039349_23_d116vr3                        files      7 (kept 3, dropped 4) links     2  0.03 MiB
    230/747  039349_23_mg18vbase                      files      7 (kept 3, dropped 4) links     2  0.03 MiB
    231/747  039349_23_mg18vfix                       files      7 (kept 3, dropped 4) links     2  0.03 MiB
    232/747  039349_24_d116vr1                        files      7 (kept 3, dropped 4) links     2  0.02 MiB
    233/747  039349_24_d116vr3                        files      7 (kept 3, dropped 4) links     2  0.02 MiB
    234/747  039349_24_mg18vbase                      files      7 (kept 3, dropped 4) links     2  0.02 MiB
    235/747  039349_24_mg18vfix                       files      7 (kept 3, dropped 4) links     2  0.02 MiB
    236/747  039349_25_d116vr1                        files      7 (kept 3, dropped 4) links     2  0.04 MiB
    237/747  039349_25_d116vr3                        files      7 (kept 3, dropped 4) links     2  0.04 MiB
    238/747  039349_25_mg18vbase                      files      7 (kept 3, dropped 4) links     2  0.04 MiB
    239/747  039349_25_mg18vfix                       files      7 (kept 3, dropped 4) links     2  0.04 MiB
    240/747  039349_26_d116vr1                        files      7 (kept 3, dropped 4) links     2  0.09 MiB
    241/747  039349_26_d116vr3                        files      7 (kept 3, dropped 4) links     2  0.09 MiB
    242/747  039349_26_mg18vbase                      files      7 (kept 3, dropped 4) links     2  0.04 MiB
    243/747  039349_26_mg18vfix                       files      7 (kept 3, dropped 4) links     2  0.04 MiB
    244/747  039349_27_d116vr1                        files      7 (kept 3, dropped 4) links     2  0.02 MiB
    245/747  039349_27_d116vr3                        files      7 (kept 3, dropped 4) links     2  0.02 MiB
    246/747  039349_27_mg18vbase                      files      7 (kept 3, dropped 4) links     2  0.02 MiB
    247/747  039349_27_mg18vfix                       files      7 (kept 3, dropped 4) links     2  0.02 MiB
    248/747  039349_28_d116vr1                        files      7 (kept 3, dropped 4) links     2  0.02 MiB
    249/747  039349_28_d116vr3                        files      7 (kept 3, dropped 4) links     2  0.02 MiB
    250/747  039349_28_mg18vbase                      files      7 (kept 3, dropped 4) links     2  0.10 MiB
    251/747  039349_28_mg18vfix                       files      7 (kept 3, dropped 4) links     2  0.10 MiB
    252/747  039349_29_d116vr1                        files      7 (kept 3, dropped 4) links     2  0.02 MiB
    253/747  039349_29_d116vr3                        files      7 (kept 3, dropped 4) links     2  0.02 MiB
    254/747  039349_29_mg18vbase                      files      7 (kept 3, dropped 4) links     2  0.02 MiB
    255/747  039349_29_mg18vfix                       files      7 (kept 3, dropped 4) links     2  0.02 MiB
    256/747  039349_2_d116vr1                         files      7 (kept 3, dropped 4) links     2  0.02 MiB
    257/747  039349_2_d116vr3                         files      7 (kept 3, dropped 4) links     2  0.02 MiB
    258/747  039349_2_mg18vbase                       files      7 (kept 3, dropped 4) links     2  0.06 MiB
    259/747  039349_2_mg18vfix                        files      7 (kept 3, dropped 4) links     2  0.06 MiB
    260/747  039349_30_d116vr1                        files      7 (kept 3, dropped 4) links     2  0.03 MiB
    261/747  039349_30_d116vr3                        files      7 (kept 3, dropped 4) links     2  0.03 MiB
    262/747  039349_30_mg18vbase                      files      7 (kept 3, dropped 4) links     2  0.02 MiB
    263/747  039349_30_mg18vfix                       files      7 (kept 3, dropped 4) links     2  0.02 MiB
    264/747  039349_31_d116vr1                        files      7 (kept 3, dropped 4) links     2  0.03 MiB
    265/747  039349_31_d116vr3                        files      7 (kept 3, dropped 4) links     2  0.03 MiB
    266/747  039349_31_mg18vbase                      files      7 (kept 3, dropped 4) links     2  0.02 MiB
    267/747  039349_31_mg18vfix                       files      7 (kept 3, dropped 4) links     2  0.02 MiB
    268/747  039349_32_d116vr1                        files      7 (kept 3, dropped 4) links     2  0.02 MiB
    269/747  039349_32_d116vr3                        files      7 (kept 3, dropped 4) links     2  0.02 MiB
    270/747  039349_32_mg18vbase                      files      7 (kept 3, dropped 4) links     2  0.02 MiB
    271/747  039349_32_mg18vfix                       files      7 (kept 3, dropped 4) links     2  0.02 MiB
    272/747  039349_33_d116vr1                        files      7 (kept 3, dropped 4) links     2  0.03 MiB
    273/747  039349_33_d116vr3                        files      7 (kept 3, dropped 4) links     2  0.03 MiB
    274/747  039349_33_mg18vbase                      files      7 (kept 3, dropped 4) links     2  0.04 MiB
    275/747  039349_33_mg18vfix                       files      7 (kept 3, dropped 4) links     2  0.04 MiB
    276/747  039349_34_d116vr1                        files      7 (kept 3, dropped 4) links     2  0.02 MiB
    277/747  039349_34_d116vr3                        files      7 (kept 3, dropped 4) links     2  0.02 MiB
    278/747  039349_34_mg18vbase                      files      7 (kept 3, dropped 4) links     2  0.02 MiB
    279/747  039349_34_mg18vfix                       files      7 (kept 3, dropped 4) links     2  0.02 MiB
    280/747  039349_35_d116vr1                        files      7 (kept 3, dropped 4) links     2  0.02 MiB
    281/747  039349_35_d116vr3                        files      7 (kept 3, dropped 4) links     2  0.02 MiB
    282/747  039349_35_mg18vbase                      files      7 (kept 3, dropped 4) links     2  0.02 MiB
    283/747  039349_35_mg18vfix                       files      7 (kept 3, dropped 4) links     2  0.02 MiB
    284/747  039349_36_d116vr1                        files      7 (kept 3, dropped 4) links     2  0.02 MiB
    285/747  039349_36_d116vr3                        files      7 (kept 3, dropped 4) links     2  0.02 MiB
    286/747  039349_36_mg18vbase                      files      7 (kept 3, dropped 4) links     2  0.02 MiB
    287/747  039349_36_mg18vfix                       files      7 (kept 3, dropped 4) links     2  0.02 MiB
    288/747  039349_37_d116vr1                        files      7 (kept 3, dropped 4) links     2  0.05 MiB
    289/747  039349_37_d116vr3                        files      7 (kept 3, dropped 4) links     2  0.05 MiB
    290/747  039349_37_mg18vbase                      files      7 (kept 3, dropped 4) links     2  0.05 MiB
    291/747  039349_37_mg18vfix                       files      7 (kept 3, dropped 4) links     2  0.05 MiB
    292/747  039349_38_d116vr1                        files      7 (kept 3, dropped 4) links     2  0.03 MiB
    293/747  039349_38_d116vr3                        files      7 (kept 3, dropped 4) links     2  0.03 MiB
    294/747  039349_38_mg18vbase                      files      7 (kept 3, dropped 4) links     2  0.05 MiB
    295/747  039349_38_mg18vfix                       files      7 (kept 3, dropped 4) links     2  0.05 MiB
    296/747  039349_39_d116vr1                        files      7 (kept 3, dropped 4) links     2  0.02 MiB
    297/747  039349_39_d116vr3                        files      7 (kept 3, dropped 4) links     2  0.02 MiB
    298/747  039349_39_mg18vbase                      files      7 (kept 3, dropped 4) links     2  0.02 MiB
    299/747  039349_39_mg18vfix                       files      7 (kept 3, dropped 4) links     2  0.02 MiB
    300/747  039349_3_d116vr1                         files      7 (kept 3, dropped 4) links     2  0.02 MiB
    301/747  039349_3_d116vr3                         files      7 (kept 3, dropped 4) links     2  0.02 MiB
    302/747  039349_3_mg18vbase                       files      7 (kept 3, dropped 4) links     2  0.02 MiB
    303/747  039349_3_mg18vfix                        files      7 (kept 3, dropped 4) links     2  0.02 MiB
    304/747  039349_40_d116vr1                        files      7 (kept 3, dropped 4) links     2  0.02 MiB
    305/747  039349_40_d116vr3                        files      7 (kept 3, dropped 4) links     2  0.02 MiB
    306/747  039349_40_mg18vbase                      files      7 (kept 3, dropped 4) links     2  0.02 MiB
    307/747  039349_40_mg18vfix                       files      7 (kept 3, dropped 4) links     2  0.02 MiB
    308/747  039349_41_d116vr1                        files      7 (kept 3, dropped 4) links     2  0.02 MiB
    309/747  039349_41_d116vr3                        files      7 (kept 3, dropped 4) links     2  0.02 MiB
    310/747  039349_41_mg18vbase                      files      7 (kept 3, dropped 4) links     2  0.02 MiB
    311/747  039349_41_mg18vfix                       files      7 (kept 3, dropped 4) links     2  0.02 MiB
    312/747  039349_42_d116vr1                        files      7 (kept 3, dropped 4) links     2  0.03 MiB
    313/747  039349_42_d116vr3                        files      7 (kept 3, dropped 4) links     2  0.03 MiB
    314/747  039349_42_mg18vbase                      files      7 (kept 3, dropped 4) links     2  0.04 MiB
    315/747  039349_42_mg18vfix                       files      7 (kept 3, dropped 4) links     2  0.04 MiB
    316/747  039349_43_d116vr1                        files      7 (kept 3, dropped 4) links     2  0.02 MiB
    317/747  039349_43_d116vr3                        files      7 (kept 3, dropped 4) links     2  0.02 MiB
    318/747  039349_43_mg18vbase                      files      7 (kept 3, dropped 4) links     2  0.01 MiB
    319/747  039349_43_mg18vfix                       files      7 (kept 3, dropped 4) links     2  0.01 MiB
    320/747  039349_44_d116vr1                        files      7 (kept 3, dropped 4) links     2  0.06 MiB
    321/747  039349_44_d116vr3                        files      7 (kept 3, dropped 4) links     2  0.06 MiB
    322/747  039349_44_mg18vbase                      files      7 (kept 3, dropped 4) links     2  0.04 MiB
    323/747  039349_44_mg18vfix                       files      7 (kept 3, dropped 4) links     2  0.04 MiB
    324/747  039349_45_d116vr1                        files      7 (kept 3, dropped 4) links     2  0.03 MiB
    325/747  039349_45_d116vr3                        files      7 (kept 3, dropped 4) links     2  0.03 MiB
    326/747  039349_45_mg18vbase                      files      7 (kept 3, dropped 4) links     2  0.04 MiB
    327/747  039349_45_mg18vfix                       files      7 (kept 3, dropped 4) links     2  0.04 MiB
    328/747  039349_46_d116vr1                        files      7 (kept 3, dropped 4) links     2  0.02 MiB
    329/747  039349_46_d116vr3                        files      7 (kept 3, dropped 4) links     2  0.02 MiB
    330/747  039349_46_mg18vbase                      files      7 (kept 3, dropped 4) links     2  0.02 MiB
    331/747  039349_46_mg18vfix                       files      7 (kept 3, dropped 4) links     2  0.02 MiB
    332/747  039349_47_d116vr1                        files      7 (kept 3, dropped 4) links     2  0.02 MiB
    333/747  039349_47_d116vr3                        files      7 (kept 3, dropped 4) links     2  0.02 MiB
    334/747  039349_47_mg18vbase                      files      7 (kept 3, dropped 4) links     2  0.02 MiB
    335/747  039349_47_mg18vfix                       files      7 (kept 3, dropped 4) links     2  0.02 MiB
    336/747  039349_48_d116vr1                        files      7 (kept 3, dropped 4) links     2  0.03 MiB
    337/747  039349_48_d116vr3                        files      7 (kept 3, dropped 4) links     2  0.03 MiB
    338/747  039349_48_mg18vbase                      files      7 (kept 3, dropped 4) links     2  0.04 MiB
    339/747  039349_48_mg18vfix                       files      7 (kept 3, dropped 4) links     2  0.04 MiB
    340/747  039349_49_d116vr1                        files      7 (kept 3, dropped 4) links     2  0.02 MiB
    341/747  039349_49_d116vr3                        files      7 (kept 3, dropped 4) links     2  0.02 MiB
    342/747  039349_49_mg18vbase                      files      7 (kept 3, dropped 4) links     2  0.02 MiB
    343/747  039349_49_mg18vfix                       files      7 (kept 3, dropped 4) links     2  0.02 MiB
    344/747  039349_4_d116vr1                         files      7 (kept 3, dropped 4) links     2  0.02 MiB
    345/747  039349_4_d116vr3                         files      7 (kept 3, dropped 4) links     2  0.02 MiB
    346/747  039349_4_mg18vbase                       files      7 (kept 3, dropped 4) links     2  0.02 MiB
    347/747  039349_4_mg18vfix                        files      7 (kept 3, dropped 4) links     2  0.02 MiB
    348/747  039349_50_d116vr1                        files      7 (kept 3, dropped 4) links     2  0.03 MiB
    349/747  039349_50_d116vr3                        files      7 (kept 3, dropped 4) links     2  0.03 MiB
    350/747  039349_50_mg18vbase                      files      7 (kept 3, dropped 4) links     2  0.04 MiB
    351/747  039349_50_mg18vfix                       files      7 (kept 3, dropped 4) links     2  0.04 MiB
    352/747  039349_51_d116vr1                        files      7 (kept 3, dropped 4) links     2  0.04 MiB
    353/747  039349_51_d116vr3                        files      7 (kept 3, dropped 4) links     2  0.04 MiB
    354/747  039349_51_mg18vbase                      files      7 (kept 3, dropped 4) links     2  0.03 MiB
    355/747  039349_51_mg18vfix                       files      7 (kept 3, dropped 4) links     2  0.03 MiB
    356/747  039349_52_d116vr1                        files      7 (kept 3, dropped 4) links     2  0.03 MiB
    357/747  039349_52_d116vr3                        files      7 (kept 3, dropped 4) links     2  0.03 MiB
    358/747  039349_52_mg18vbase                      files      7 (kept 3, dropped 4) links     2  0.03 MiB
    359/747  039349_52_mg18vfix                       files      7 (kept 3, dropped 4) links     2  0.03 MiB
    360/747  039349_53_d116vr1                        files      7 (kept 3, dropped 4) links     2  0.02 MiB
    361/747  039349_53_d116vr3                        files      7 (kept 3, dropped 4) links     2  0.02 MiB
    362/747  039349_53_mg18vbase                      files      7 (kept 3, dropped 4) links     2  0.03 MiB
    363/747  039349_53_mg18vfix                       files      7 (kept 3, dropped 4) links     2  0.03 MiB
    364/747  039349_54_d116vr1                        files      7 (kept 3, dropped 4) links     2  0.03 MiB
    365/747  039349_54_d116vr3                        files      7 (kept 3, dropped 4) links     2  0.03 MiB
    366/747  039349_54_mg18vbase                      files      7 (kept 3, dropped 4) links     2  0.04 MiB
    367/747  039349_54_mg18vfix                       files      7 (kept 3, dropped 4) links     2  0.04 MiB
    368/747  039349_55_d116vr1                        files      7 (kept 3, dropped 4) links     2  0.02 MiB
    369/747  039349_55_d116vr3                        files      7 (kept 3, dropped 4) links     2  0.02 MiB
    370/747  039349_55_mg18vbase                      files      7 (kept 3, dropped 4) links     2  0.01 MiB
    371/747  039349_55_mg18vfix                       files      7 (kept 3, dropped 4) links     2  0.01 MiB
    372/747  039349_56_d116vr1                        files      7 (kept 3, dropped 4) links     2  0.02 MiB
    373/747  039349_56_d116vr3                        files      7 (kept 3, dropped 4) links     2  0.02 MiB
    374/747  039349_56_mg18vbase                      files      7 (kept 3, dropped 4) links     2  0.02 MiB
    375/747  039349_56_mg18vfix                       files      7 (kept 3, dropped 4) links     2  0.02 MiB
    376/747  039349_57_d116vr1                        files      7 (kept 3, dropped 4) links     2  0.04 MiB
    377/747  039349_57_d116vr3                        files      7 (kept 3, dropped 4) links     2  0.04 MiB
    378/747  039349_57_mg18vbase                      files      7 (kept 3, dropped 4) links     2  0.08 MiB
    379/747  039349_57_mg18vfix                       files      7 (kept 3, dropped 4) links     2  0.08 MiB
    380/747  039349_58_d116vr1                        files      7 (kept 3, dropped 4) links     2  0.02 MiB
    381/747  039349_58_d116vr3                        files      7 (kept 3, dropped 4) links     2  0.02 MiB
    382/747  039349_58_mg18vbase                      files      7 (kept 3, dropped 4) links     2  0.02 MiB
    383/747  039349_58_mg18vfix                       files      7 (kept 3, dropped 4) links     2  0.02 MiB
    384/747  039349_59_d116vr1                        files      7 (kept 3, dropped 4) links     2  0.02 MiB
    385/747  039349_59_d116vr3                        files      7 (kept 3, dropped 4) links     2  0.02 MiB
    386/747  039349_59_mg18vbase                      files      7 (kept 3, dropped 4) links     2  0.02 MiB
    387/747  039349_59_mg18vfix                       files      7 (kept 3, dropped 4) links     2  0.02 MiB
    388/747  039349_5_d116vr1                         files      7 (kept 3, dropped 4) links     2  0.02 MiB
    389/747  039349_5_d116vr3                         files      7 (kept 3, dropped 4) links     2  0.02 MiB
    390/747  039349_5_mg18vbase                       files      7 (kept 3, dropped 4) links     2  0.02 MiB
    391/747  039349_5_mg18vfix                        files      7 (kept 3, dropped 4) links     2  0.02 MiB
    392/747  039349_60_d116vr1                        files      7 (kept 3, dropped 4) links     2  0.02 MiB
    393/747  039349_60_d116vr3                        files      7 (kept 3, dropped 4) links     2  0.02 MiB
    394/747  039349_60_mg18vbase                      files      7 (kept 3, dropped 4) links     2  0.03 MiB
    395/747  039349_60_mg18vfix                       files      7 (kept 3, dropped 4) links     2  0.03 MiB
    396/747  039349_61_d116vr1                        files      7 (kept 3, dropped 4) links     2  0.04 MiB
    397/747  039349_61_d116vr3                        files      7 (kept 3, dropped 4) links     2  0.04 MiB
    398/747  039349_61_mg18vbase                      files      7 (kept 3, dropped 4) links     2  0.04 MiB
    399/747  039349_61_mg18vfix                       files      7 (kept 3, dropped 4) links     2  0.04 MiB
    400/747  039349_62_d116vr1                        files      7 (kept 3, dropped 4) links     2  0.02 MiB
    401/747  039349_62_d116vr3                        files      7 (kept 3, dropped 4) links     2  0.02 MiB
    402/747  039349_62_mg18vbase                      files      7 (kept 3, dropped 4) links     2  0.02 MiB
    403/747  039349_62_mg18vfix                       files      7 (kept 3, dropped 4) links     2  0.02 MiB
    404/747  039349_63_d116vr1                        files      7 (kept 3, dropped 4) links     2  0.04 MiB
    405/747  039349_63_d116vr3                        files      7 (kept 3, dropped 4) links     2  0.04 MiB
    406/747  039349_63_mg18vbase                      files      7 (kept 3, dropped 4) links     2  0.03 MiB
    407/747  039349_63_mg18vfix                       files      7 (kept 3, dropped 4) links     2  0.03 MiB
    408/747  039349_64_d116vr1                        files      7 (kept 3, dropped 4) links     2  0.03 MiB
    409/747  039349_64_d116vr3                        files      7 (kept 3, dropped 4) links     2  0.03 MiB
    410/747  039349_64_mg18vbase                      files      7 (kept 3, dropped 4) links     2  0.03 MiB
    411/747  039349_64_mg18vfix                       files      7 (kept 3, dropped 4) links     2  0.03 MiB
    412/747  039349_65_d116vr1                        files      7 (kept 3, dropped 4) links     2  0.02 MiB
    413/747  039349_65_d116vr3                        files      7 (kept 3, dropped 4) links     2  0.02 MiB
    414/747  039349_65_mg18vbase                      files      7 (kept 3, dropped 4) links     2  0.02 MiB
    415/747  039349_65_mg18vfix                       files      7 (kept 3, dropped 4) links     2  0.02 MiB
    416/747  039349_66_d116vr1                        files      7 (kept 3, dropped 4) links     2  0.04 MiB
    417/747  039349_66_d116vr3                        files      7 (kept 3, dropped 4) links     2  0.04 MiB
    418/747  039349_66_mg18vbase                      files      7 (kept 3, dropped 4) links     2  0.04 MiB
    419/747  039349_66_mg18vfix                       files      7 (kept 3, dropped 4) links     2  0.04 MiB
    420/747  039349_67_d116vr1                        files      7 (kept 3, dropped 4) links     2  0.02 MiB
    421/747  039349_67_d116vr3                        files      7 (kept 3, dropped 4) links     2  0.02 MiB
    422/747  039349_67_mg18vbase                      files      7 (kept 3, dropped 4) links     2  0.02 MiB
    423/747  039349_67_mg18vfix                       files      7 (kept 3, dropped 4) links     2  0.02 MiB
    424/747  039349_68_d116vr1                        files      7 (kept 3, dropped 4) links     2  0.02 MiB
    425/747  039349_68_d116vr3                        files      7 (kept 3, dropped 4) links     2  0.02 MiB
    426/747  039349_68_mg18vbase                      files      7 (kept 3, dropped 4) links     2  0.03 MiB
    427/747  039349_68_mg18vfix                       files      7 (kept 3, dropped 4) links     2  0.02 MiB
    428/747  039349_69_d116vr1                        files      7 (kept 3, dropped 4) links     2  0.02 MiB
    429/747  039349_69_d116vr3                        files      7 (kept 3, dropped 4) links     2  0.02 MiB
    430/747  039349_69_mg18vbase                      files      7 (kept 3, dropped 4) links     2  0.02 MiB
    431/747  039349_69_mg18vfix                       files      7 (kept 3, dropped 4) links     2  0.02 MiB
    432/747  039349_6_d116vr1                         files      7 (kept 3, dropped 4) links     2  0.02 MiB
    433/747  039349_6_d116vr3                         files      7 (kept 3, dropped 4) links     2  0.02 MiB
    434/747  039349_6_mg18vbase                       files      7 (kept 3, dropped 4) links     2  0.01 MiB
    435/747  039349_6_mg18vfix                        files      7 (kept 3, dropped 4) links     2  0.01 MiB
    436/747  039349_70_d116vr1                        files      7 (kept 3, dropped 4) links     2  0.02 MiB
    437/747  039349_70_d116vr3                        files      7 (kept 3, dropped 4) links     2  0.02 MiB
    438/747  039349_70_mg18vbase                      files      7 (kept 3, dropped 4) links     2  0.02 MiB
    439/747  039349_70_mg18vfix                       files      7 (kept 3, dropped 4) links     2  0.02 MiB
    440/747  039349_71_d116vr1                        files      7 (kept 3, dropped 4) links     2  0.02 MiB
    441/747  039349_71_d116vr3                        files      7 (kept 3, dropped 4) links     2  0.02 MiB
    442/747  039349_71_mg18vbase                      files      7 (kept 3, dropped 4) links     2  0.03 MiB
    443/747  039349_71_mg18vfix                       files      7 (kept 3, dropped 4) links     2  0.03 MiB
    444/747  039349_72_d116vr1                        files      7 (kept 3, dropped 4) links     2  0.06 MiB
    445/747  039349_72_d116vr3                        files      7 (kept 3, dropped 4) links     2  0.06 MiB
    446/747  039349_72_mg18vbase                      files      7 (kept 3, dropped 4) links     2  0.02 MiB
    447/747  039349_72_mg18vfix                       files      7 (kept 3, dropped 4) links     2  0.02 MiB
    448/747  039349_73_d116vr1                        files      7 (kept 3, dropped 4) links     2  0.02 MiB
    449/747  039349_73_d116vr3                        files      7 (kept 3, dropped 4) links     2  0.02 MiB
    450/747  039349_73_mg18vbase                      files      7 (kept 3, dropped 4) links     2  0.02 MiB
    451/747  039349_73_mg18vfix                       files      7 (kept 3, dropped 4) links     2  0.02 MiB
    452/747  039349_74_d116vr1                        files      7 (kept 3, dropped 4) links     2  0.02 MiB
    453/747  039349_74_d116vr3                        files      7 (kept 3, dropped 4) links     2  0.02 MiB
    454/747  039349_74_mg18vbase                      files      7 (kept 3, dropped 4) links     2  0.02 MiB
    455/747  039349_74_mg18vfix                       files      7 (kept 3, dropped 4) links     2  0.02 MiB
    456/747  039349_75_d116vr1                        files      7 (kept 3, dropped 4) links     2  0.02 MiB
    457/747  039349_75_d116vr3                        files      7 (kept 3, dropped 4) links     2  0.02 MiB
    458/747  039349_75_mg18vbase                      files      7 (kept 3, dropped 4) links     2  0.02 MiB
    459/747  039349_75_mg18vfix                       files      7 (kept 3, dropped 4) links     2  0.02 MiB
    460/747  039349_76_d116vr1                        files      7 (kept 3, dropped 4) links     2  0.02 MiB
    461/747  039349_76_d116vr3                        files      7 (kept 3, dropped 4) links     2  0.02 MiB
    462/747  039349_76_mg18vbase                      files      7 (kept 3, dropped 4) links     2  0.02 MiB
    463/747  039349_76_mg18vfix                       files      7 (kept 3, dropped 4) links     2  0.02 MiB
    464/747  039349_77_d116vr1                        files      7 (kept 3, dropped 4) links     2  0.04 MiB
    465/747  039349_77_d116vr3                        files      7 (kept 3, dropped 4) links     2  0.04 MiB
    466/747  039349_77_mg18vbase                      files      7 (kept 3, dropped 4) links     2  0.06 MiB
    467/747  039349_77_mg18vfix                       files      7 (kept 3, dropped 4) links     2  0.06 MiB
    468/747  039349_78_d116vr1                        files      7 (kept 3, dropped 4) links     2  0.02 MiB
    469/747  039349_78_d116vr3                        files      7 (kept 3, dropped 4) links     2  0.02 MiB
    470/747  039349_78_mg18vbase                      files      7 (kept 3, dropped 4) links     2  0.02 MiB
    471/747  039349_78_mg18vfix                       files      7 (kept 3, dropped 4) links     2  0.02 MiB
    472/747  039349_79_d116vr1                        files      7 (kept 3, dropped 4) links     2  0.03 MiB
    473/747  039349_79_d116vr3                        files      7 (kept 3, dropped 4) links     2  0.03 MiB
    474/747  039349_79_mg18vbase                      files      7 (kept 3, dropped 4) links     2  0.03 MiB
    475/747  039349_79_mg18vfix                       files      7 (kept 3, dropped 4) links     2  0.03 MiB
    476/747  039349_7_d116vr1                         files      7 (kept 3, dropped 4) links     2  0.05 MiB
    477/747  039349_7_d116vr3                         files      7 (kept 3, dropped 4) links     2  0.05 MiB
    478/747  039349_7_mg18vbase                       files      7 (kept 3, dropped 4) links     2  0.05 MiB
    479/747  039349_7_mg18vfix                        files      7 (kept 3, dropped 4) links     2  0.05 MiB
    480/747  039349_80_d116vr1                        files      7 (kept 3, dropped 4) links     2  0.02 MiB
    481/747  039349_80_d116vr3                        files      7 (kept 3, dropped 4) links     2  0.02 MiB
    482/747  039349_80_mg18vbase                      files      7 (kept 3, dropped 4) links     2  0.02 MiB
    483/747  039349_80_mg18vfix                       files      7 (kept 3, dropped 4) links     2  0.02 MiB
    484/747  039349_81_d116vr1                        files      7 (kept 3, dropped 4) links     2  0.02 MiB
    485/747  039349_81_d116vr3                        files      7 (kept 3, dropped 4) links     2  0.02 MiB
    486/747  039349_81_mg18vbase                      files      7 (kept 3, dropped 4) links     2  0.02 MiB
    487/747  039349_81_mg18vfix                       files      7 (kept 3, dropped 4) links     2  0.02 MiB
    488/747  039349_82_d116vr1                        files      7 (kept 3, dropped 4) links     2  0.03 MiB
    489/747  039349_82_d116vr3                        files      7 (kept 3, dropped 4) links     2  0.03 MiB
    490/747  039349_82_mg18vbase                      files      7 (kept 3, dropped 4) links     2  0.03 MiB
    491/747  039349_82_mg18vfix                       files      7 (kept 3, dropped 4) links     2  0.03 MiB
    492/747  039349_83_d116vr1                        files      7 (kept 3, dropped 4) links     2  0.02 MiB
    493/747  039349_83_d116vr3                        files      7 (kept 3, dropped 4) links     2  0.02 MiB
    494/747  039349_83_mg18vbase                      files      7 (kept 3, dropped 4) links     2  0.02 MiB
    495/747  039349_83_mg18vfix                       files      7 (kept 3, dropped 4) links     2  0.02 MiB
    496/747  039349_8_d116vr1                         files      7 (kept 3, dropped 4) links     2  0.02 MiB
    497/747  039349_8_d116vr3                         files      7 (kept 3, dropped 4) links     2  0.02 MiB
    498/747  039349_8_mg18vbase                       files      7 (kept 3, dropped 4) links     2  0.01 MiB
    499/747  039349_8_mg18vfix                        files      7 (kept 3, dropped 4) links     2  0.01 MiB
    500/747  039349_9_d116vr1                         files      7 (kept 3, dropped 4) links     2  0.02 MiB
    501/747  039349_9_d116vr3                         files      7 (kept 3, dropped 4) links     2  0.02 MiB
    502/747  039349_9_mg18vbase                       files      7 (kept 3, dropped 4) links     2  0.02 MiB
    503/747  039349_9_mg18vfix                        files      7 (kept 3, dropped 4) links     2  0.02 MiB
    504/747  028084_0_d116hr1                         files      7 (kept 3, dropped 4) links     2  0.03 MiB
    505/747  028084_0_d116hr3                         files      7 (kept 3, dropped 4) links     2  0.03 MiB
    506/747  028084_0_mg18hbase                       files      7 (kept 3, dropped 4) links     2  0.04 MiB
    507/747  028084_0_mg18hfix                        files      7 (kept 3, dropped 4) links     2  0.04 MiB
    508/747  028084_10_d116hr1                        files      7 (kept 3, dropped 4) links     2  0.02 MiB
    509/747  028084_10_d116hr3                        files      7 (kept 3, dropped 4) links     2  0.02 MiB
    510/747  028084_10_mg18hbase                      files      7 (kept 3, dropped 4) links     2  0.02 MiB
    511/747  028084_10_mg18hfix                       files      7 (kept 3, dropped 4) links     2  0.02 MiB
    512/747  028084_11_d116hr1                        files      7 (kept 3, dropped 4) links     2  0.13 MiB
    513/747  028084_11_d116hr3                        files      7 (kept 3, dropped 4) links     2  0.13 MiB
    514/747  028084_11_mg18hbase                      files      7 (kept 3, dropped 4) links     2  0.11 MiB
    515/747  028084_11_mg18hfix                       files      7 (kept 3, dropped 4) links     2  0.11 MiB
    516/747  028084_12_d116hr1                        files      7 (kept 3, dropped 4) links     2  0.07 MiB
    517/747  028084_12_d116hr3                        files      7 (kept 3, dropped 4) links     2  0.07 MiB
    518/747  028084_12_mg18hbase                      files      7 (kept 3, dropped 4) links     2  0.08 MiB
    519/747  028084_12_mg18hfix                       files      7 (kept 3, dropped 4) links     2  0.08 MiB
    520/747  028084_13_d116hr1                        files      6 (kept 3, dropped 3) links     2  0.02 MiB
    521/747  028084_13_d116hr3                        files      6 (kept 3, dropped 3) links     2  0.02 MiB
    522/747  028084_13_mg18hbase                      files      7 (kept 3, dropped 4) links     2  0.02 MiB
    523/747  028084_13_mg18hfix                       files      7 (kept 3, dropped 4) links     2  0.02 MiB
    524/747  028084_14_d116hr1                        files      7 (kept 3, dropped 4) links     2  0.03 MiB
    525/747  028084_14_d116hr3                        files      7 (kept 3, dropped 4) links     2  0.03 MiB
    526/747  028084_14_mg18hbase                      files      7 (kept 3, dropped 4) links     2  0.03 MiB
    527/747  028084_14_mg18hfix                       files      7 (kept 3, dropped 4) links     2  0.03 MiB
    528/747  028084_15_d116hr1                        files      7 (kept 3, dropped 4) links     2  0.06 MiB
    529/747  028084_15_d116hr3                        files      7 (kept 3, dropped 4) links     2  0.06 MiB
    530/747  028084_15_mg18hbase                      files      7 (kept 3, dropped 4) links     2  0.06 MiB
    531/747  028084_15_mg18hfix                       files      7 (kept 3, dropped 4) links     2  0.06 MiB
    532/747  028084_16_d116hr1                        files      7 (kept 3, dropped 4) links     2  0.03 MiB
    533/747  028084_16_d116hr3                        files      7 (kept 3, dropped 4) links     2  0.03 MiB
    534/747  028084_16_mg18hbase                      files      7 (kept 3, dropped 4) links     2  0.03 MiB
    535/747  028084_16_mg18hfix                       files      7 (kept 3, dropped 4) links     2  0.03 MiB
    536/747  028084_17_d116hr1                        files      7 (kept 3, dropped 4) links     2  0.13 MiB
    537/747  028084_17_d116hr3                        files      7 (kept 3, dropped 4) links     2  0.13 MiB
    538/747  028084_17_mg18hbase                      files      7 (kept 3, dropped 4) links     2  0.15 MiB
    539/747  028084_17_mg18hfix                       files      7 (kept 3, dropped 4) links     2  0.15 MiB
    540/747  028084_18_d116hr1                        files      7 (kept 3, dropped 4) links     2  0.07 MiB
    541/747  028084_18_d116hr3                        files      7 (kept 3, dropped 4) links     2  0.07 MiB
    542/747  028084_18_mg18hbase                      files      7 (kept 3, dropped 4) links     2  0.07 MiB
    543/747  028084_18_mg18hfix                       files      7 (kept 3, dropped 4) links     2  0.07 MiB
    544/747  028084_19_d116hr1                        files      7 (kept 3, dropped 4) links     2  0.03 MiB
    545/747  028084_19_d116hr3                        files      7 (kept 3, dropped 4) links     2  0.03 MiB
    546/747  028084_19_mg18hbase                      files      7 (kept 3, dropped 4) links     2  0.02 MiB
    547/747  028084_19_mg18hfix                       files      7 (kept 3, dropped 4) links     2  0.02 MiB
    548/747  028084_1_d116hr1                         files      7 (kept 3, dropped 4) links     2  0.18 MiB
    549/747  028084_1_d116hr3                         files      7 (kept 3, dropped 4) links     2  0.18 MiB
    550/747  028084_1_mg18hbase                       files      7 (kept 3, dropped 4) links     2  0.16 MiB
    551/747  028084_1_mg18hfix                        files      7 (kept 3, dropped 4) links     2  0.16 MiB
    552/747  028084_20_d116hr1                        files      7 (kept 3, dropped 4) links     2  0.07 MiB
    553/747  028084_20_d116hr3                        files      7 (kept 3, dropped 4) links     2  0.07 MiB
    554/747  028084_20_mg18hbase                      files      7 (kept 3, dropped 4) links     2  0.08 MiB
    555/747  028084_20_mg18hfix                       files      7 (kept 3, dropped 4) links     2  0.08 MiB
    556/747  028084_21_d116hr1                        files      7 (kept 3, dropped 4) links     2  0.08 MiB
    557/747  028084_21_d116hr3                        files      7 (kept 3, dropped 4) links     2  0.08 MiB
    558/747  028084_21_mg18hbase                      files      7 (kept 3, dropped 4) links     2  0.08 MiB
    559/747  028084_21_mg18hfix                       files      7 (kept 3, dropped 4) links     2  0.08 MiB
    560/747  028084_22_d116hr1                        files      7 (kept 3, dropped 4) links     2  0.02 MiB
    561/747  028084_22_d116hr3                        files      7 (kept 3, dropped 4) links     2  0.02 MiB
    562/747  028084_22_mg18hbase                      files      7 (kept 3, dropped 4) links     2  0.02 MiB
    563/747  028084_22_mg18hfix                       files      7 (kept 3, dropped 4) links     2  0.02 MiB
    564/747  028084_23_d116hr1                        files      7 (kept 3, dropped 4) links     2  0.07 MiB
    565/747  028084_23_d116hr3                        files      7 (kept 3, dropped 4) links     2  0.07 MiB
    566/747  028084_23_mg18hbase                      files      7 (kept 3, dropped 4) links     2  0.09 MiB
    567/747  028084_23_mg18hfix                       files      7 (kept 3, dropped 4) links     2  0.09 MiB
    568/747  028084_24_d116hr1                        files      7 (kept 3, dropped 4) links     2  0.03 MiB
    569/747  028084_24_d116hr3                        files      7 (kept 3, dropped 4) links     2  0.03 MiB
    570/747  028084_24_mg18hbase                      files      7 (kept 3, dropped 4) links     2  0.06 MiB
    571/747  028084_24_mg18hfix                       files      7 (kept 3, dropped 4) links     2  0.06 MiB
    572/747  028084_25_d116hr1                        files      7 (kept 3, dropped 4) links     2  0.06 MiB
    573/747  028084_25_d116hr3                        files      7 (kept 3, dropped 4) links     2  0.06 MiB
    574/747  028084_25_mg18hbase                      files      7 (kept 3, dropped 4) links     2  0.02 MiB
    575/747  028084_25_mg18hfix                       files      7 (kept 3, dropped 4) links     2  0.02 MiB
    576/747  028084_26_d116hr1                        files      7 (kept 3, dropped 4) links     2  0.03 MiB
    577/747  028084_26_d116hr3                        files      7 (kept 3, dropped 4) links     2  0.03 MiB
    578/747  028084_26_mg18hbase                      files      7 (kept 3, dropped 4) links     2  0.03 MiB
    579/747  028084_26_mg18hfix                       files      7 (kept 3, dropped 4) links     2  0.03 MiB
    580/747  028084_27_d116hr1                        files      7 (kept 3, dropped 4) links     2  0.05 MiB
    581/747  028084_27_d116hr3                        files      7 (kept 3, dropped 4) links     2  0.05 MiB
    582/747  028084_27_mg18hbase                      files      7 (kept 3, dropped 4) links     2  0.05 MiB
    583/747  028084_27_mg18hfix                       files      7 (kept 3, dropped 4) links     2  0.05 MiB
    584/747  028084_28_d116hr1                        files      7 (kept 3, dropped 4) links     2  0.05 MiB
    585/747  028084_28_d116hr3                        files      7 (kept 3, dropped 4) links     2  0.05 MiB
    586/747  028084_28_mg18hbase                      files      7 (kept 3, dropped 4) links     2  0.03 MiB
    587/747  028084_28_mg18hfix                       files      7 (kept 3, dropped 4) links     2  0.03 MiB
    588/747  028084_29_d116hr1                        files      7 (kept 3, dropped 4) links     2  0.02 MiB
    589/747  028084_29_d116hr3                        files      7 (kept 3, dropped 4) links     2  0.02 MiB
    590/747  028084_29_mg18hbase                      files      7 (kept 3, dropped 4) links     2  0.02 MiB
    591/747  028084_29_mg18hfix                       files      7 (kept 3, dropped 4) links     2  0.02 MiB
    592/747  028084_2_d116hr1                         files      7 (kept 3, dropped 4) links     2  0.04 MiB
    593/747  028084_2_d116hr3                         files      7 (kept 3, dropped 4) links     2  0.05 MiB
    594/747  028084_2_mg18hbase                       files      7 (kept 3, dropped 4) links     2  0.07 MiB
    595/747  028084_2_mg18hfix                        files      7 (kept 3, dropped 4) links     2  0.07 MiB
    596/747  028084_30_d116hr1                        files      7 (kept 3, dropped 4) links     2  0.03 MiB
    597/747  028084_30_d116hr3                        files      7 (kept 3, dropped 4) links     2  0.03 MiB
    598/747  028084_30_mg18hbase                      files      7 (kept 3, dropped 4) links     2  0.03 MiB
    599/747  028084_30_mg18hfix                       files      7 (kept 3, dropped 4) links     2  0.03 MiB
    600/747  028084_3_d116hr1                         files      7 (kept 3, dropped 4) links     2  0.08 MiB
    601/747  028084_3_d116hr3                         files      7 (kept 3, dropped 4) links     2  0.08 MiB
    602/747  028084_3_mg18hbase                       files      7 (kept 3, dropped 4) links     2  0.09 MiB
    603/747  028084_3_mg18hfix                        files      7 (kept 3, dropped 4) links     2  0.09 MiB
    604/747  028084_4_d116hr1                         files      7 (kept 3, dropped 4) links     2  0.08 MiB
    605/747  028084_4_d116hr3                         files      7 (kept 3, dropped 4) links     2  0.08 MiB
    606/747  028084_4_mg18hbase                       files      7 (kept 3, dropped 4) links     2  0.07 MiB
    607/747  028084_4_mg18hfix                        files      7 (kept 3, dropped 4) links     2  0.07 MiB
    608/747  028084_5_d116hr1                         files      7 (kept 3, dropped 4) links     2  0.03 MiB
    609/747  028084_5_d116hr3                         files      7 (kept 3, dropped 4) links     2  0.03 MiB
    610/747  028084_5_mg18hbase                       files      7 (kept 3, dropped 4) links     2  0.02 MiB
    611/747  028084_5_mg18hfix                        files      7 (kept 3, dropped 4) links     2  0.02 MiB
    612/747  028084_6_d116hr1                         files      7 (kept 3, dropped 4) links     2  0.03 MiB
    613/747  028084_6_d116hr3                         files      7 (kept 3, dropped 4) links     2  0.03 MiB
    614/747  028084_6_mg18hbase                       files      7 (kept 3, dropped 4) links     2  0.02 MiB
    615/747  028084_6_mg18hfix                        files      7 (kept 3, dropped 4) links     2  0.02 MiB
    616/747  028084_7_d116hr1                         files      7 (kept 3, dropped 4) links     2  0.06 MiB
    617/747  028084_7_d116hr3                         files      7 (kept 3, dropped 4) links     2  0.06 MiB
    618/747  028084_7_mg18hbase                       files      7 (kept 3, dropped 4) links     2  0.06 MiB
    619/747  028084_7_mg18hfix                        files      7 (kept 3, dropped 4) links     2  0.06 MiB
    620/747  028084_8_d116hr1                         files      7 (kept 3, dropped 4) links     2  0.08 MiB
    621/747  028084_8_d116hr3                         files      7 (kept 3, dropped 4) links     2  0.08 MiB
    622/747  028084_8_mg18hbase                       files      7 (kept 3, dropped 4) links     2  0.11 MiB
    623/747  028084_8_mg18hfix                        files      7 (kept 3, dropped 4) links     2  0.11 MiB
    624/747  028084_9_d116hr1                         files      7 (kept 3, dropped 4) links     2  0.06 MiB
    625/747  028084_9_d116hr3                         files      7 (kept 3, dropped 4) links     2  0.06 MiB
    626/747  028084_9_mg18hbase                       files      7 (kept 3, dropped 4) links     2  0.09 MiB
    627/747  028084_9_mg18hfix                        files      7 (kept 3, dropped 4) links     2  0.09 MiB
    628/747  029107_0_d116hr1                         files      7 (kept 3, dropped 4) links     2  0.03 MiB
    629/747  029107_0_d116hr3                         files      7 (kept 3, dropped 4) links     2  0.03 MiB
    630/747  029107_0_mg18hbase                       files      7 (kept 3, dropped 4) links     2  0.03 MiB
    631/747  029107_0_mg18hfix                        files      7 (kept 3, dropped 4) links     2  0.03 MiB
    632/747  029107_10_d116hr1                        files      7 (kept 3, dropped 4) links     2  0.08 MiB
    633/747  029107_10_d116hr3                        files      7 (kept 3, dropped 4) links     2  0.08 MiB
    634/747  029107_10_mg18hbase                      files      7 (kept 3, dropped 4) links     2  0.08 MiB
    635/747  029107_10_mg18hfix                       files      7 (kept 3, dropped 4) links     2  0.08 MiB
    636/747  029107_11_d116hr1                        files      7 (kept 3, dropped 4) links     2  0.04 MiB
    637/747  029107_11_d116hr3                        files      7 (kept 3, dropped 4) links     2  0.04 MiB
    638/747  029107_11_mg18hbase                      files      7 (kept 3, dropped 4) links     2  0.04 MiB
    639/747  029107_11_mg18hfix                       files      7 (kept 3, dropped 4) links     2  0.04 MiB
    640/747  029107_12_d116hr1                        files      7 (kept 3, dropped 4) links     2  0.12 MiB
    641/747  029107_12_d116hr3                        files      7 (kept 3, dropped 4) links     2  0.12 MiB
    642/747  029107_12_mg18hbase                      files      7 (kept 3, dropped 4) links     2  0.15 MiB
    643/747  029107_12_mg18hfix                       files      7 (kept 3, dropped 4) links     2  0.15 MiB
    644/747  029107_13_d116hr1                        files      7 (kept 3, dropped 4) links     2  0.03 MiB
    645/747  029107_13_d116hr3                        files      7 (kept 3, dropped 4) links     2  0.03 MiB
    646/747  029107_13_mg18hbase                      files      7 (kept 3, dropped 4) links     2  0.02 MiB
    647/747  029107_13_mg18hfix                       files      7 (kept 3, dropped 4) links     2  0.02 MiB
    648/747  029107_14_d116hr1                        files      7 (kept 3, dropped 4) links     2  0.05 MiB
    649/747  029107_14_d116hr3                        files      7 (kept 3, dropped 4) links     2  0.05 MiB
    650/747  029107_14_mg18hbase                      files      7 (kept 3, dropped 4) links     2  0.06 MiB
    651/747  029107_14_mg18hfix                       files      7 (kept 3, dropped 4) links     2  0.06 MiB
    652/747  029107_15_d116hr1                        files      7 (kept 3, dropped 4) links     2  0.12 MiB
    653/747  029107_15_d116hr3                        files      7 (kept 3, dropped 4) links     2  0.12 MiB
    654/747  029107_15_mg18hbase                      files      7 (kept 3, dropped 4) links     2  0.12 MiB
    655/747  029107_15_mg18hfix                       files      7 (kept 3, dropped 4) links     2  0.12 MiB
    656/747  029107_16_d116hr1                        files      7 (kept 3, dropped 4) links     2  0.10 MiB
    657/747  029107_16_d116hr3                        files      7 (kept 3, dropped 4) links     2  0.10 MiB
    658/747  029107_16_mg18hbase                      files      7 (kept 3, dropped 4) links     2  0.17 MiB
    659/747  029107_16_mg18hfix                       files      7 (kept 3, dropped 4) links     2  0.16 MiB
    660/747  029107_17_d116hr1                        files      7 (kept 3, dropped 4) links     2  0.02 MiB
    661/747  029107_17_d116hr3                        files      7 (kept 3, dropped 4) links     2  0.02 MiB
    662/747  029107_17_mg18hbase                      files      7 (kept 3, dropped 4) links     2  0.02 MiB
    663/747  029107_17_mg18hfix                       files      7 (kept 3, dropped 4) links     2  0.02 MiB
    664/747  029107_18_d116hr1                        files      7 (kept 3, dropped 4) links     2  0.40 MiB
    665/747  029107_18_d116hr3                        files      7 (kept 3, dropped 4) links     2  0.40 MiB
    666/747  029107_18_mg18hbase                      files      7 (kept 3, dropped 4) links     2  0.41 MiB
    667/747  029107_18_mg18hfix                       files      7 (kept 3, dropped 4) links     2  0.41 MiB
    668/747  029107_19_d116hr1                        files      7 (kept 3, dropped 4) links     2  0.07 MiB
    669/747  029107_19_d116hr3                        files      7 (kept 3, dropped 4) links     2  0.07 MiB
    670/747  029107_19_mg18hbase                      files      7 (kept 3, dropped 4) links     2  0.10 MiB
    671/747  029107_19_mg18hfix                       files      7 (kept 3, dropped 4) links     2  0.10 MiB
    672/747  029107_1_d116hr1                         files      7 (kept 3, dropped 4) links     2  0.06 MiB
    673/747  029107_1_d116hr3                         files      7 (kept 3, dropped 4) links     2  0.06 MiB
    674/747  029107_1_mg18hbase                       files      7 (kept 3, dropped 4) links     2  0.07 MiB
    675/747  029107_1_mg18hfix                        files      7 (kept 3, dropped 4) links     2  0.07 MiB
    676/747  029107_20_d116hr1                        files      7 (kept 3, dropped 4) links     2  0.06 MiB
    677/747  029107_20_d116hr3                        files      7 (kept 3, dropped 4) links     2  0.06 MiB
    678/747  029107_20_mg18hbase                      files      7 (kept 3, dropped 4) links     2  0.06 MiB
    679/747  029107_20_mg18hfix                       files      7 (kept 3, dropped 4) links     2  0.06 MiB
    680/747  029107_21_d116hr1                        files      7 (kept 3, dropped 4) links     2  0.07 MiB
    681/747  029107_21_d116hr3                        files      7 (kept 3, dropped 4) links     2  0.07 MiB
    682/747  029107_21_mg18hbase                      files      7 (kept 3, dropped 4) links     2  0.05 MiB
    683/747  029107_21_mg18hfix                       files      7 (kept 3, dropped 4) links     2  0.05 MiB
    684/747  029107_22_d116hr1                        files      7 (kept 3, dropped 4) links     2  0.02 MiB
    685/747  029107_22_d116hr3                        files      7 (kept 3, dropped 4) links     2  0.02 MiB
    686/747  029107_22_mg18hbase                      files      7 (kept 3, dropped 4) links     2  0.02 MiB
    687/747  029107_22_mg18hfix                       files      7 (kept 3, dropped 4) links     2  0.02 MiB
    688/747  029107_23_d116hr1                        files      7 (kept 3, dropped 4) links     2  0.03 MiB
    689/747  029107_23_d116hr3                        files      7 (kept 3, dropped 4) links     2  0.03 MiB
    690/747  029107_23_mg18hbase                      files      7 (kept 3, dropped 4) links     2  0.03 MiB
    691/747  029107_23_mg18hfix                       files      7 (kept 3, dropped 4) links     2  0.03 MiB
    692/747  029107_24_d116hr1                        files      7 (kept 3, dropped 4) links     2  0.02 MiB
    693/747  029107_24_d116hr3                        files      7 (kept 3, dropped 4) links     2  0.02 MiB
    694/747  029107_24_mg18hbase                      files      7 (kept 3, dropped 4) links     2  0.13 MiB
    695/747  029107_24_mg18hfix                       files      7 (kept 3, dropped 4) links     2  0.13 MiB
    696/747  029107_25_d116hr1                        files      7 (kept 3, dropped 4) links     2  0.10 MiB
    697/747  029107_25_d116hr3                        files      7 (kept 3, dropped 4) links     2  0.10 MiB
    698/747  029107_25_mg18hbase                      files      7 (kept 3, dropped 4) links     2  0.07 MiB
    699/747  029107_25_mg18hfix                       files      7 (kept 3, dropped 4) links     2  0.07 MiB
    700/747  029107_26_d116hr1                        files      7 (kept 3, dropped 4) links     2  0.11 MiB
    701/747  029107_26_d116hr3                        files      7 (kept 3, dropped 4) links     2  0.11 MiB
    702/747  029107_26_mg18hbase                      files      7 (kept 3, dropped 4) links     2  0.08 MiB
    703/747  029107_26_mg18hfix                       files      7 (kept 3, dropped 4) links     2  0.08 MiB
    704/747  029107_27_d116hr1                        files      7 (kept 3, dropped 4) links     2  0.02 MiB
    705/747  029107_27_d116hr3                        files      7 (kept 3, dropped 4) links     2  0.02 MiB
    706/747  029107_27_mg18hbase                      files      7 (kept 3, dropped 4) links     2  0.02 MiB
    707/747  029107_27_mg18hfix                       files      7 (kept 3, dropped 4) links     2  0.02 MiB
    708/747  029107_28_d116hr1                        files      7 (kept 3, dropped 4) links     2  0.05 MiB
    709/747  029107_28_d116hr3                        files      7 (kept 3, dropped 4) links     2  0.05 MiB
    710/747  029107_28_mg18hbase                      files      7 (kept 3, dropped 4) links     2  0.04 MiB
    711/747  029107_28_mg18hfix                       files      7 (kept 3, dropped 4) links     2  0.04 MiB
    712/747  029107_29_d116hr1                        files      7 (kept 3, dropped 4) links     2  0.07 MiB
    713/747  029107_29_d116hr3                        files      7 (kept 3, dropped 4) links     2  0.07 MiB
    714/747  029107_29_mg18hbase                      files      7 (kept 3, dropped 4) links     2  0.04 MiB
    715/747  029107_29_mg18hfix                       files      7 (kept 3, dropped 4) links     2  0.04 MiB
    716/747  029107_2_d116hr1                         files      7 (kept 3, dropped 4) links     2  0.10 MiB
    717/747  029107_2_d116hr3                         files      7 (kept 3, dropped 4) links     2  0.10 MiB
    718/747  029107_2_mg18hbase                       files      7 (kept 3, dropped 4) links     2  0.11 MiB
    719/747  029107_2_mg18hfix                        files      7 (kept 3, dropped 4) links     2  0.11 MiB
    720/747  029107_3_d116hr1                         files      7 (kept 3, dropped 4) links     2  0.06 MiB
    721/747  029107_3_d116hr3                         files      7 (kept 3, dropped 4) links     2  0.06 MiB
    722/747  029107_3_mg18hbase                       files      7 (kept 3, dropped 4) links     2  0.13 MiB
    723/747  029107_3_mg18hfix                        files      7 (kept 3, dropped 4) links     2  0.13 MiB
    724/747  029107_4_d116hr1                         files      7 (kept 3, dropped 4) links     2  0.04 MiB
    725/747  029107_4_d116hr3                         files      7 (kept 3, dropped 4) links     2  0.04 MiB
    726/747  029107_4_mg18hbase                       files      7 (kept 3, dropped 4) links     2  0.03 MiB
    727/747  029107_4_mg18hfix                        files      7 (kept 3, dropped 4) links     2  0.03 MiB
    728/747  029107_5_d116hr1                         files      7 (kept 3, dropped 4) links     2  0.08 MiB
    729/747  029107_5_d116hr3                         files      7 (kept 3, dropped 4) links     2  0.08 MiB
    730/747  029107_5_mg18hbase                       files      7 (kept 3, dropped 4) links     2  0.09 MiB
    731/747  029107_5_mg18hfix                        files      7 (kept 3, dropped 4) links     2  0.09 MiB
    732/747  029107_6_d116hr1                         files      7 (kept 3, dropped 4) links     2  0.02 MiB
    733/747  029107_6_d116hr3                         files      7 (kept 3, dropped 4) links     2  0.02 MiB
    734/747  029107_6_mg18hbase                       files      7 (kept 3, dropped 4) links     2  0.02 MiB
    735/747  029107_6_mg18hfix                        files      7 (kept 3, dropped 4) links     2  0.02 MiB
    736/747  029107_7_d116hr1                         files      7 (kept 3, dropped 4) links     2  0.03 MiB
    737/747  029107_7_d116hr3                         files      7 (kept 3, dropped 4) links     2  0.03 MiB
    738/747  029107_7_mg18hbase                       files      7 (kept 3, dropped 4) links     2  0.05 MiB
    739/747  029107_7_mg18hfix                        files      7 (kept 3, dropped 4) links     2  0.05 MiB
    740/747  029107_8_d116hr1                         files      7 (kept 3, dropped 4) links     2  0.03 MiB
    741/747  029107_8_d116hr3                         files      7 (kept 3, dropped 4) links     2  0.03 MiB
    742/747  029107_8_mg18hbase                       files      7 (kept 3, dropped 4) links     2  0.03 MiB
    743/747  029107_8_mg18hfix                        files      7 (kept 3, dropped 4) links     2  0.03 MiB
    744/747  029107_9_d116hr1                         files      7 (kept 3, dropped 4) links     2  0.04 MiB
    745/747  029107_9_d116hr3                         files      7 (kept 3, dropped 4) links     2  0.04 MiB
    746/747  029107_9_mg18hbase                       files      7 (kept 3, dropped 4) links     2  0.03 MiB
    747/747  029107_9_mg18hfix                        files      7 (kept 3, dropped 4) links     2  0.03 MiB

archived 747/747 arms into /home/xqian/toolkit-dev/wcp-porting-img/sbnd/sbnd_xin/archive/records/cleanup-20260921
integrity: every released dir has a .manifest.tsv with a SHA-256 per file, a .links.txt, and a .tar.zst of the non-heavy record layer.
