== INTERLOCK A: re-planning before deleting (peer-session guard)
   OK: all interlocks still PASS; the tier file of every tree being
   run (sbnd pdvd pdhd) is unchanged.
==================================================================
== sbnd   tier 1   file: /home/xqian/toolkit-dev/wcp-porting-img/pdhd/scripts/retire/tier1_sbnd_20260925.txt
   lines 115 | present 115 | already gone 0 | 311.99 GiB
   record gate: 115/115 targets have a manifest in /home/xqian/toolkit-dev/wcp-porting-img/pdhd/scripts/retire/../../../sbnd/sbnd_xin/archive/records/cleanup-20260925/sbnd-tier1
   DELETING...
   done, rc=0
==================================================================
== pdvd   tier 1   file: /home/xqian/toolkit-dev/wcp-porting-img/pdhd/scripts/retire/tier1_pdvd_20260925.txt
   lines 3123 | present 3123 | already gone 0 | 53.19 GiB
   record gate: 3123/3123 targets have a manifest in /home/xqian/toolkit-dev/wcp-porting-img/pdhd/scripts/retire/../../../sbnd/sbnd_xin/archive/records/cleanup-20260925/pdvd-tier1
   DELETING...
   done, rc=0
==================================================================
== pdhd   tier 1   file: /home/xqian/toolkit-dev/wcp-porting-img/pdhd/scripts/retire/tier1_pdhd_20260925.txt
   lines 324 | present 324 | already gone 0 | 4.79 GiB
   record gate: 324/324 targets have a manifest in /home/xqian/toolkit-dev/wcp-porting-img/pdhd/scripts/retire/../../../sbnd/sbnd_xin/archive/records/cleanup-20260925/pdhd-tier1
   DELETING...
   done, rc=0

POST-STATE CHECK.  interlock 4 recorded the PRE-existing broken-symlink
count per tree (prebroken_<tree>_20260925.txt); this number only means
something compared against that.
   pdhd: 0 broken symlinks
   pdvd: 0 broken symlinks
   sbnd/sbnd_xin: 0 broken symlinks
