
==============================================================================
== sbnd   (/home/xqian/toolkit-dev/wcp-porting-img/sbnd/sbnd_xin)
==============================================================================
  PASS  INTERLOCK 1: substrate present (all present)
  PASS  INTERLOCK 2: no kept symlink resolves into a releasing dir (0 would dangle)
  PASS  INTERLOCK 3: no live writer (0 of 0 sampled dirs moved, 0 tree-scoped wire-cell procs)
  PASS  INTERLOCK 4: pre-existing broken symlinks recorded: 0 (the post-state number only means something against this)
  PASS  INTERLOCK 5: PROTECTED.txt clear of the release (clear)
  PASS  INTERLOCK 7: no record/label dir in the release (clear)
  PASS  INTERLOCK 8: no target is itself a symlink (clear)
  PASS  INTERLOCK 9: manifests name 446 arms, 14 exist, 0 in the release (none)
  PASS  INTERLOCK 11: every substrate/production/scan name resolves (all resolve)
  PASS  INTERLOCK 13: hand-scan sources kept: none for this tree
  PASS  INTERLOCK 14: 0 uncited families in the release; each maps to a committed doc by round number (0 do not: none)
  PASS  INTERLOCK 15: nothing released is named by an uncommitted record (clear)
  PASS  INTERLOCK 16: live-by-uncommitted-record: 8 tokens from 1 file(s); 0 resolve in this tree (none)

  universe 81 dirs | KEEP 81 = 76.12 GiB | RELEASE 0 = 0.00 GiB | out-of-scope (untouched) 39
  --- RELEASE ---   arm                       dirs      GiB  cited
  tier 1 file: /home/xqian/toolkit-dev/wcp-porting-img/pdhd/scripts/retire/tier1_sbnd_20260910.txt  (0 lines, 0.00 GiB)

==============================================================================
== pdvd   (/home/xqian/toolkit-dev/wcp-porting-img/pdvd/work)
==============================================================================
        closure: +1 dirs pulled back as substrate of a kept dir
  PASS  INTERLOCK 1: substrate present (all present)
  PASS  INTERLOCK 2: no kept symlink resolves into a releasing dir (0 would dangle)
  PASS  INTERLOCK 3: no live writer (0 of 0 sampled dirs moved, 0 tree-scoped wire-cell procs)
  PASS  INTERLOCK 4: pre-existing broken symlinks recorded: 0 (the post-state number only means something against this)
  PASS  INTERLOCK 5: PROTECTED.txt clear of the release (clear)
  PASS  INTERLOCK 7: no record/label dir in the release (clear)
  PASS  INTERLOCK 8: no target is itself a symlink (clear)
  PASS  INTERLOCK 9: manifests name 0 arms, 0 exist, 0 in the release (none)
  PASS  INTERLOCK 11: every substrate/production/scan name resolves (all resolve)
  PASS  INTERLOCK 13: hand-scan sources kept: ['d08pv30off', 'd08pv30on', 'd53v', 'd67v', 'd68a3', 'd68d4']
  PASS  INTERLOCK 14: 0 uncited families in the release; each maps to a committed doc by round number (0 do not: none)
  PASS  INTERLOCK 15: nothing released is named by an uncommitted record (clear)
  PASS  INTERLOCK 16: live-by-uncommitted-record: 8 tokens from 1 file(s); 6 resolve in this tree (['p80boff', 'p82vcs', 'p82vk10', 'p82voff', 'p82vtp', 'p82vtp0'])

  universe 5461 dirs | KEEP 5461 = 58.91 GiB | RELEASE 0 = 0.00 GiB | out-of-scope (untouched) 270
  --- RELEASE ---   arm                       dirs      GiB  cited
  tier 1 file: /home/xqian/toolkit-dev/wcp-porting-img/pdhd/scripts/retire/tier1_pdvd_20260910.txt  (0 lines, 0.00 GiB)

==============================================================================
== pdhd   (/home/xqian/toolkit-dev/wcp-porting-img/pdhd/work)
==============================================================================
  PASS  INTERLOCK 1: substrate present (all present)
  PASS  INTERLOCK 2: no kept symlink resolves into a releasing dir (0 would dangle)
  PASS  INTERLOCK 3: no live writer (0 of 123 sampled dirs moved, 0 tree-scoped wire-cell procs)
  PASS  INTERLOCK 4: pre-existing broken symlinks recorded: 0 (the post-state number only means something against this)
  PASS  INTERLOCK 5: PROTECTED.txt clear of the release (clear)
  PASS  INTERLOCK 7: no record/label dir in the release (clear)
  PASS  INTERLOCK 8: no target is itself a symlink (clear)
  PASS  INTERLOCK 9: manifests name 1 arms, 0 exist, 0 in the release (none)
  PASS  INTERLOCK 11: every substrate/production/scan name resolves (all resolve)
  PASS  INTERLOCK 13: hand-scan sources kept: ['d05mON', 'd08cap10', 'd08goff', 'd53h', 'stm0']
  PASS  INTERLOCK 14: 22 uncited families in the release; each maps to a committed doc by round number (0 do not: none)
  PASS  INTERLOCK 15: nothing released is named by an uncommitted record (clear)
  PASS  INTERLOCK 16: live-by-uncommitted-record: 8 tokens from 1 file(s); 2 resolve in this tree (['p80bhoff', 'p82hoff'])

  universe 4503 dirs | KEEP 1323 = 43.15 GiB | RELEASE 3180 = 35.22 GiB | out-of-scope (untouched) 109
  --- RELEASE ---   arm                       dirs      GiB  cited
                    d09ref                      30     1.27     11
                    d30hnupost                  61     1.11    149
                    d30hnupre                   61     1.11     65
                    d71hoff                     61     0.90     10
                    d71hleg                     61     0.90     10
                    d66hleg                     61     0.90     10
                    d65hleg                     61     0.90      9
                    d64hleg                     61     0.90      6
                    d63hleg                     61     0.90      6
                    d62hleg                     61     0.90      7
                    d59hleg                     61     0.90     10
                    d61hleg                     61     0.90      3
                    d58hleg                     61     0.90     11
                    d57hleg                     61     0.90      6
                    p74hleg                     61     0.89      8
                    p74hoff                     61     0.89     12
                    p72hoff                     61     0.89      7
                    p75hleg                     61     0.89     12
                    p75hoff                     61     0.89     19
                    p72hleg                     61     0.89      7
                    p4hleg                      61     0.89     11
                    p4hoff                      61     0.89     11
                    d53hleg                     61     0.89      3
                    d51gh                       61     0.89      5
                    d51ghleg                    61     0.89      4
                    ... and 103 more families
  tier 1 file: /home/xqian/toolkit-dev/wcp-porting-img/pdhd/scripts/retire/tier1_pdhd_20260910.txt  (3180 lines, 35.22 GiB)

==============================================================================
GRAND TOTAL release 35.22 GiB
interlock failures: NONE

This script retired nothing.  Review the tier files, then run the retire driver (CONFIRM=yes).
