# live_tokens: reference f2a0d6007c6c, 261 untracked + 0 modified path(s) under DOCROOTS

==============================================================================
== pdhd   (/home/xqian/toolkit-dev/wcp-porting-img/pdhd/work)
==============================================================================
  PASS  INTERLOCK 1: substrate present (all present)
  PASS  INTERLOCK 2: no kept symlink resolves into a releasing dir (0 would dangle)
  PASS  INTERLOCK 3: no live writer (0 of 124 sampled dirs moved, 0 tree-scoped wire-cell procs)
  PASS  INTERLOCK 4: pre-existing broken symlinks recorded: 0 (the post-state number only means something against this)
  PASS  INTERLOCK 5: PROTECTED.txt clear of the release (clear)
  PASS  INTERLOCK 7: no record/label dir in the release (clear)
  PASS  INTERLOCK 8: no target is itself a symlink (clear)
  PASS  INTERLOCK 9: manifests name 1 arms, 0 exist, 0 in the release (none)
  PASS  INTERLOCK 11: every substrate/production/scan name resolves (all resolve)
  PASS  INTERLOCK 13: hand-scan sources kept: ['d05mON', 'd08cap10', 'd08goff', 'd101hkf', 'd102hcs', 'd102hocs', 'd115hoff', 'd115hp3bwp05', 'd116hr2', 'd53h', 'h18b', 'h18s', 'h23conf', 'h25base', 'h25k', 'h25kr', 'h25r', 'h25va', 'h25vb', 'p82bhoff', 'p82hoff', 'stm0']
  PASS  INTERLOCK 14: 0 uncited families in the release; each maps to a committed doc by round number (0 do not: none)
  PASS  INTERLOCK 15: nothing released is named by an uncommitted record (clear)
  PASS  INTERLOCK 16: live-by-uncommitted-record: 0 tokens from 0 file(s); 0 resolve in this tree (none)
  set-relative: FREED 9.37 GiB (every link inside the release); 0.00 GiB shared with a kept link frees nothing

  universe 2652 dirs | KEEP 2032 = 53.66 GiB | RELEASE 620 = 9.37 GiB | out-of-scope (untouched) 109
  --- RELEASE ---   arm                       dirs      GiB  cited
                    d114hoff                    61     0.96      5
                    d114hbase                   61     0.96     69
                    d115hbwp1                   61     0.95     29
                    d115hbw2                    61     0.94     17
                    d115hp3bw2                  61     0.91     25
                    d114hp3                     61     0.91     18
                    d115hp3                     61     0.91     30
                    d115hp3bwp1                 61     0.90     17
                    d115hp3bwp025               61     0.90     17
                    d114hp3n10                  61     0.88     15
                    d115hbd                     10     0.18     11
  tier 1 file: /home/xqian/toolkit-dev/wcp-porting-img/pdhd/scripts/retire/tier1_pdhd_20260919.confirm.txt  (620 lines, 9.37 GiB)

==============================================================================
GRAND TOTAL release 9.37 GiB
interlock failures: NONE

This script retired nothing.  Review the tier files, then run the retire driver (CONFIRM=yes).
