# live_tokens: reference f04d89377a85, 251 untracked + 0 modified path(s) under DOCROOTS

==============================================================================
== sbnd   (/home/xqian/toolkit-dev/wcp-porting-img/sbnd/sbnd_xin)
==============================================================================
  PASS  INTERLOCK 1: substrate present (all present)
  PASS  INTERLOCK 2: no kept symlink resolves into a releasing dir (0 would dangle)
  PASS  INTERLOCK 3: no live writer (0 of 22 sampled dirs moved, 0 tree-scoped wire-cell procs)
  PASS  INTERLOCK 4: pre-existing broken symlinks recorded: 0 (the post-state number only means something against this)
  PASS  INTERLOCK 5: PROTECTED.txt clear of the release (clear)
  PASS  INTERLOCK 7: no record/label dir in the release (clear)
  PASS  INTERLOCK 8: no target is itself a symlink (clear)
  PASS  INTERLOCK 9: manifests name 446 arms, 14 exist, 0 in the release (none)
  PASS  INTERLOCK 11: every substrate/production/scan name resolves (all resolve)
  PASS  INTERLOCK 13: hand-scan sources kept: none for this tree
  PASS  INTERLOCK 14: 1 uncited families in the release; each maps to a committed doc by round number (0 do not: none)
  PASS  INTERLOCK 15: nothing released is named by an uncommitted record (clear)
  PASS  INTERLOCK 16: live-by-uncommitted-record: 0 tokens from 0 file(s); 0 resolve in this tree (none)
  set-relative: FREED 130.18 GiB (every link inside the release); 0.00 GiB shared with a kept link frees nothing

  universe 146 dirs | KEEP 124 = 137.01 GiB | RELEASE 22 = 130.32 GiB | out-of-scope (untouched) 41
  --- RELEASE ---   arm                       dirs      GiB  cited
                    d116cs                       3    19.20   4021
                    d116csp3bw                   3    19.00   4021
                    d116p3bw                     3    18.61   4021
                    d117t1x                      3    18.54   4021
                    d117t1e                      3    18.52   4021
                    d117c1x                      3    18.21   4022
                    d117c1e                      3    18.19   4021
                    d117t1xrep                   1     0.05      0
  tier 1 file: /home/xqian/toolkit-dev/wcp-porting-img/pdhd/scripts/retire/tier1_sbnd_20260921.txt  (22 lines, 130.32 GiB)

==============================================================================
== pdvd   (/home/xqian/toolkit-dev/wcp-porting-img/pdvd/work)
==============================================================================
  PASS  INTERLOCK 1: substrate present (all present)
  PASS  INTERLOCK 2: no kept symlink resolves into a releasing dir (0 would dangle)
  PASS  INTERLOCK 3: no live writer (0 of 121 sampled dirs moved, 0 tree-scoped wire-cell procs)
  PASS  INTERLOCK 4: pre-existing broken symlinks recorded: 0 (the post-state number only means something against this)
  PASS  INTERLOCK 5: PROTECTED.txt clear of the release (clear)
  PASS  INTERLOCK 7: no record/label dir in the release (clear)
  PASS  INTERLOCK 8: no target is itself a symlink (clear)
  PASS  INTERLOCK 9: manifests name 0 arms, 0 exist, 0 in the release (none)
  PASS  INTERLOCK 11: every substrate/production/scan name resolves (all resolve)
  PASS  INTERLOCK 13: hand-scan sources kept: ['d08pv30off', 'd08pv30on', 'd101vkf', 'd102vcsall', 'd102vocs', 'd103v0', 'd103v1', 'd115vbwp05', 'd115voff', 'd115vp3bwp05', 'd116vr2', 'd53v', 'd67v', 'd68a3', 'd68d4', 'p100bx', 'p100bxp', 'p100c', 'p85vprod', 'p85vwh', 'p88v5fr', 'p88vprod', 'p90vprod', 'p96vprod', 'p98vonq', 'p99rwon', 'p99wflip']
  PASS  INTERLOCK 14: 0 uncited families in the release; each maps to a committed doc by round number (0 do not: none)
  PASS  INTERLOCK 15: nothing released is named by an uncommitted record (clear)
  PASS  INTERLOCK 16: live-by-uncommitted-record: 0 tokens from 0 file(s); 0 resolve in this tree (none)
  set-relative: FREED 4.90 GiB (every link inside the release); 0.00 GiB shared with a kept link frees nothing

  universe 5705 dirs | KEEP 5224 = 67.51 GiB | RELEASE 481 = 4.90 GiB | out-of-scope (untouched) 271
  --- RELEASE ---   arm                       dirs      GiB  cited
                    mg18vbase                  120     1.25      1
                    mg18vfix                   120     1.25      1
                    d116vr3                    120     1.19     12
                    d116vr1                    120     1.19     15
                    heappr_039252_8              1     0.03      1
  tier 1 file: /home/xqian/toolkit-dev/wcp-porting-img/pdhd/scripts/retire/tier1_pdvd_20260921.txt  (481 lines, 4.90 GiB)

==============================================================================
== pdhd   (/home/xqian/toolkit-dev/wcp-porting-img/pdhd/work)
==============================================================================
  PASS  INTERLOCK 1: substrate present (all present)
  PASS  INTERLOCK 2: no kept symlink resolves into a releasing dir (0 would dangle)
  PASS  INTERLOCK 3: no live writer (0 of 122 sampled dirs moved, 0 tree-scoped wire-cell procs)
  PASS  INTERLOCK 4: pre-existing broken symlinks recorded: 0 (the post-state number only means something against this)
  PASS  INTERLOCK 5: PROTECTED.txt clear of the release (clear)
  PASS  INTERLOCK 7: no record/label dir in the release (clear)
  PASS  INTERLOCK 8: no target is itself a symlink (clear)
  PASS  INTERLOCK 9: manifests name 1 arms, 0 exist, 0 in the release (none)
  PASS  INTERLOCK 11: every substrate/production/scan name resolves (all resolve)
  PASS  INTERLOCK 13: hand-scan sources kept: ['d05mON', 'd08cap10', 'd08goff', 'd101hkf', 'd102hcs', 'd102hocs', 'd115hoff', 'd115hp3bwp05', 'd116hr2', 'd53h', 'h18b', 'h18s', 'h23conf', 'h25base', 'h25k', 'h25kr', 'h25r', 'h25va', 'h25vb', 'p82bhoff', 'p82hoff', 'stm0']
  PASS  INTERLOCK 14: 0 uncited families in the release; each maps to a committed doc by round number (0 do not: none)
  PASS  INTERLOCK 15: nothing released is named by an uncommitted record (clear)
  PASS  INTERLOCK 16: live-by-uncommitted-record: 0 tokens from 0 file(s); 0 resolve in this tree (none)
  set-relative: FREED 3.69 GiB (every link inside the release); 0.00 GiB shared with a kept link frees nothing

  universe 2157 dirs | KEEP 1913 = 51.83 GiB | RELEASE 244 = 3.70 GiB | out-of-scope (untouched) 109
  --- RELEASE ---   arm                       dirs      GiB  cited
                    mg18hfix                    61     0.96      1
                    mg18hbase                   61     0.95      1
                    d116hr3                     61     0.89     14
                    d116hr1                     61     0.89     14
  tier 1 file: /home/xqian/toolkit-dev/wcp-porting-img/pdhd/scripts/retire/tier1_pdhd_20260921.txt  (244 lines, 3.70 GiB)

==============================================================================
GRAND TOTAL release 138.92 GiB
interlock failures: NONE

This script retired nothing.  Review the tier files, then run the retire driver (CONFIRM=yes).
