# live_tokens: reference 1ef0e67f7044, 25 untracked + 2 modified path(s) under DOCROOTS

==============================================================================
== pdvd   (/home/xqian/toolkit-dev/wcp-porting-img/pdvd/work)
==============================================================================
  PASS  INTERLOCK 1: substrate present (all present)
  PASS  INTERLOCK 2: no kept symlink resolves into a releasing dir (0 would dangle)
  PASS  INTERLOCK 3: no live writer (0 of 123 sampled dirs moved, 0 tree-scoped wire-cell procs)
  PASS  INTERLOCK 4: pre-existing broken symlinks recorded: 0 (the post-state number only means something against this)
  PASS  INTERLOCK 5: PROTECTED.txt clear of the release (clear)
  PASS  INTERLOCK 7: no record/label dir in the release (clear)
  PASS  INTERLOCK 8: no target is itself a symlink (clear)
  PASS  INTERLOCK 9: manifests name 0 arms, 0 exist, 0 in the release (none)
  PASS  INTERLOCK 11: every substrate/production/scan name resolves (all resolve)
  PASS  INTERLOCK 13: hand-scan sources kept: ['d08pv30off', 'd08pv30on', 'd101vkf', 'd102vcsall', 'd102vocs', 'd103v0', 'd103v1', 'd53v', 'd67v', 'd68a3', 'd68d4', 'p100bx', 'p100bxp', 'p100c', 'p85vprod', 'p85vwh', 'p88v5fr', 'p88vprod', 'p90vprod', 'p96vprod', 'p98vonq', 'p99rwon', 'p99wflip']
  PASS  INTERLOCK 14: 2 uncited families in the release; each maps to a committed doc by round number (0 do not: none)
  PASS  INTERLOCK 15: nothing released is named by an uncommitted record (clear)
  PASS  INTERLOCK 16: live-by-uncommitted-record: 14 tokens from 4 file(s); 3 resolve in this tree (['d103v0', 'd103v1', 'd113vbase'])
  set-relative: FREED 42.55 GiB (every link inside the release); 0.00 GiB shared with a kept link frees nothing

  universe 6958 dirs | KEEP 4879 = 127.13 GiB | RELEASE 2079 = 42.59 GiB | out-of-scope (untouched) 271
  --- RELEASE ---   arm                       dirs      GiB  cited
                    p98voff                    120    10.26    197
                    p98voffq                   120     4.38    827
                    p99rwprod                  120     4.29     31
                    p100bd                     120     1.38     15
                    p100bg                     120     1.38     18
                    p96vscope                  120     1.09     21
                    p100boff                   120     1.07     12
                    p99rgon                    120     1.07     21
                    d101vold                   120     1.07      6
                    d16vnu                     120     1.02    150
                    p99rgprod                  120     0.99     18
                    q29l8                       18     0.79      5
                    q29l1                       18     0.79      6
                    q29base                     18     0.79     32
                    q29l2                       18     0.79      4
                    q29l4                       18     0.79      4
                    q29l6                       18     0.79     36
                    q29c1                       18     0.79      8
                    q29l5                       18     0.79      4
                    q29l3                       18     0.79      6
                    q29l7                       18     0.79      9
                    q29l9                       18     0.79      5
                    q29v7nw                     18     0.79     11
                    q29v6                       18     0.76    127
                    q29v6nw                     18     0.76      7
                    p99w6                        2     0.71     10
                    p98kchk                      8     0.49      5
                    p100spflip                   1     0.43     14
                    p98g2rep                     1     0.43     18
                    p99w5                        1     0.43     28
                    d102vcs                      2     0.30      7
                    p98kq                        8     0.27     11
                    d102vdbg                     2     0.16      9
                    d101vkfpr                  120     0.09      3
                    p99rwnul                     1     0.04      9
                    p98g0                        3     0.03      4
                    d101kc                      18     0.01     11
                    d101ks                      18     0.01     12
                    d102cs2                     18     0.01      5
                    d102ocs                     18     0.01      7
                    d102cs1                     18     0.01      9
                    d102cs3                     18     0.01      5
                    d102b                       18     0.01     18
                    d102brep                    18     0.01      9
                    d102o                       18     0.01     10
                    d102locs                    18     0.01      8
                    d102lcs2                    18     0.01      5
                    d102lcs1                    18     0.01      9
                    d102lcs3                    18     0.01      5
                    d101brep                    18     0.01      5
                    d101b                       18     0.01     21
                    d101koff                    18     0.01     22
                    d101kf                      18     0.01     24
                    d102                        18     0.01    228
                    d101                        18     0.01    290
                    p98g2nol1                    1     0.00     21
                    d101pilot                    2     0.00      2
                    p101cfg                      3     0.00     12
                    d101p3                       1     0.00      1
                    d101cnew3                    1     0.00      4
                    d101cold3                    1     0.00      4
                    d101p2                       1     0.00      0
                    d101p0                       1     0.00      1
                    d101p1                       1     0.00      0
                    d101cnew2                    1     0.00      6
                    d101cold2                    1     0.00      6
                    d101cnew                     1     0.00      4
                    d101cold                     1     0.00      4
  tier 1 file: /home/xqian/toolkit-dev/wcp-porting-img/pdhd/scripts/retire/tier1_pdvd_20260916.confirm.txt  (2079 lines, 42.59 GiB)

==============================================================================
GRAND TOTAL release 42.59 GiB
interlock failures: NONE

This script retired nothing.  Review the tier files, then run the retire driver (CONFIRM=yes).
