==================================================================
== pdhd   tier 1   file: /home/xqian/toolkit-dev/wcp-porting-img/pdhd/scripts/retire/tier1_pdhd_20260916e.txt
   lines 511 | present 511 | already gone 0 | 7.84 GiB
   DRY RUN -- first 3 targets:
      /home/xqian/toolkit-dev/wcp-porting-img/pdhd/work/028084_0_d111hoff
      /home/xqian/toolkit-dev/wcp-porting-img/pdhd/work/028084_0_d111hsr10
      /home/xqian/toolkit-dev/wcp-porting-img/pdhd/work/028084_0_d111hsr15
==================================================================
== sbnd   tier 1   file: /home/xqian/toolkit-dev/wcp-porting-img/pdhd/scripts/retire/tier1_sbnd_20260916e.txt
   lines 4 | present 4 | already gone 0 | .15 GiB
   DRY RUN -- first 3 targets:
      /home/xqian/toolkit-dev/wcp-porting-img/sbnd/sbnd_xin/work-mcp1k-d111snew
      /home/xqian/toolkit-dev/wcp-porting-img/sbnd/sbnd_xin/work-mcp1k-d111sold
      /home/xqian/toolkit-dev/wcp-porting-img/sbnd/sbnd_xin/work-mcp2k-d111snew

POST-STATE CHECK.  interlock 4 recorded the PRE-existing broken-symlink
count per tree (prebroken_<tree>_20260916e.txt); this number only means
something compared against that.
   pdhd: 0 broken symlinks
   pdvd: 0 broken symlinks
   sbnd/sbnd_xin: 0 broken symlinks

DRY RUN.  Re-run with CONFIRM=yes to execute.
