==================================================================
== sbnd   tier 1   file: /home/xqian/toolkit-dev/wcp-porting-img/pdhd/scripts/retire/tier1_sbnd_20260925.txt
   lines 115 | present 115 | already gone 0 | 311.99 GiB
   DRY RUN -- first 3 targets:
      /home/xqian/toolkit-dev/wcp-porting-img/sbnd/sbnd_xin/work-mcp1k-d102m
      /home/xqian/toolkit-dev/wcp-porting-img/sbnd/sbnd_xin/work-mcp1k-d109prod
      /home/xqian/toolkit-dev/wcp-porting-img/sbnd/sbnd_xin/work-mcp1k-d113g16off
==================================================================
== pdvd   tier 1   file: /home/xqian/toolkit-dev/wcp-porting-img/pdhd/scripts/retire/tier1_pdvd_20260925.txt
   lines 3123 | present 3123 | already gone 0 | 53.19 GiB
   DRY RUN -- first 3 targets:
      /home/xqian/toolkit-dev/wcp-porting-img/pdvd/work/039252_0_d111vst
      /home/xqian/toolkit-dev/wcp-porting-img/pdvd/work/039252_0_d113vbase
      /home/xqian/toolkit-dev/wcp-porting-img/pdvd/work/039252_0_d113vnone
==================================================================
== pdhd   tier 1   file: /home/xqian/toolkit-dev/wcp-porting-img/pdhd/scripts/retire/tier1_pdhd_20260925.txt
   lines 324 | present 324 | already gone 0 | 4.79 GiB
   DRY RUN -- first 3 targets:
      /home/xqian/toolkit-dev/wcp-porting-img/pdhd/work/027305_0_d34b
      /home/xqian/toolkit-dev/wcp-porting-img/pdhd/work/027305_0_d34n
      /home/xqian/toolkit-dev/wcp-porting-img/pdhd/work/027409_0_d34b

POST-STATE CHECK.  interlock 4 recorded the PRE-existing broken-symlink
count per tree (prebroken_<tree>_20260925.txt); this number only means
something compared against that.
   pdhd: 0 broken symlinks
   pdvd: 0 broken symlinks
   sbnd/sbnd_xin: 0 broken symlinks

DRY RUN.  Re-run with CONFIRM=yes to execute.
