==================================================================
== sbnd   tier 1   file: /home/xqian/toolkit-dev/wcp-porting-img/pdhd/scripts/retire/tier1_sbnd_20260921b.txt
   lines 4 | present 4 | already gone 0 | 10.25 GiB
   DRY RUN -- first 3 targets:
      /home/xqian/toolkit-dev/wcp-porting-img/sbnd/sbnd_xin/work-mcp1k-d102mpr
      /home/xqian/toolkit-dev/wcp-porting-img/sbnd/sbnd_xin/work-mcp2k-d102mpr
      /home/xqian/toolkit-dev/wcp-porting-img/sbnd/sbnd_xin/work-ncpi0-d102mpr
==================================================================
== pdvd   tier 1   file: /home/xqian/toolkit-dev/wcp-porting-img/pdhd/scripts/retire/tier1_pdvd_20260921b.txt
   lines 1 | present 1 | already gone 0 | .01 GiB
   DRY RUN -- first 3 targets:
      /home/xqian/toolkit-dev/wcp-porting-img/pdvd/work/039252_0_d103vprod1
==================================================================
== pdhd   tier 1   file: /home/xqian/toolkit-dev/wcp-porting-img/pdhd/scripts/retire/tier1_pdhd_20260921b.txt
   (empty or missing tier file -- nothing planned for this tree/tier)

POST-STATE CHECK.  interlock 4 recorded the PRE-existing broken-symlink
count per tree (prebroken_<tree>_20260921b.txt); this number only means
something compared against that.
   pdhd: 0 broken symlinks
   pdvd: 0 broken symlinks
   sbnd/sbnd_xin: 0 broken symlinks

DRY RUN.  Re-run with CONFIRM=yes to execute.
