000	/home/xqian/toolkit-dev/wcp-porting-img/sbnd/sbnd_xin/xin-round3-samples/mc-cv/reco1/reco1-detsim-g4-gen-Gen2_2026-0252-9914-bf88-bb4e.root
001	/home/xqian/toolkit-dev/wcp-porting-img/sbnd/sbnd_xin/xin-round3-samples/mc-cv/reco1/reco1-detsim-g4-gen-Gen2_2026-033e-4d13-f6c0-c816.root
002	/home/xqian/toolkit-dev/wcp-porting-img/sbnd/sbnd_xin/xin-round3-samples/mc-cv/reco1/reco1-detsim-g4-gen-Gen2_2026-03ed-82a9-41d5-4645.root
003	/home/xqian/toolkit-dev/wcp-porting-img/sbnd/sbnd_xin/xin-round3-samples/mc-cv/reco1/reco1-detsim-g4-gen-Gen2_2026-0540-30ad-9917-f25d.root
004	/home/xqian/toolkit-dev/wcp-porting-img/sbnd/sbnd_xin/xin-round3-samples/mc-cv/reco1/reco1-detsim-g4-gen-Gen2_2026-068f-e251-b820-80a2.root
005	/home/xqian/toolkit-dev/wcp-porting-img/sbnd/sbnd_xin/xin-round3-samples/mc-cv/reco1/reco1-detsim-g4-gen-Gen2_2026-06b9-1459-976a-fbf7.root
006	/home/xqian/toolkit-dev/wcp-porting-img/sbnd/sbnd_xin/xin-round3-samples/mc-cv/reco1/reco1-detsim-g4-gen-Gen2_2026-09fd-ba4b-03be-4544.root
007	/home/xqian/toolkit-dev/wcp-porting-img/sbnd/sbnd_xin/xin-round3-samples/mc-cv/reco1/reco1-detsim-g4-gen-Gen2_2026-0a6e-4cdb-c277-9be4.root
008	/home/xqian/toolkit-dev/wcp-porting-img/sbnd/sbnd_xin/xin-round3-samples/mc-cv/reco1/reco1-detsim-g4-gen-Gen2_2026-0dff-5881-58b5-c4e3.root
009	/home/xqian/toolkit-dev/wcp-porting-img/sbnd/sbnd_xin/xin-round3-samples/mc-cv/reco1/reco1-detsim-g4-gen-Gen2_2026-0f94-fc32-86ab-5696.root
010	/home/xqian/toolkit-dev/wcp-porting-img/sbnd/sbnd_xin/xin-round3-samples/mc-cv/reco1/reco1-detsim-g4-gen-Gen2_2026-1233-281b-350b-480e.root
011	/home/xqian/toolkit-dev/wcp-porting-img/sbnd/sbnd_xin/xin-round3-samples/mc-cv/reco1/reco1-detsim-g4-gen-Gen2_2026-12b0-3743-f054-b3ec.root
012	/home/xqian/toolkit-dev/wcp-porting-img/sbnd/sbnd_xin/xin-round3-samples/mc-cv/reco1/reco1-detsim-g4-gen-Gen2_2026-146f-e25c-9076-24a5.root
013	/home/xqian/toolkit-dev/wcp-porting-img/sbnd/sbnd_xin/xin-round3-samples/mc-cv/reco1/reco1-detsim-g4-gen-Gen2_2026-1677-3539-b271-ca39.root
014	/home/xqian/toolkit-dev/wcp-porting-img/sbnd/sbnd_xin/xin-round3-samples/mc-cv/reco1/reco1-detsim-g4-gen-Gen2_2026-1827-a73b-4e38-c9e7.root
015	/home/xqian/toolkit-dev/wcp-porting-img/sbnd/sbnd_xin/xin-round3-samples/mc-cv/reco1/reco1-detsim-g4-gen-Gen2_2026-1934-7698-414f-e6c3.root
016	/home/xqian/toolkit-dev/wcp-porting-img/sbnd/sbnd_xin/xin-round3-samples/mc-cv/reco1/reco1-detsim-g4-gen-Gen2_2026-1a89-3d9e-35f7-6d80.root
017	/home/xqian/toolkit-dev/wcp-porting-img/sbnd/sbnd_xin/xin-round3-samples/mc-cv/reco1/reco1-detsim-g4-gen-Gen2_2026-1ca6-8830-a4a7-7d11.root
018	/home/xqian/toolkit-dev/wcp-porting-img/sbnd/sbnd_xin/xin-round3-samples/mc-cv/reco1/reco1-detsim-g4-gen-Gen2_2026-1dab-839a-e06a-435a.root
019	/home/xqian/toolkit-dev/wcp-porting-img/sbnd/sbnd_xin/xin-round3-samples/mc-cv/reco1/reco1-detsim-g4-gen-Gen2_2026-1e66-59fc-0c61-d071.root
020	/home/xqian/toolkit-dev/wcp-porting-img/sbnd/sbnd_xin/xin-round3-samples/mc-cv/reco1/reco1-detsim-g4-gen-Gen2_2026-1f6c-6218-8a93-ac76.root
021	/home/xqian/toolkit-dev/wcp-porting-img/sbnd/sbnd_xin/xin-round3-samples/mc-cv/reco1/reco1-detsim-g4-gen-Gen2_2026-1fb7-fb06-5b32-db2e.root
022	/home/xqian/toolkit-dev/wcp-porting-img/sbnd/sbnd_xin/xin-round3-samples/mc-cv/reco1/reco1-detsim-g4-gen-Gen2_2026-227c-61fa-54a1-f5a9.root
023	/home/xqian/toolkit-dev/wcp-porting-img/sbnd/sbnd_xin/xin-round3-samples/mc-cv/reco1/reco1-detsim-g4-gen-Gen2_2026-24da-30fd-4ca9-60fa.root
024	/home/xqian/toolkit-dev/wcp-porting-img/sbnd/sbnd_xin/xin-round3-samples/mc-cv/reco1/reco1-detsim-g4-gen-Gen2_2026-2633-971a-29bf-fd01.root
025	/home/xqian/toolkit-dev/wcp-porting-img/sbnd/sbnd_xin/xin-round3-samples/mc-cv/reco1/reco1-detsim-g4-gen-Gen2_2026-299b-c692-5e27-4d6d.root
026	/home/xqian/toolkit-dev/wcp-porting-img/sbnd/sbnd_xin/xin-round3-samples/mc-cv/reco1/reco1-detsim-g4-gen-Gen2_2026-29f5-d8b0-4d53-4985.root
027	/home/xqian/toolkit-dev/wcp-porting-img/sbnd/sbnd_xin/xin-round3-samples/mc-cv/reco1/reco1-detsim-g4-gen-Gen2_2026-2a12-ca2d-ecc1-8a86.root
028	/home/xqian/toolkit-dev/wcp-porting-img/sbnd/sbnd_xin/xin-round3-samples/mc-cv/reco1/reco1-detsim-g4-gen-Gen2_2026-2b6a-d59c-0aa3-a3ee.root
029	/home/xqian/toolkit-dev/wcp-porting-img/sbnd/sbnd_xin/xin-round3-samples/mc-cv/reco1/reco1-detsim-g4-gen-Gen2_2026-2b7b-ea62-b10c-a68f.root
030	/home/xqian/toolkit-dev/wcp-porting-img/sbnd/sbnd_xin/xin-round3-samples/mc-cv/reco1/reco1-detsim-g4-gen-Gen2_2026-2e5b-aff6-6d15-23a0.root
031	/home/xqian/toolkit-dev/wcp-porting-img/sbnd/sbnd_xin/xin-round3-samples/mc-cv/reco1/reco1-detsim-g4-gen-Gen2_2026-325e-71fc-22d2-3de7.root
032	/home/xqian/toolkit-dev/wcp-porting-img/sbnd/sbnd_xin/xin-round3-samples/mc-cv/reco1/reco1-detsim-g4-gen-Gen2_2026-3428-660f-670b-c2bc.root
033	/home/xqian/toolkit-dev/wcp-porting-img/sbnd/sbnd_xin/xin-round3-samples/mc-cv/reco1/reco1-detsim-g4-gen-Gen2_2026-360b-ca68-7007-a7fd.root
034	/home/xqian/toolkit-dev/wcp-porting-img/sbnd/sbnd_xin/xin-round3-samples/mc-cv/reco1/reco1-detsim-g4-gen-Gen2_2026-3633-51cb-96ac-cc6c.root
035	/home/xqian/toolkit-dev/wcp-porting-img/sbnd/sbnd_xin/xin-round3-samples/mc-cv/reco1/reco1-detsim-g4-gen-Gen2_2026-36f2-fb86-8695-2963.root
036	/home/xqian/toolkit-dev/wcp-porting-img/sbnd/sbnd_xin/xin-round3-samples/mc-cv/reco1/reco1-detsim-g4-gen-Gen2_2026-377d-f92b-6248-f1a0.root
037	/home/xqian/toolkit-dev/wcp-porting-img/sbnd/sbnd_xin/xin-round3-samples/mc-cv/reco1/reco1-detsim-g4-gen-Gen2_2026-3787-c352-2de2-626c.root
038	/home/xqian/toolkit-dev/wcp-porting-img/sbnd/sbnd_xin/xin-round3-samples/mc-cv/reco1/reco1-detsim-g4-gen-Gen2_2026-3d02-844a-40b6-de1a.root
039	/home/xqian/toolkit-dev/wcp-porting-img/sbnd/sbnd_xin/xin-round3-samples/mc-cv/reco1/reco1-detsim-g4-gen-Gen2_2026-3db9-0966-bc50-10e4.root
040	/home/xqian/toolkit-dev/wcp-porting-img/sbnd/sbnd_xin/xin-round3-samples/mc-cv/reco1/reco1-detsim-g4-gen-Gen2_2026-40d8-8c6d-a48f-8b57.root
041	/home/xqian/toolkit-dev/wcp-porting-img/sbnd/sbnd_xin/xin-round3-samples/mc-cv/reco1/reco1-detsim-g4-gen-Gen2_2026-41e8-f88a-58ef-2775.root
042	/home/xqian/toolkit-dev/wcp-porting-img/sbnd/sbnd_xin/xin-round3-samples/mc-cv/reco1/reco1-detsim-g4-gen-Gen2_2026-4515-39b6-a9f0-61d6.root
043	/home/xqian/toolkit-dev/wcp-porting-img/sbnd/sbnd_xin/xin-round3-samples/mc-cv/reco1/reco1-detsim-g4-gen-Gen2_2026-46ff-57ca-e9e6-9b14.root
044	/home/xqian/toolkit-dev/wcp-porting-img/sbnd/sbnd_xin/xin-round3-samples/mc-cv/reco1/reco1-detsim-g4-gen-Gen2_2026-4b78-e295-38cb-def3.root
045	/home/xqian/toolkit-dev/wcp-porting-img/sbnd/sbnd_xin/xin-round3-samples/mc-cv/reco1/reco1-detsim-g4-gen-Gen2_2026-4f30-5ca5-e1cd-2b46.root
046	/home/xqian/toolkit-dev/wcp-porting-img/sbnd/sbnd_xin/xin-round3-samples/mc-cv/reco1/reco1-detsim-g4-gen-Gen2_2026-5042-75ff-475e-8615.root
047	/home/xqian/toolkit-dev/wcp-porting-img/sbnd/sbnd_xin/xin-round3-samples/mc-cv/reco1/reco1-detsim-g4-gen-Gen2_2026-5079-8e37-d29b-bbfa.root
048	/home/xqian/toolkit-dev/wcp-porting-img/sbnd/sbnd_xin/xin-round3-samples/mc-cv/reco1/reco1-detsim-g4-gen-Gen2_2026-514a-08bc-2323-2d4d.root
049	/home/xqian/toolkit-dev/wcp-porting-img/sbnd/sbnd_xin/xin-round3-samples/mc-cv/reco1/reco1-detsim-g4-gen-Gen2_2026-5213-5e82-b5f3-c5cd.root
050	/home/xqian/toolkit-dev/wcp-porting-img/sbnd/sbnd_xin/xin-round3-samples/mc-cv/reco1/reco1-detsim-g4-gen-Gen2_2026-535d-8d9e-0809-ea06.root
051	/home/xqian/toolkit-dev/wcp-porting-img/sbnd/sbnd_xin/xin-round3-samples/mc-cv/reco1/reco1-detsim-g4-gen-Gen2_2026-539a-6816-ca5a-56d3.root
052	/home/xqian/toolkit-dev/wcp-porting-img/sbnd/sbnd_xin/xin-round3-samples/mc-cv/reco1/reco1-detsim-g4-gen-Gen2_2026-53e9-fad2-90c8-9abb.root
053	/home/xqian/toolkit-dev/wcp-porting-img/sbnd/sbnd_xin/xin-round3-samples/mc-cv/reco1/reco1-detsim-g4-gen-Gen2_2026-59fb-e21a-c62f-2bb4.root
054	/home/xqian/toolkit-dev/wcp-porting-img/sbnd/sbnd_xin/xin-round3-samples/mc-cv/reco1/reco1-detsim-g4-gen-Gen2_2026-5abe-77d6-cfc1-2d4d.root
055	/home/xqian/toolkit-dev/wcp-porting-img/sbnd/sbnd_xin/xin-round3-samples/mc-cv/reco1/reco1-detsim-g4-gen-Gen2_2026-5c84-ba1a-4724-f9ab.root
056	/home/xqian/toolkit-dev/wcp-porting-img/sbnd/sbnd_xin/xin-round3-samples/mc-cv/reco1/reco1-detsim-g4-gen-Gen2_2026-5ebc-43fa-e3ca-bd24.root
057	/home/xqian/toolkit-dev/wcp-porting-img/sbnd/sbnd_xin/xin-round3-samples/mc-cv/reco1/reco1-detsim-g4-gen-Gen2_2026-5f20-23da-010d-ffb9.root
058	/home/xqian/toolkit-dev/wcp-porting-img/sbnd/sbnd_xin/xin-round3-samples/mc-cv/reco1/reco1-detsim-g4-gen-Gen2_2026-5f69-3754-18cc-b6b5.root
059	/home/xqian/toolkit-dev/wcp-porting-img/sbnd/sbnd_xin/xin-round3-samples/mc-cv/reco1/reco1-detsim-g4-gen-Gen2_2026-5f75-204c-9017-8bec.root
060	/home/xqian/toolkit-dev/wcp-porting-img/sbnd/sbnd_xin/xin-round3-samples/mc-cv/reco1/reco1-detsim-g4-gen-Gen2_2026-612e-b512-230f-e36e.root
061	/home/xqian/toolkit-dev/wcp-porting-img/sbnd/sbnd_xin/xin-round3-samples/mc-cv/reco1/reco1-detsim-g4-gen-Gen2_2026-620a-cca2-3bf0-cc34.root
062	/home/xqian/toolkit-dev/wcp-porting-img/sbnd/sbnd_xin/xin-round3-samples/mc-cv/reco1/reco1-detsim-g4-gen-Gen2_2026-62de-00e4-649d-dfa1.root
063	/home/xqian/toolkit-dev/wcp-porting-img/sbnd/sbnd_xin/xin-round3-samples/mc-cv/reco1/reco1-detsim-g4-gen-Gen2_2026-63ec-7ba0-f88a-2473.root
064	/home/xqian/toolkit-dev/wcp-porting-img/sbnd/sbnd_xin/xin-round3-samples/mc-cv/reco1/reco1-detsim-g4-gen-Gen2_2026-6645-84fa-72e3-5b25.root
065	/home/xqian/toolkit-dev/wcp-porting-img/sbnd/sbnd_xin/xin-round3-samples/mc-cv/reco1/reco1-detsim-g4-gen-Gen2_2026-66d4-31d9-e989-402a.root
066	/home/xqian/toolkit-dev/wcp-porting-img/sbnd/sbnd_xin/xin-round3-samples/mc-cv/reco1/reco1-detsim-g4-gen-Gen2_2026-691a-695b-af38-0c08.root
067	/home/xqian/toolkit-dev/wcp-porting-img/sbnd/sbnd_xin/xin-round3-samples/mc-cv/reco1/reco1-detsim-g4-gen-Gen2_2026-6a53-0f4c-e681-aee2.root
068	/home/xqian/toolkit-dev/wcp-porting-img/sbnd/sbnd_xin/xin-round3-samples/mc-cv/reco1/reco1-detsim-g4-gen-Gen2_2026-6b06-cd84-a908-2de4.root
069	/home/xqian/toolkit-dev/wcp-porting-img/sbnd/sbnd_xin/xin-round3-samples/mc-cv/reco1/reco1-detsim-g4-gen-Gen2_2026-6be3-50c1-cb2e-ab24.root
070	/home/xqian/toolkit-dev/wcp-porting-img/sbnd/sbnd_xin/xin-round3-samples/mc-cv/reco1/reco1-detsim-g4-gen-Gen2_2026-6ebb-788a-ac43-9407.root
071	/home/xqian/toolkit-dev/wcp-porting-img/sbnd/sbnd_xin/xin-round3-samples/mc-cv/reco1/reco1-detsim-g4-gen-Gen2_2026-6f37-e292-08f2-c070.root
072	/home/xqian/toolkit-dev/wcp-porting-img/sbnd/sbnd_xin/xin-round3-samples/mc-cv/reco1/reco1-detsim-g4-gen-Gen2_2026-7159-0bbe-bb8e-e43b.root
073	/home/xqian/toolkit-dev/wcp-porting-img/sbnd/sbnd_xin/xin-round3-samples/mc-cv/reco1/reco1-detsim-g4-gen-Gen2_2026-723d-587a-e892-646e.root
074	/home/xqian/toolkit-dev/wcp-porting-img/sbnd/sbnd_xin/xin-round3-samples/mc-cv/reco1/reco1-detsim-g4-gen-Gen2_2026-72a4-10d0-f37e-0500.root
075	/home/xqian/toolkit-dev/wcp-porting-img/sbnd/sbnd_xin/xin-round3-samples/mc-cv/reco1/reco1-detsim-g4-gen-Gen2_2026-742c-3b75-62b0-e744.root
076	/home/xqian/toolkit-dev/wcp-porting-img/sbnd/sbnd_xin/xin-round3-samples/mc-cv/reco1/reco1-detsim-g4-gen-Gen2_2026-7452-d18d-00ba-3f97.root
077	/home/xqian/toolkit-dev/wcp-porting-img/sbnd/sbnd_xin/xin-round3-samples/mc-cv/reco1/reco1-detsim-g4-gen-Gen2_2026-7680-d28e-dc64-e7cf.root
078	/home/xqian/toolkit-dev/wcp-porting-img/sbnd/sbnd_xin/xin-round3-samples/mc-cv/reco1/reco1-detsim-g4-gen-Gen2_2026-770c-cb6c-47e4-f232.root
079	/home/xqian/toolkit-dev/wcp-porting-img/sbnd/sbnd_xin/xin-round3-samples/mc-cv/reco1/reco1-detsim-g4-gen-Gen2_2026-7727-c20a-c3a7-e282.root
080	/home/xqian/toolkit-dev/wcp-porting-img/sbnd/sbnd_xin/xin-round3-samples/mc-cv/reco1/reco1-detsim-g4-gen-Gen2_2026-7864-e993-5cd6-b09f.root
081	/home/xqian/toolkit-dev/wcp-porting-img/sbnd/sbnd_xin/xin-round3-samples/mc-cv/reco1/reco1-detsim-g4-gen-Gen2_2026-78e4-f1c8-6805-194a.root
082	/home/xqian/toolkit-dev/wcp-porting-img/sbnd/sbnd_xin/xin-round3-samples/mc-cv/reco1/reco1-detsim-g4-gen-Gen2_2026-795c-5606-9a15-3910.root
083	/home/xqian/toolkit-dev/wcp-porting-img/sbnd/sbnd_xin/xin-round3-samples/mc-cv/reco1/reco1-detsim-g4-gen-Gen2_2026-7cb9-7077-e9a2-e4df.root
084	/home/xqian/toolkit-dev/wcp-porting-img/sbnd/sbnd_xin/xin-round3-samples/mc-cv/reco1/reco1-detsim-g4-gen-Gen2_2026-7efc-093d-612c-292f.root
085	/home/xqian/toolkit-dev/wcp-porting-img/sbnd/sbnd_xin/xin-round3-samples/mc-cv/reco1/reco1-detsim-g4-gen-Gen2_2026-837f-634e-da65-2e70.root
086	/home/xqian/toolkit-dev/wcp-porting-img/sbnd/sbnd_xin/xin-round3-samples/mc-cv/reco1/reco1-detsim-g4-gen-Gen2_2026-84d5-bde7-f726-19a5.root
087	/home/xqian/toolkit-dev/wcp-porting-img/sbnd/sbnd_xin/xin-round3-samples/mc-cv/reco1/reco1-detsim-g4-gen-Gen2_2026-8c1c-1049-2cd5-cfc3.root
088	/home/xqian/toolkit-dev/wcp-porting-img/sbnd/sbnd_xin/xin-round3-samples/mc-cv/reco1/reco1-detsim-g4-gen-Gen2_2026-8e19-06c7-7539-bcb5.root
089	/home/xqian/toolkit-dev/wcp-porting-img/sbnd/sbnd_xin/xin-round3-samples/mc-cv/reco1/reco1-detsim-g4-gen-Gen2_2026-8f95-ba9c-9bd4-72c7.root
090	/home/xqian/toolkit-dev/wcp-porting-img/sbnd/sbnd_xin/xin-round3-samples/mc-cv/reco1/reco1-detsim-g4-gen-Gen2_2026-92a9-37da-cab6-6e48.root
091	/home/xqian/toolkit-dev/wcp-porting-img/sbnd/sbnd_xin/xin-round3-samples/mc-cv/reco1/reco1-detsim-g4-gen-Gen2_2026-94a0-d1ef-4768-7fc4.root
092	/home/xqian/toolkit-dev/wcp-porting-img/sbnd/sbnd_xin/xin-round3-samples/mc-cv/reco1/reco1-detsim-g4-gen-Gen2_2026-9619-ae36-3f5e-5ef9.root
093	/home/xqian/toolkit-dev/wcp-porting-img/sbnd/sbnd_xin/xin-round3-samples/mc-cv/reco1/reco1-detsim-g4-gen-Gen2_2026-978b-40cc-538d-4e7b.root
094	/home/xqian/toolkit-dev/wcp-porting-img/sbnd/sbnd_xin/xin-round3-samples/mc-cv/reco1/reco1-detsim-g4-gen-Gen2_2026-983e-194a-39d0-57a5.root
095	/home/xqian/toolkit-dev/wcp-porting-img/sbnd/sbnd_xin/xin-round3-samples/mc-cv/reco1/reco1-detsim-g4-gen-Gen2_2026-99d6-70fe-0821-847d.root
096	/home/xqian/toolkit-dev/wcp-porting-img/sbnd/sbnd_xin/xin-round3-samples/mc-cv/reco1/reco1-detsim-g4-gen-Gen2_2026-9c83-8ea6-9122-224c.root
097	/home/xqian/toolkit-dev/wcp-porting-img/sbnd/sbnd_xin/xin-round3-samples/mc-cv/reco1/reco1-detsim-g4-gen-Gen2_2026-9efd-1b8c-dfa0-3224.root
098	/home/xqian/toolkit-dev/wcp-porting-img/sbnd/sbnd_xin/xin-round3-samples/mc-cv/reco1/reco1-detsim-g4-gen-Gen2_2026-a297-8d4d-b1e0-928b.root
099	/home/xqian/toolkit-dev/wcp-porting-img/sbnd/sbnd_xin/xin-round3-samples/mc-cv/reco1/reco1-detsim-g4-gen-Gen2_2026-a380-2525-5522-fe3e.root
100	/home/xqian/toolkit-dev/wcp-porting-img/sbnd/sbnd_xin/xin-round3-samples/mc-cv/reco1/reco1-detsim-g4-gen-Gen2_2026-a6a0-2395-0263-6d62.root
101	/home/xqian/toolkit-dev/wcp-porting-img/sbnd/sbnd_xin/xin-round3-samples/mc-cv/reco1/reco1-detsim-g4-gen-Gen2_2026-a9a5-22e1-207c-ad17.root
102	/home/xqian/toolkit-dev/wcp-porting-img/sbnd/sbnd_xin/xin-round3-samples/mc-cv/reco1/reco1-detsim-g4-gen-Gen2_2026-af05-f932-aeac-e352.root
103	/home/xqian/toolkit-dev/wcp-porting-img/sbnd/sbnd_xin/xin-round3-samples/mc-cv/reco1/reco1-detsim-g4-gen-Gen2_2026-af3b-5b3d-72f2-4f40.root
104	/home/xqian/toolkit-dev/wcp-porting-img/sbnd/sbnd_xin/xin-round3-samples/mc-cv/reco1/reco1-detsim-g4-gen-Gen2_2026-af7d-ccff-4d97-107c.root
105	/home/xqian/toolkit-dev/wcp-porting-img/sbnd/sbnd_xin/xin-round3-samples/mc-cv/reco1/reco1-detsim-g4-gen-Gen2_2026-b1ba-5ead-e5c0-526a.root
106	/home/xqian/toolkit-dev/wcp-porting-img/sbnd/sbnd_xin/xin-round3-samples/mc-cv/reco1/reco1-detsim-g4-gen-Gen2_2026-b274-196a-657a-4ce4.root
107	/home/xqian/toolkit-dev/wcp-porting-img/sbnd/sbnd_xin/xin-round3-samples/mc-cv/reco1/reco1-detsim-g4-gen-Gen2_2026-b6dc-32d7-bed5-b1b9.root
108	/home/xqian/toolkit-dev/wcp-porting-img/sbnd/sbnd_xin/xin-round3-samples/mc-cv/reco1/reco1-detsim-g4-gen-Gen2_2026-b770-29da-3629-f307.root
109	/home/xqian/toolkit-dev/wcp-porting-img/sbnd/sbnd_xin/xin-round3-samples/mc-cv/reco1/reco1-detsim-g4-gen-Gen2_2026-b782-94ec-ae7c-1ee4.root
110	/home/xqian/toolkit-dev/wcp-porting-img/sbnd/sbnd_xin/xin-round3-samples/mc-cv/reco1/reco1-detsim-g4-gen-Gen2_2026-b83c-0330-e33b-c194.root
111	/home/xqian/toolkit-dev/wcp-porting-img/sbnd/sbnd_xin/xin-round3-samples/mc-cv/reco1/reco1-detsim-g4-gen-Gen2_2026-b882-965f-92a7-115f.root
112	/home/xqian/toolkit-dev/wcp-porting-img/sbnd/sbnd_xin/xin-round3-samples/mc-cv/reco1/reco1-detsim-g4-gen-Gen2_2026-b9e8-35c5-ce0d-e6ab.root
113	/home/xqian/toolkit-dev/wcp-porting-img/sbnd/sbnd_xin/xin-round3-samples/mc-cv/reco1/reco1-detsim-g4-gen-Gen2_2026-bc43-1307-df85-d7d9.root
114	/home/xqian/toolkit-dev/wcp-porting-img/sbnd/sbnd_xin/xin-round3-samples/mc-cv/reco1/reco1-detsim-g4-gen-Gen2_2026-bcdc-4cfb-5105-d1ff.root
115	/home/xqian/toolkit-dev/wcp-porting-img/sbnd/sbnd_xin/xin-round3-samples/mc-cv/reco1/reco1-detsim-g4-gen-Gen2_2026-bf61-e5e0-4434-a231.root
116	/home/xqian/toolkit-dev/wcp-porting-img/sbnd/sbnd_xin/xin-round3-samples/mc-cv/reco1/reco1-detsim-g4-gen-Gen2_2026-bfba-74cc-ab4c-1bce.root
117	/home/xqian/toolkit-dev/wcp-porting-img/sbnd/sbnd_xin/xin-round3-samples/mc-cv/reco1/reco1-detsim-g4-gen-Gen2_2026-c16f-4b00-7bd1-9d44.root
118	/home/xqian/toolkit-dev/wcp-porting-img/sbnd/sbnd_xin/xin-round3-samples/mc-cv/reco1/reco1-detsim-g4-gen-Gen2_2026-c186-ca95-ca47-493d.root
119	/home/xqian/toolkit-dev/wcp-porting-img/sbnd/sbnd_xin/xin-round3-samples/mc-cv/reco1/reco1-detsim-g4-gen-Gen2_2026-c3ab-57b3-93f9-11c5.root
120	/home/xqian/toolkit-dev/wcp-porting-img/sbnd/sbnd_xin/xin-round3-samples/mc-cv/reco1/reco1-detsim-g4-gen-Gen2_2026-c431-eb58-c5ec-5467.root
121	/home/xqian/toolkit-dev/wcp-porting-img/sbnd/sbnd_xin/xin-round3-samples/mc-cv/reco1/reco1-detsim-g4-gen-Gen2_2026-c498-33ea-8a6e-29b8.root
122	/home/xqian/toolkit-dev/wcp-porting-img/sbnd/sbnd_xin/xin-round3-samples/mc-cv/reco1/reco1-detsim-g4-gen-Gen2_2026-c4a4-3f59-d560-f3aa.root
123	/home/xqian/toolkit-dev/wcp-porting-img/sbnd/sbnd_xin/xin-round3-samples/mc-cv/reco1/reco1-detsim-g4-gen-Gen2_2026-c500-b93f-bfb4-7fec.root
124	/home/xqian/toolkit-dev/wcp-porting-img/sbnd/sbnd_xin/xin-round3-samples/mc-cv/reco1/reco1-detsim-g4-gen-Gen2_2026-c5d9-115e-523c-a5d6.root
125	/home/xqian/toolkit-dev/wcp-porting-img/sbnd/sbnd_xin/xin-round3-samples/mc-cv/reco1/reco1-detsim-g4-gen-Gen2_2026-c99d-2258-6669-b73c.root
126	/home/xqian/toolkit-dev/wcp-porting-img/sbnd/sbnd_xin/xin-round3-samples/mc-cv/reco1/reco1-detsim-g4-gen-Gen2_2026-ca59-ad0f-fd47-da9a.root
127	/home/xqian/toolkit-dev/wcp-porting-img/sbnd/sbnd_xin/xin-round3-samples/mc-cv/reco1/reco1-detsim-g4-gen-Gen2_2026-ca6b-d124-c7d5-466a.root
128	/home/xqian/toolkit-dev/wcp-porting-img/sbnd/sbnd_xin/xin-round3-samples/mc-cv/reco1/reco1-detsim-g4-gen-Gen2_2026-cad6-1105-c373-0d93.root
129	/home/xqian/toolkit-dev/wcp-porting-img/sbnd/sbnd_xin/xin-round3-samples/mc-cv/reco1/reco1-detsim-g4-gen-Gen2_2026-cfa1-93c5-b50d-24f1.root
130	/home/xqian/toolkit-dev/wcp-porting-img/sbnd/sbnd_xin/xin-round3-samples/mc-cv/reco1/reco1-detsim-g4-gen-Gen2_2026-cfec-743c-2faf-ac3e.root
131	/home/xqian/toolkit-dev/wcp-porting-img/sbnd/sbnd_xin/xin-round3-samples/mc-cv/reco1/reco1-detsim-g4-gen-Gen2_2026-d1db-c171-48f5-00ab.root
132	/home/xqian/toolkit-dev/wcp-porting-img/sbnd/sbnd_xin/xin-round3-samples/mc-cv/reco1/reco1-detsim-g4-gen-Gen2_2026-d36e-b56b-6f20-c914.root
133	/home/xqian/toolkit-dev/wcp-porting-img/sbnd/sbnd_xin/xin-round3-samples/mc-cv/reco1/reco1-detsim-g4-gen-Gen2_2026-d41a-e55f-d444-d785.root
134	/home/xqian/toolkit-dev/wcp-porting-img/sbnd/sbnd_xin/xin-round3-samples/mc-cv/reco1/reco1-detsim-g4-gen-Gen2_2026-d443-f19b-0af5-2180.root
135	/home/xqian/toolkit-dev/wcp-porting-img/sbnd/sbnd_xin/xin-round3-samples/mc-cv/reco1/reco1-detsim-g4-gen-Gen2_2026-d9af-f192-b7a8-eada.root
136	/home/xqian/toolkit-dev/wcp-porting-img/sbnd/sbnd_xin/xin-round3-samples/mc-cv/reco1/reco1-detsim-g4-gen-Gen2_2026-da2b-1341-e741-8c26.root
137	/home/xqian/toolkit-dev/wcp-porting-img/sbnd/sbnd_xin/xin-round3-samples/mc-cv/reco1/reco1-detsim-g4-gen-Gen2_2026-dabe-ea06-5c13-3290.root
138	/home/xqian/toolkit-dev/wcp-porting-img/sbnd/sbnd_xin/xin-round3-samples/mc-cv/reco1/reco1-detsim-g4-gen-Gen2_2026-dae5-2e84-d5f4-d1c7.root
139	/home/xqian/toolkit-dev/wcp-porting-img/sbnd/sbnd_xin/xin-round3-samples/mc-cv/reco1/reco1-detsim-g4-gen-Gen2_2026-dcb3-ca6c-2a43-8740.root
140	/home/xqian/toolkit-dev/wcp-porting-img/sbnd/sbnd_xin/xin-round3-samples/mc-cv/reco1/reco1-detsim-g4-gen-Gen2_2026-e34c-9562-e64f-ed76.root
141	/home/xqian/toolkit-dev/wcp-porting-img/sbnd/sbnd_xin/xin-round3-samples/mc-cv/reco1/reco1-detsim-g4-gen-Gen2_2026-e4dc-19ae-4837-9ff9.root
142	/home/xqian/toolkit-dev/wcp-porting-img/sbnd/sbnd_xin/xin-round3-samples/mc-cv/reco1/reco1-detsim-g4-gen-Gen2_2026-e5c4-13ad-408c-ca6a.root
143	/home/xqian/toolkit-dev/wcp-porting-img/sbnd/sbnd_xin/xin-round3-samples/mc-cv/reco1/reco1-detsim-g4-gen-Gen2_2026-e7d3-7fbf-3ff3-4600.root
144	/home/xqian/toolkit-dev/wcp-porting-img/sbnd/sbnd_xin/xin-round3-samples/mc-cv/reco1/reco1-detsim-g4-gen-Gen2_2026-eb7d-c4f7-8079-4a4b.root
145	/home/xqian/toolkit-dev/wcp-porting-img/sbnd/sbnd_xin/xin-round3-samples/mc-cv/reco1/reco1-detsim-g4-gen-Gen2_2026-ed13-a2fb-7df0-1ace.root
146	/home/xqian/toolkit-dev/wcp-porting-img/sbnd/sbnd_xin/xin-round3-samples/mc-cv/reco1/reco1-detsim-g4-gen-Gen2_2026-f2d4-4690-bcf7-1e83.root
147	/home/xqian/toolkit-dev/wcp-porting-img/sbnd/sbnd_xin/xin-round3-samples/mc-cv/reco1/reco1-detsim-g4-gen-Gen2_2026-f62c-e7fb-8427-11ac.root
148	/home/xqian/toolkit-dev/wcp-porting-img/sbnd/sbnd_xin/xin-round3-samples/mc-cv/reco1/reco1-detsim-g4-gen-Gen2_2026-f6b4-977a-e068-1d8c.root
149	/home/xqian/toolkit-dev/wcp-porting-img/sbnd/sbnd_xin/xin-round3-samples/mc-cv/reco1/reco1-detsim-g4-gen-Gen2_2026-f74b-c044-bd6a-65bb.root
150	/home/xqian/toolkit-dev/wcp-porting-img/sbnd/sbnd_xin/xin-round3-samples/mc-cv/reco1/reco1-detsim-g4-gen-Gen2_2026-f999-299e-d9d3-2c51.root
151	/home/xqian/toolkit-dev/wcp-porting-img/sbnd/sbnd_xin/xin-round3-samples/mc-cv/reco1/reco1-detsim-g4-gen-Gen2_2026-fa90-85c8-db4b-9606.root
152	/home/xqian/toolkit-dev/wcp-porting-img/sbnd/sbnd_xin/xin-round3-samples/mc-cv/reco1/reco1-detsim-g4-gen-Gen2_2026-fdc6-b35a-ccc5-7cd0.root
153	/home/xqian/toolkit-dev/wcp-porting-img/sbnd/sbnd_xin/xin-round3-samples/mc-cv/reco1/reco1-detsim-g4-gen-Gen2_2026-ffd5-7bc9-e6c9-9521.root
